Component: ARM Compiler 5.06 (build 20) Tool: armlink [4d35a3]

==============================================================================

Section Cross References

    main.o(i.TIM8_UP_TIM13_IRQHandler) refers to dflt_clz.o(x$fpl$dfltu) for __aeabi_ui2d
    main.o(i.TIM8_UP_TIM13_IRQHandler) refers to daddsub_clz.o(x$fpl$dsub) for __aeabi_dsub
    main.o(i.TIM8_UP_TIM13_IRQHandler) refers to ddiv_clz.o(x$fpl$ddiv) for __aeabi_ddiv
    main.o(i.TIM8_UP_TIM13_IRQHandler) refers to d2f_clz.o(x$fpl$d2f) for __aeabi_d2f
    main.o(i.TIM8_UP_TIM13_IRQHandler) refers to motor.o(i.Motor_1_ISR) for Motor_1_ISR
    main.o(i.TIM8_UP_TIM13_IRQHandler) refers to main.o(.data) for newencoder
    main.o(i.TIM8_UP_TIM13_IRQHandler) refers to main.o(.bss) for M1
    main.o(i.USART1_IRQHandler) refers to main.o(i.USART_IRQHandler) for USART_IRQHandler
    main.o(i.USART1_IRQHandler) refers to main.o(.data) for Rx1_Counter
    main.o(i.USART1_IRQHandler) refers to main.o(.bss) for USART1_Buffer_Rx
    main.o(i.decode) refers to main.o(i.USART_Write) for USART_Write
    main.o(i.decode) refers to main.o(.data) for Rx1_Counter
    main.o(i.main) refers to main.o(i.sysclk_Configure) for sysclk_Configure
    main.o(i.main) refers to motor.o(i.Motor_init) for Motor_init
    main.o(i.main) refers to adc_1.o(i.adc_1_gpio_init) for adc_1_gpio_init
    main.o(i.main) refers to adc_1.o(i.adc_1_config) for adc_1_config
    main.o(i.main) refers to tim_5.o(i.tim_5_gpio_init) for tim_5_gpio_init
    main.o(i.main) refers to tim_5.o(i.tim_5_config) for tim_5_config
    main.o(i.main) refers to tim_1.o(i.tim_1_gpio_init) for tim_1_gpio_init
    main.o(i.main) refers to tim_1.o(i.tim_1_config) for tim_1_config
    main.o(i.main) refers to main.o(i.gpio_Configure) for gpio_Configure
    main.o(i.main) refers to main.o(i.USART_Init) for USART_Init
    main.o(i.main) refers to motor.o(i.Motor_1_ISR) for Motor_1_ISR
    main.o(i.main) refers to main.o(.bss) for M1
    motor.o(i.Motor_1_ISR) refers to arm_fir_f32.o(.text) for arm_fir_f32
    motor.o(i.Motor_1_ISR) refers to motor.o(i.Motor_Calc_Speed) for Motor_Calc_Speed
    motor.o(i.Motor_1_ISR) refers to motor.o(i.Motor_Update_PID) for Motor_Update_PID
    motor.o(i.Motor_2_ISR) refers to motor.o(i.Motor_Calc_Speed) for Motor_Calc_Speed
    motor.o(i.Motor_2_ISR) refers to motor.o(i.Motor_Update_PID) for Motor_Update_PID
    motor.o(i.Motor_Update_PID) refers to motor.o(i.Motor_1_Change_DCYC) for Motor_1_Change_DCYC
    motor.o(i.Motor_init) refers to arm_fir_init_f32.o(.text) for arm_fir_init_f32
    motor.o(i.Motor_init) refers to motor.o(.data) for fcoef
    startup_stm32f407xx.o(STACK) refers (Special) to heapauxi.o(.text) for __use_two_region_memory
    startup_stm32f407xx.o(HEAP) refers (Special) to heapauxi.o(.text) for __use_two_region_memory
    startup_stm32f407xx.o(RESET) refers (Special) to heapauxi.o(.text) for __use_two_region_memory
    startup_stm32f407xx.o(RESET) refers to startup_stm32f407xx.o(STACK) for __initial_sp
    startup_stm32f407xx.o(RESET) refers to startup_stm32f407xx.o(.text) for Reset_Handler
    startup_stm32f407xx.o(RESET) refers to main.o(i.USART1_IRQHandler) for USART1_IRQHandler
    startup_stm32f407xx.o(RESET) refers to main.o(i.TIM8_UP_TIM13_IRQHandler) for TIM8_UP_TIM13_IRQHandler
    startup_stm32f407xx.o(.text) refers (Special) to heapauxi.o(.text) for __use_two_region_memory
    startup_stm32f407xx.o(.text) refers to system_stm32f4xx.o(i.SystemInit) for SystemInit
    startup_stm32f407xx.o(.text) refers to __main.o(!!!main) for __main
    startup_stm32f407xx.o(.text) refers to startup_stm32f407xx.o(HEAP) for Heap_Mem
    startup_stm32f407xx.o(.text) refers to startup_stm32f407xx.o(STACK) for Stack_Mem
    system_stm32f4xx.o(i.SystemCoreClockUpdate) refers to system_stm32f4xx.o(.data) for SystemCoreClock
    arm_fir_init_f32.o(.text) refers to rt_memclr_w.o(.text) for __aeabi_memclr4
    __main.o(!!!main) refers to __rtentry.o(.ARM.Collect$$rtentry$$00000000) for __rt_entry
    d2f_clz.o(x$fpl$d2f) refers (Special) to usenofp.o(x$fpl$usenofp) for __I$use$fp
    d2f_clz.o(x$fpl$d2f) refers to except.o(x$fpl$exception) for __fpl_exception
    d2f_clz.o(x$fpl$d2f) refers to fretinf.o(x$fpl$fretinf) for __fpl_fretinf
    d2f_clz.o(x$fpl$d2f) refers to dnaninf.o(x$fpl$dnaninf) for __fpl_dnaninf
    d2f_clz.o(x$fpl$d2f) refers to trapv.o(x$fpl$trapveneer) for _fp_trapveneer
    d2f_clz.o(x$fpl$d2f) refers to funder_clz.o(x$fpl$funder) for __funder
    daddsub_clz.o(x$fpl$dadd) refers (Special) to usenofp.o(x$fpl$usenofp) for __I$use$fp
    daddsub_clz.o(x$fpl$dadd) refers to daddsub_clz.o(x$fpl$dsub) for _dsub1
    daddsub_clz.o(x$fpl$dadd) refers to except.o(x$fpl$exception) for __fpl_exception
    daddsub_clz.o(x$fpl$dadd) refers to dnaninf.o(x$fpl$dnaninf) for __fpl_dnaninf
    daddsub_clz.o(x$fpl$drsb) refers (Special) to usenofp.o(x$fpl$usenofp) for __I$use$fp
    daddsub_clz.o(x$fpl$drsb) refers to daddsub_clz.o(x$fpl$dadd) for _dadd1
    daddsub_clz.o(x$fpl$drsb) refers to daddsub_clz.o(x$fpl$dsub) for _dsub1
    daddsub_clz.o(x$fpl$dsub) refers (Special) to usenofp.o(x$fpl$usenofp) for __I$use$fp
    daddsub_clz.o(x$fpl$dsub) refers to daddsub_clz.o(x$fpl$dadd) for _dadd1
    daddsub_clz.o(x$fpl$dsub) refers to except.o(x$fpl$exception) for __fpl_exception
    daddsub_clz.o(x$fpl$dsub) refers to dunder_clz.o(x$fpl$dunder) for __dunder
    daddsub_clz.o(x$fpl$dsub) refers to dnaninf.o(x$fpl$dnaninf) for __fpl_dnaninf
    ddiv_clz.o(x$fpl$drdiv) refers (Special) to usenofp.o(x$fpl$usenofp) for __I$use$fp
    ddiv_clz.o(x$fpl$drdiv) refers to ddiv_clz.o(x$fpl$ddiv) for ddiv_entry
    ddiv_clz.o(x$fpl$ddiv) refers (Special) to usenofp.o(x$fpl$usenofp) for __I$use$fp
    ddiv_clz.o(x$fpl$ddiv) refers to except.o(x$fpl$exception) for __fpl_exception
    ddiv_clz.o(x$fpl$ddiv) refers to dunder_clz.o(x$fpl$dunder) for __dunder
    ddiv_clz.o(x$fpl$ddiv) refers to drenorm_clz.o(x$fpl$drenorm) for __fpl_drenorm2
    ddiv_clz.o(x$fpl$ddiv) refers to dnaninf.o(x$fpl$dnaninf) for __fpl_dnaninf
    ddiv_clz.o(x$fpl$ddiv) refers to dretinf.o(x$fpl$dretinf) for __fpl_dretinf
    dflt_clz.o(x$fpl$dfltu) refers (Special) to usenofp.o(x$fpl$usenofp) for __I$use$fp
    dflt_clz.o(x$fpl$dflt) refers (Special) to usenofp.o(x$fpl$usenofp) for __I$use$fp
    dflt_clz.o(x$fpl$dfltn) refers (Special) to usenofp.o(x$fpl$usenofp) for __I$use$fp
    __rtentry.o(.ARM.Collect$$rtentry$$00000000) refers (Special) to __rtentry2.o(.ARM.Collect$$rtentry$$0000000A) for __rt_entry_li
    __rtentry.o(.ARM.Collect$$rtentry$$00000000) refers (Special) to __rtentry2.o(.ARM.Collect$$rtentry$$0000000D) for __rt_entry_main
    __rtentry.o(.ARM.Collect$$rtentry$$00000000) refers (Special) to __rtentry2.o(.ARM.Collect$$rtentry$$0000000C) for __rt_entry_postli_1
    __rtentry.o(.ARM.Collect$$rtentry$$00000000) refers (Special) to __rtentry2.o(.ARM.Collect$$rtentry$$00000009) for __rt_entry_postsh_1
    __rtentry.o(.ARM.Collect$$rtentry$$00000000) refers (Special) to __rtentry2.o(.ARM.Collect$$rtentry$$00000002) for __rt_entry_presh_1
    __rtentry.o(.ARM.Collect$$rtentry$$00000000) refers (Special) to __rtentry4.o(.ARM.Collect$$rtentry$$00000004) for __rt_entry_sh
    dnaninf.o(x$fpl$dnaninf) refers (Special) to usenofp.o(x$fpl$usenofp) for __I$use$fp
    dnaninf.o(x$fpl$dnaninf) refers to except.o(x$fpl$exception) for __fpl_exception
    dnaninf.o(x$fpl$dnaninf) refers to dunder_clz.o(x$fpl$dunder) for __dunder_d
    drenorm_clz.o(x$fpl$drenorm) refers (Special) to usenofp.o(x$fpl$usenofp) for __I$use$fp
    dretinf.o(x$fpl$dretinf) refers (Special) to usenofp.o(x$fpl$usenofp) for __I$use$fp
    dunder_clz.o(x$fpl$dunder) refers (Special) to usenofp.o(x$fpl$usenofp) for __I$use$fp
    dunder_clz.o(x$fpl$dunder) refers to except.o(x$fpl$exception) for __fpl_exception
    dunder_clz.o(x$fpl$dunder) refers to drenorm_clz.o(x$fpl$drenorm) for __fpl_drenorm1
    dunder_clz.o(x$fpl$dunder) refers to trapv.o(x$fpl$trapveneer) for _fp_trapveneer
    except.o(x$fpl$exception) refers (Special) to usenofp.o(x$fpl$usenofp) for __I$use$fp
    except.o(x$fpl$exception) refers to trapv.o(x$fpl$trapveneer) for _fp_trapveneer
    except.o(x$fpl$exception) refers to retnan.o(x$fpl$retnan) for __fpl_return_NaN
    fretinf.o(x$fpl$fretinf) refers (Special) to usenofp.o(x$fpl$usenofp) for __I$use$fp
    funder_clz.o(x$fpl$funder) refers (Special) to usenofp.o(x$fpl$usenofp) for __I$use$fp
    funder_clz.o(x$fpl$funder) refers to except.o(x$fpl$exception) for __fpl_exception
    funder_clz.o(x$fpl$funder) refers to trapv.o(x$fpl$trapveneer) for _fp_trapveneer
    trapv.o(x$fpl$trapveneer) refers (Special) to usenofp.o(x$fpl$usenofp) for __I$use$fp
    trapv.o(x$fpl$trapveneer) refers to _fptrap.o(.text) for _fp_trap
    __rtentry2.o(.ARM.Collect$$rtentry$$00000008) refers to boardinit2.o(.text) for _platform_post_stackheap_init
    __rtentry2.o(.ARM.Collect$$rtentry$$0000000A) refers to libinit.o(.ARM.Collect$$libinit$$00000000) for __rt_lib_init
    __rtentry2.o(.ARM.Collect$$rtentry$$0000000B) refers to boardinit3.o(.text) for _platform_post_lib_init
    __rtentry2.o(.ARM.Collect$$rtentry$$0000000D) refers to main.o(i.main) for main
    __rtentry2.o(.ARM.Collect$$rtentry$$0000000D) refers to exit.o(.text) for exit
    __rtentry2.o(.ARM.exidx) refers to __rtentry2.o(.ARM.Collect$$rtentry$$00000001) for .ARM.Collect$$rtentry$$00000001
    __rtentry2.o(.ARM.exidx) refers to __rtentry2.o(.ARM.Collect$$rtentry$$00000008) for .ARM.Collect$$rtentry$$00000008
    __rtentry2.o(.ARM.exidx) refers to __rtentry2.o(.ARM.Collect$$rtentry$$0000000A) for .ARM.Collect$$rtentry$$0000000A
    __rtentry2.o(.ARM.exidx) refers to __rtentry2.o(.ARM.Collect$$rtentry$$0000000B) for .ARM.Collect$$rtentry$$0000000B
    __rtentry2.o(.ARM.exidx) refers to __rtentry2.o(.ARM.Collect$$rtentry$$0000000D) for .ARM.Collect$$rtentry$$0000000D
    __rtentry4.o(.ARM.Collect$$rtentry$$00000004) refers to sys_stackheap_outer.o(.text) for __user_setup_stackheap
    __rtentry4.o(.ARM.exidx) refers to __rtentry4.o(.ARM.Collect$$rtentry$$00000004) for .ARM.Collect$$rtentry$$00000004
    _fptrap.o(.text) refers to defsig_fpe_outer.o(.text) for __rt_SIGFPE
    retnan.o(x$fpl$retnan) refers (Special) to usenofp.o(x$fpl$usenofp) for __I$use$fp
    retnan.o(x$fpl$retnan) refers to trapv.o(x$fpl$trapveneer) for __fpl_cmpreturn
    sys_stackheap_outer.o(.text) refers to libspace.o(.text) for __user_perproc_libspace
    sys_stackheap_outer.o(.text) refers to startup_stm32f407xx.o(.text) for __user_initial_stackheap
    exit.o(.text) refers to rtexit.o(.ARM.Collect$$rtexit$$00000000) for __rt_exit
    defsig_fpe_outer.o(.text) refers to defsig_fpe_inner.o(.text) for __rt_SIGFPE_inner
    defsig_fpe_outer.o(.text) refers to defsig_exit.o(.text) for __sig_exit
    defsig_fpe_formal.o(.text) refers to rt_raise.o(.text) for __rt_raise
    libinit.o(.ARM.Collect$$libinit$$00000000) refers (Special) to libinit2.o(.ARM.Collect$$libinit$$0000002E) for __rt_lib_init_alloca_1
    libinit.o(.ARM.Collect$$libinit$$00000000) refers (Special) to libinit2.o(.ARM.Collect$$libinit$$0000002C) for __rt_lib_init_argv_1
    libinit.o(.ARM.Collect$$libinit$$00000000) refers (Special) to libinit2.o(.ARM.Collect$$libinit$$0000001B) for __rt_lib_init_atexit_1
    libinit.o(.ARM.Collect$$libinit$$00000000) refers (Special) to libinit2.o(.ARM.Collect$$libinit$$00000021) for __rt_lib_init_clock_1
    libinit.o(.ARM.Collect$$libinit$$00000000) refers (Special) to libinit2.o(.ARM.Collect$$libinit$$00000032) for __rt_lib_init_cpp_1
    libinit.o(.ARM.Collect$$libinit$$00000000) refers (Special) to libinit2.o(.ARM.Collect$$libinit$$00000030) for __rt_lib_init_exceptions_1
    libinit.o(.ARM.Collect$$libinit$$00000000) refers (Special) to libinit2.o(.ARM.Collect$$libinit$$00000001) for __rt_lib_init_fp_1
    libinit.o(.ARM.Collect$$libinit$$00000000) refers (Special) to libinit2.o(.ARM.Collect$$libinit$$0000001F) for __rt_lib_init_fp_trap_1
    libinit.o(.ARM.Collect$$libinit$$00000000) refers (Special) to libinit2.o(.ARM.Collect$$libinit$$00000023) for __rt_lib_init_getenv_1
    libinit.o(.ARM.Collect$$libinit$$00000000) refers (Special) to libinit2.o(.ARM.Collect$$libinit$$0000000A) for __rt_lib_init_heap_1
    libinit.o(.ARM.Collect$$libinit$$00000000) refers (Special) to libinit2.o(.ARM.Collect$$libinit$$00000011) for __rt_lib_init_lc_collate_1
    libinit.o(.ARM.Collect$$libinit$$00000000) refers (Special) to libinit2.o(.ARM.Collect$$libinit$$00000013) for __rt_lib_init_lc_ctype_1
    libinit.o(.ARM.Collect$$libinit$$00000000) refers (Special) to libinit2.o(.ARM.Collect$$libinit$$00000015) for __rt_lib_init_lc_monetary_1
    libinit.o(.ARM.Collect$$libinit$$00000000) refers (Special) to libinit2.o(.ARM.Collect$$libinit$$00000017) for __rt_lib_init_lc_numeric_1
    libinit.o(.ARM.Collect$$libinit$$00000000) refers (Special) to libinit2.o(.ARM.Collect$$libinit$$00000019) for __rt_lib_init_lc_time_1
    libinit.o(.ARM.Collect$$libinit$$00000000) refers (Special) to libinit2.o(.ARM.Collect$$libinit$$00000004) for __rt_lib_init_preinit_1
    libinit.o(.ARM.Collect$$libinit$$00000000) refers (Special) to libinit2.o(.ARM.Collect$$libinit$$0000000E) for __rt_lib_init_rand_1
    libinit.o(.ARM.Collect$$libinit$$00000000) refers (Special) to libinit2.o(.ARM.Collect$$libinit$$00000033) for __rt_lib_init_return
    libinit.o(.ARM.Collect$$libinit$$00000000) refers (Special) to libinit2.o(.ARM.Collect$$libinit$$0000001D) for __rt_lib_init_signal_1
    libinit.o(.ARM.Collect$$libinit$$00000000) refers (Special) to libinit2.o(.ARM.Collect$$libinit$$00000025) for __rt_lib_init_stdio_1
    libinit.o(.ARM.Collect$$libinit$$00000000) refers (Special) to libinit2.o(.ARM.Collect$$libinit$$0000000C) for __rt_lib_init_user_alloc_1
    libspace.o(.text) refers to libspace.o(.bss) for __libspace_start
    rtexit.o(.ARM.Collect$$rtexit$$00000000) refers (Special) to rtexit2.o(.ARM.Collect$$rtexit$$00000004) for __rt_exit_exit
    rtexit.o(.ARM.Collect$$rtexit$$00000000) refers (Special) to rtexit2.o(.ARM.Collect$$rtexit$$00000003) for __rt_exit_ls
    rtexit.o(.ARM.Collect$$rtexit$$00000000) refers (Special) to rtexit2.o(.ARM.Collect$$rtexit$$00000002) for __rt_exit_prels_1
    rtexit.o(.ARM.exidx) refers (Special) to rtexit2.o(.ARM.Collect$$rtexit$$00000004) for __rt_exit_exit
    rtexit.o(.ARM.exidx) refers (Special) to rtexit2.o(.ARM.Collect$$rtexit$$00000003) for __rt_exit_ls
    rtexit.o(.ARM.exidx) refers (Special) to rtexit2.o(.ARM.Collect$$rtexit$$00000002) for __rt_exit_prels_1
    rtexit.o(.ARM.exidx) refers to rtexit.o(.ARM.Collect$$rtexit$$00000000) for .ARM.Collect$$rtexit$$00000000
    rt_raise.o(.text) refers to __raise.o(.text) for __raise
    rt_raise.o(.text) refers to sys_exit.o(.text) for _sys_exit
    defsig_exit.o(.text) refers to sys_exit.o(.text) for _sys_exit
    defsig_fpe_inner.o(.text) refers to defsig_general.o(.text) for __default_signal_display
    libinit2.o(.ARM.Collect$$libinit$$00000001) refers to fpinit.o(x$fpl$fpinit) for _fp_init
    libinit2.o(.ARM.Collect$$libinit$$00000010) refers to libinit2.o(.ARM.Collect$$libinit$$0000000F) for .ARM.Collect$$libinit$$0000000F
    libinit2.o(.ARM.Collect$$libinit$$00000012) refers to libinit2.o(.ARM.Collect$$libinit$$0000000F) for .ARM.Collect$$libinit$$0000000F
    libinit2.o(.ARM.Collect$$libinit$$00000014) refers to libinit2.o(.ARM.Collect$$libinit$$0000000F) for .ARM.Collect$$libinit$$0000000F
    libinit2.o(.ARM.Collect$$libinit$$00000016) refers to libinit2.o(.ARM.Collect$$libinit$$0000000F) for .ARM.Collect$$libinit$$0000000F
    libinit2.o(.ARM.Collect$$libinit$$00000018) refers to libinit2.o(.ARM.Collect$$libinit$$0000000F) for .ARM.Collect$$libinit$$0000000F
    libinit2.o(.ARM.Collect$$libinit$$00000026) refers to argv_veneer.o(.emb_text) for __ARM_argv_veneer
    libinit2.o(.ARM.Collect$$libinit$$00000027) refers to argv_veneer.o(.emb_text) for __ARM_argv_veneer
    sys_exit.o(.text) refers (Special) to use_no_semi.o(.text) for __I$use$semihosting
    sys_exit.o(.text) refers (Special) to indicate_semi.o(.text) for __semihosting_library_function
    rtexit2.o(.ARM.Collect$$rtexit$$00000003) refers to libshutdown.o(.ARM.Collect$$libshutdown$$00000000) for __rt_lib_shutdown
    rtexit2.o(.ARM.Collect$$rtexit$$00000004) refers to sys_exit.o(.text) for _sys_exit
    rtexit2.o(.ARM.exidx) refers to rtexit2.o(.ARM.Collect$$rtexit$$00000001) for .ARM.Collect$$rtexit$$00000001
    rtexit2.o(.ARM.exidx) refers to rtexit2.o(.ARM.Collect$$rtexit$$00000003) for .ARM.Collect$$rtexit$$00000003
    rtexit2.o(.ARM.exidx) refers to rtexit2.o(.ARM.Collect$$rtexit$$00000004) for .ARM.Collect$$rtexit$$00000004
    __raise.o(.text) refers to defsig.o(CL$$defsig) for __default_signal_handler
    defsig_general.o(.text) refers to sys_wrch.o(.text) for _ttywrch
    argv_veneer.o(.emb_text) refers to no_argv.o(.text) for __ARM_get_argv
    sys_wrch.o(.text) refers (Special) to use_no_semi.o(.text) for __I$use$semihosting
    sys_wrch.o(.text) refers (Special) to indicate_semi.o(.text) for __semihosting_library_function
    defsig.o(CL$$defsig) refers to defsig_fpe_inner.o(.text) for __rt_SIGFPE_inner
    defsig.o(CL$$defsig) refers to defsig_rtmem_inner.o(.text) for __rt_SIGRTMEM_inner
    _get_argv_nomalloc.o(.text) refers (Special) to hrguard.o(.text) for __heap_region$guard
    _get_argv_nomalloc.o(.text) refers to defsig_rtmem_outer.o(.text) for __rt_SIGRTMEM
    _get_argv_nomalloc.o(.text) refers to sys_command.o(.text) for _sys_command_string
    libshutdown.o(.ARM.Collect$$libshutdown$$00000000) refers (Special) to libshutdown2.o(.ARM.Collect$$libshutdown$$00000002) for __rt_lib_shutdown_cpp_1
    libshutdown.o(.ARM.Collect$$libshutdown$$00000000) refers (Special) to libshutdown2.o(.ARM.Collect$$libshutdown$$00000007) for __rt_lib_shutdown_fp_trap_1
    libshutdown.o(.ARM.Collect$$libshutdown$$00000000) refers (Special) to libshutdown2.o(.ARM.Collect$$libshutdown$$0000000F) for __rt_lib_shutdown_heap_1
    libshutdown.o(.ARM.Collect$$libshutdown$$00000000) refers (Special) to libshutdown2.o(.ARM.Collect$$libshutdown$$00000010) for __rt_lib_shutdown_return
    libshutdown.o(.ARM.Collect$$libshutdown$$00000000) refers (Special) to libshutdown2.o(.ARM.Collect$$libshutdown$$0000000A) for __rt_lib_shutdown_signal_1
    libshutdown.o(.ARM.Collect$$libshutdown$$00000000) refers (Special) to libshutdown2.o(.ARM.Collect$$libshutdown$$00000004) for __rt_lib_shutdown_stdio_1
    libshutdown.o(.ARM.Collect$$libshutdown$$00000000) refers (Special) to libshutdown2.o(.ARM.Collect$$libshutdown$$0000000C) for __rt_lib_shutdown_user_alloc_1
    sys_command.o(.text) refers (Special) to use_no_semi.o(.text) for __I$use$semihosting
    sys_command.o(.text) refers (Special) to indicate_semi.o(.text) for __semihosting_library_function
    defsig_abrt_inner.o(.text) refers to defsig_general.o(.text) for __default_signal_display
    defsig_rtred_inner.o(.text) refers to defsig_general.o(.text) for __default_signal_display
    defsig_rtmem_inner.o(.text) refers to defsig_general.o(.text) for __default_signal_display
    defsig_rtmem_outer.o(.text) refers to defsig_rtmem_inner.o(.text) for __rt_SIGRTMEM_inner
    defsig_rtmem_outer.o(.text) refers to defsig_exit.o(.text) for __sig_exit
    defsig_rtmem_formal.o(.text) refers to rt_raise.o(.text) for __rt_raise
    defsig_stak_inner.o(.text) refers to defsig_general.o(.text) for __default_signal_display
    defsig_pvfn_inner.o(.text) refers to defsig_general.o(.text) for __default_signal_display
    defsig_cppl_inner.o(.text) refers to defsig_general.o(.text) for __default_signal_display
    defsig_segv_inner.o(.text) refers to defsig_general.o(.text) for __default_signal_display
    defsig_other.o(.text) refers to defsig_general.o(.text) for __default_signal_display


==============================================================================

Removing Unused input sections from the image.

    Removing main.o(.rev16_text), (4 bytes).
    Removing main.o(.revsh_text), (4 bytes).
    Removing main.o(.rrx_text), (6 bytes).
    Removing main.o(i.USART_Write), (52 bytes).
    Removing main.o(i.dac_Configure), (84 bytes).
    Removing main.o(i.decode), (56 bytes).
    Removing tim_5.o(.rev16_text), (4 bytes).
    Removing tim_5.o(.revsh_text), (4 bytes).
    Removing tim_5.o(.rrx_text), (6 bytes).
    Removing tim_9.o(.rev16_text), (4 bytes).
    Removing tim_9.o(.revsh_text), (4 bytes).
    Removing tim_9.o(.rrx_text), (6 bytes).
    Removing tim_9.o(i.tim_9_config), (152 bytes).
    Removing tim_9.o(i.tim_9_gpio_init), (224 bytes).
    Removing tim_12.o(.rev16_text), (4 bytes).
    Removing tim_12.o(.revsh_text), (4 bytes).
    Removing tim_12.o(.rrx_text), (6 bytes).
    Removing tim_12.o(i.tim_12_config), (188 bytes).
    Removing tim_12.o(i.tim_12_gpio_init), (268 bytes).
    Removing tim_10.o(.rev16_text), (4 bytes).
    Removing tim_10.o(.revsh_text), (4 bytes).
    Removing tim_10.o(.rrx_text), (6 bytes).
    Removing tim_10.o(i.tim_10_config), (192 bytes).
    Removing tim_13.o(.rev16_text), (4 bytes).
    Removing tim_13.o(.revsh_text), (4 bytes).
    Removing tim_13.o(.rrx_text), (6 bytes).
    Removing tim_13.o(i.tim_13_config), (188 bytes).
    Removing tim_1.o(.rev16_text), (4 bytes).
    Removing tim_1.o(.revsh_text), (4 bytes).
    Removing tim_1.o(.rrx_text), (6 bytes).
    Removing adc_1.o(.rev16_text), (4 bytes).
    Removing adc_1.o(.revsh_text), (4 bytes).
    Removing adc_1.o(.rrx_text), (6 bytes).
    Removing adc_2.o(.rev16_text), (4 bytes).
    Removing adc_2.o(.revsh_text), (4 bytes).
    Removing adc_2.o(.rrx_text), (6 bytes).
    Removing adc_2.o(i.adc_2_config), (112 bytes).
    Removing adc_2.o(i.adc_2_gpio_init), (64 bytes).
    Removing adc_3.o(.rev16_text), (4 bytes).
    Removing adc_3.o(.revsh_text), (4 bytes).
    Removing adc_3.o(.rrx_text), (6 bytes).
    Removing adc_3.o(i.adc_3_config), (112 bytes).
    Removing adc_3.o(i.adc_3_gpio_init), (52 bytes).
    Removing motor.o(.rev16_text), (4 bytes).
    Removing motor.o(.revsh_text), (4 bytes).
    Removing motor.o(.rrx_text), (6 bytes).
    Removing motor.o(i.Motor_2_ISR), (296 bytes).
    Removing system_stm32f4xx.o(.rev16_text), (4 bytes).
    Removing system_stm32f4xx.o(.revsh_text), (4 bytes).
    Removing system_stm32f4xx.o(.rrx_text), (6 bytes).
    Removing system_stm32f4xx.o(i.SystemCoreClockUpdate), (192 bytes).
    Removing system_stm32f4xx.o(.data), (20 bytes).
    Removing arm_fir_f32.o(.rev16_text), (4 bytes).
    Removing arm_fir_f32.o(.revsh_text), (4 bytes).
    Removing arm_fir_f32.o(.rrx_text), (6 bytes).
    Removing arm_fir_init_f32.o(.rev16_text), (4 bytes).
    Removing arm_fir_init_f32.o(.revsh_text), (4 bytes).
    Removing arm_fir_init_f32.o(.rrx_text), (6 bytes).

58 unused section(s) (total 2448 bytes) removed from the image.

==============================================================================

Image Symbol Table

    Local Symbols

    Symbol Name                              Value     Ov Type        Size  Object(Section)

    ../clib/angel/boardlib.s                 0x00000000   Number         0  boardinit3.o ABSOLUTE
    ../clib/angel/boardlib.s                 0x00000000   Number         0  boardinit1.o ABSOLUTE
    ../clib/angel/boardlib.s                 0x00000000   Number         0  boardshut.o ABSOLUTE
    ../clib/angel/boardlib.s                 0x00000000   Number         0  boardinit2.o ABSOLUTE
    ../clib/angel/dclz77c.s                  0x00000000   Number         0  __dclz77c.o ABSOLUTE
    ../clib/angel/handlers.s                 0x00000000   Number         0  __scatter_zi.o ABSOLUTE
    ../clib/angel/kernel.s                   0x00000000   Number         0  __rtentry4.o ABSOLUTE
    ../clib/angel/kernel.s                   0x00000000   Number         0  __rtentry2.o ABSOLUTE
    ../clib/angel/kernel.s                   0x00000000   Number         0  rtexit.o ABSOLUTE
    ../clib/angel/kernel.s                   0x00000000   Number         0  __rtentry.o ABSOLUTE
    ../clib/angel/kernel.s                   0x00000000   Number         0  rtexit2.o ABSOLUTE
    ../clib/angel/rt.s                       0x00000000   Number         0  rt_raise.o ABSOLUTE
    ../clib/angel/scatter.s                  0x00000000   Number         0  __scatter.o ABSOLUTE
    ../clib/angel/startup.s                  0x00000000   Number         0  __main.o ABSOLUTE
    ../clib/angel/sys.s                      0x00000000   Number         0  sys_stackheap_outer.o ABSOLUTE
    ../clib/angel/sys.s                      0x00000000   Number         0  libspace.o ABSOLUTE
    ../clib/angel/sys.s                      0x00000000   Number         0  use_no_semi.o ABSOLUTE
    ../clib/angel/sys.s                      0x00000000   Number         0  indicate_semi.o ABSOLUTE
    ../clib/angel/sysapp.c                   0x00000000   Number         0  sys_command.o ABSOLUTE
    ../clib/angel/sysapp.c                   0x00000000   Number         0  sys_exit.o ABSOLUTE
    ../clib/angel/sysapp.c                   0x00000000   Number         0  sys_wrch.o ABSOLUTE
    ../clib/armsys.c                         0x00000000   Number         0  _get_argv_nomalloc.o ABSOLUTE
    ../clib/armsys.c                         0x00000000   Number         0  no_argv.o ABSOLUTE
    ../clib/armsys.c                         0x00000000   Number         0  argv_veneer.o ABSOLUTE
    ../clib/armsys.c                         0x00000000   Number         0  argv_veneer.o ABSOLUTE
    ../clib/fenv.c                           0x00000000   Number         0  _fptrap.o ABSOLUTE
    ../clib/heapalloc.c                      0x00000000   Number         0  hrguard.o ABSOLUTE
    ../clib/heapaux.c                        0x00000000   Number         0  heapauxi.o ABSOLUTE
    ../clib/libinit.s                        0x00000000   Number         0  libshutdown.o ABSOLUTE
    ../clib/libinit.s                        0x00000000   Number         0  libshutdown2.o ABSOLUTE
    ../clib/libinit.s                        0x00000000   Number         0  libinit.o ABSOLUTE
    ../clib/libinit.s                        0x00000000   Number         0  libinit2.o ABSOLUTE
    ../clib/memcpset.s                       0x00000000   Number         0  rt_memclr_w.o ABSOLUTE
    ../clib/signal.c                         0x00000000   Number         0  defsig_rtmem_outer.o ABSOLUTE
    ../clib/signal.c                         0x00000000   Number         0  defsig_fpe_formal.o ABSOLUTE
    ../clib/signal.c                         0x00000000   Number         0  defsig_rtred_inner.o ABSOLUTE
    ../clib/signal.c                         0x00000000   Number         0  defsig_fpe_outer.o ABSOLUTE
    ../clib/signal.c                         0x00000000   Number         0  defsig_abrt_inner.o ABSOLUTE
    ../clib/signal.c                         0x00000000   Number         0  defsig_exit.o ABSOLUTE
    ../clib/signal.c                         0x00000000   Number         0  defsig_general.o ABSOLUTE
    ../clib/signal.c                         0x00000000   Number         0  __raise.o ABSOLUTE
    ../clib/signal.c                         0x00000000   Number         0  defsig_fpe_inner.o ABSOLUTE
    ../clib/signal.c                         0x00000000   Number         0  defsig_rtmem_inner.o ABSOLUTE
    ../clib/signal.c                         0x00000000   Number         0  defsig_other.o ABSOLUTE
    ../clib/signal.c                         0x00000000   Number         0  defsig_segv_inner.o ABSOLUTE
    ../clib/signal.c                         0x00000000   Number         0  defsig_cppl_inner.o ABSOLUTE
    ../clib/signal.c                         0x00000000   Number         0  defsig_pvfn_inner.o ABSOLUTE
    ../clib/signal.c                         0x00000000   Number         0  defsig_stak_inner.o ABSOLUTE
    ../clib/signal.c                         0x00000000   Number         0  defsig_rtmem_formal.o ABSOLUTE
    ../clib/signal.s                         0x00000000   Number         0  defsig.o ABSOLUTE
    ../clib/stdlib.c                         0x00000000   Number         0  exit.o ABSOLUTE
    ../fplib/d2f.s                           0x00000000   Number         0  d2f_clz.o ABSOLUTE
    ../fplib/daddsub.s                       0x00000000   Number         0  daddsub_clz.o ABSOLUTE
    ../fplib/ddiv.s                          0x00000000   Number         0  ddiv_clz.o ABSOLUTE
    ../fplib/dflt.s                          0x00000000   Number         0  dflt_clz.o ABSOLUTE
    ../fplib/dnaninf.s                       0x00000000   Number         0  dnaninf.o ABSOLUTE
    ../fplib/drenorm.s                       0x00000000   Number         0  drenorm_clz.o ABSOLUTE
    ../fplib/dretinf.s                       0x00000000   Number         0  dretinf.o ABSOLUTE
    ../fplib/dunder.s                        0x00000000   Number         0  dunder_clz.o ABSOLUTE
    ../fplib/except.s                        0x00000000   Number         0  except.o ABSOLUTE
    ../fplib/fpinit.s                        0x00000000   Number         0  fpinit.o ABSOLUTE
    ../fplib/fretinf.s                       0x00000000   Number         0  fretinf.o ABSOLUTE
    ../fplib/funder.s                        0x00000000   Number         0  funder_clz.o ABSOLUTE
    ../fplib/retnan.s                        0x00000000   Number         0  retnan.o ABSOLUTE
    ../fplib/trapv.s                         0x00000000   Number         0  trapv.o ABSOLUTE
    ../fplib/usenofp.s                       0x00000000   Number         0  usenofp.o ABSOLUTE
    ..\FilteringFunctions\arm_fir_f32.c      0x00000000   Number         0  arm_fir_f32.o ABSOLUTE
    ..\FilteringFunctions\arm_fir_init_f32.c 0x00000000   Number         0  arm_fir_init_f32.o ABSOLUTE
    ..\\FilteringFunctions\\arm_fir_f32.c    0x00000000   Number         0  arm_fir_f32.o ABSOLUTE
    ..\\FilteringFunctions\\arm_fir_init_f32.c 0x00000000   Number         0  arm_fir_init_f32.o ABSOLUTE
    Motor.c                                  0x00000000   Number         0  motor.o ABSOLUTE
    Motor.c                                  0x00000000   Number         0  motor.o ABSOLUTE
    RTE\Device\STM32F407VGTx\startup_stm32f407xx.s 0x00000000   Number         0  startup_stm32f407xx.o ABSOLUTE
    RTE\Device\STM32F407VGTx\system_stm32f4xx.c 0x00000000   Number         0  system_stm32f4xx.o ABSOLUTE
    RTE\\Device\\STM32F407VGTx\\system_stm32f4xx.c 0x00000000   Number         0  system_stm32f4xx.o ABSOLUTE
    adc_1.c                                  0x00000000   Number         0  adc_1.o ABSOLUTE
    adc_1.c                                  0x00000000   Number         0  adc_1.o ABSOLUTE
    adc_2.c                                  0x00000000   Number         0  adc_2.o ABSOLUTE
    adc_2.c                                  0x00000000   Number         0  adc_2.o ABSOLUTE
    adc_3.c                                  0x00000000   Number         0  adc_3.o ABSOLUTE
    adc_3.c                                  0x00000000   Number         0  adc_3.o ABSOLUTE
    dc.s                                     0x00000000   Number         0  dc.o ABSOLUTE
    main.c                                   0x00000000   Number         0  main.o ABSOLUTE
    main.c                                   0x00000000   Number         0  main.o ABSOLUTE
    tim_1.c                                  0x00000000   Number         0  tim_1.o ABSOLUTE
    tim_1.c                                  0x00000000   Number         0  tim_1.o ABSOLUTE
    tim_10.c                                 0x00000000   Number         0  tim_10.o ABSOLUTE
    tim_10.c                                 0x00000000   Number         0  tim_10.o ABSOLUTE
    tim_12.c                                 0x00000000   Number         0  tim_12.o ABSOLUTE
    tim_12.c                                 0x00000000   Number         0  tim_12.o ABSOLUTE
    tim_13.c                                 0x00000000   Number         0  tim_13.o ABSOLUTE
    tim_13.c                                 0x00000000   Number         0  tim_13.o ABSOLUTE
    tim_5.c                                  0x00000000   Number         0  tim_5.o ABSOLUTE
    tim_5.c                                  0x00000000   Number         0  tim_5.o ABSOLUTE
    tim_9.c                                  0x00000000   Number         0  tim_9.o ABSOLUTE
    tim_9.c                                  0x00000000   Number         0  tim_9.o ABSOLUTE
    RESET                                    0x08000000   Section      392  startup_stm32f407xx.o(RESET)
    !!!main                                  0x08000188   Section        8  __main.o(!!!main)
    !!!scatter                               0x08000190   Section       52  __scatter.o(!!!scatter)
    !!dclz77c                                0x080001c4   Section      100  __dclz77c.o(!!dclz77c)
    !!handler_zi                             0x08000228   Section       28  __scatter_zi.o(!!handler_zi)
    .ARM.Collect$$libinit$$00000000          0x08000244   Section        2  libinit.o(.ARM.Collect$$libinit$$00000000)
    .ARM.Collect$$libinit$$00000001          0x08000246   Section        4  libinit2.o(.ARM.Collect$$libinit$$00000001)
    .ARM.Collect$$libinit$$00000004          0x0800024a   Section        0  libinit2.o(.ARM.Collect$$libinit$$00000004)
    .ARM.Collect$$libinit$$0000000A          0x0800024a   Section        0  libinit2.o(.ARM.Collect$$libinit$$0000000A)
    .ARM.Collect$$libinit$$0000000C          0x0800024a   Section        0  libinit2.o(.ARM.Collect$$libinit$$0000000C)
    .ARM.Collect$$libinit$$0000000E          0x0800024a   Section        0  libinit2.o(.ARM.Collect$$libinit$$0000000E)
    .ARM.Collect$$libinit$$00000011          0x0800024a   Section        0  libinit2.o(.ARM.Collect$$libinit$$00000011)
    .ARM.Collect$$libinit$$00000013          0x0800024a   Section        0  libinit2.o(.ARM.Collect$$libinit$$00000013)
    .ARM.Collect$$libinit$$00000015          0x0800024a   Section        0  libinit2.o(.ARM.Collect$$libinit$$00000015)
    .ARM.Collect$$libinit$$00000017          0x0800024a   Section        0  libinit2.o(.ARM.Collect$$libinit$$00000017)
    .ARM.Collect$$libinit$$00000019          0x0800024a   Section        0  libinit2.o(.ARM.Collect$$libinit$$00000019)
    .ARM.Collect$$libinit$$0000001B          0x0800024a   Section        0  libinit2.o(.ARM.Collect$$libinit$$0000001B)
    .ARM.Collect$$libinit$$0000001D          0x0800024a   Section        0  libinit2.o(.ARM.Collect$$libinit$$0000001D)
    .ARM.Collect$$libinit$$0000001F          0x0800024a   Section        0  libinit2.o(.ARM.Collect$$libinit$$0000001F)
    .ARM.Collect$$libinit$$00000021          0x0800024a   Section        0  libinit2.o(.ARM.Collect$$libinit$$00000021)
    .ARM.Collect$$libinit$$00000023          0x0800024a   Section        0  libinit2.o(.ARM.Collect$$libinit$$00000023)
    .ARM.Collect$$libinit$$00000025          0x0800024a   Section        0  libinit2.o(.ARM.Collect$$libinit$$00000025)
    .ARM.Collect$$libinit$$0000002C          0x0800024a   Section        0  libinit2.o(.ARM.Collect$$libinit$$0000002C)
    .ARM.Collect$$libinit$$0000002E          0x0800024a   Section        0  libinit2.o(.ARM.Collect$$libinit$$0000002E)
    .ARM.Collect$$libinit$$00000030          0x0800024a   Section        0  libinit2.o(.ARM.Collect$$libinit$$00000030)
    .ARM.Collect$$libinit$$00000032          0x0800024a   Section        0  libinit2.o(.ARM.Collect$$libinit$$00000032)
    .ARM.Collect$$libinit$$00000033          0x0800024a   Section        2  libinit2.o(.ARM.Collect$$libinit$$00000033)
    .ARM.Collect$$libshutdown$$00000000      0x0800024c   Section        2  libshutdown.o(.ARM.Collect$$libshutdown$$00000000)
    .ARM.Collect$$libshutdown$$00000002      0x0800024e   Section        0  libshutdown2.o(.ARM.Collect$$libshutdown$$00000002)
    .ARM.Collect$$libshutdown$$00000004      0x0800024e   Section        0  libshutdown2.o(.ARM.Collect$$libshutdown$$00000004)
    .ARM.Collect$$libshutdown$$00000007      0x0800024e   Section        0  libshutdown2.o(.ARM.Collect$$libshutdown$$00000007)
    .ARM.Collect$$libshutdown$$0000000A      0x0800024e   Section        0  libshutdown2.o(.ARM.Collect$$libshutdown$$0000000A)
    .ARM.Collect$$libshutdown$$0000000C      0x0800024e   Section        0  libshutdown2.o(.ARM.Collect$$libshutdown$$0000000C)
    .ARM.Collect$$libshutdown$$0000000F      0x0800024e   Section        0  libshutdown2.o(.ARM.Collect$$libshutdown$$0000000F)
    .ARM.Collect$$libshutdown$$00000010      0x0800024e   Section        2  libshutdown2.o(.ARM.Collect$$libshutdown$$00000010)
    .ARM.Collect$$rtentry$$00000000          0x08000250   Section        0  __rtentry.o(.ARM.Collect$$rtentry$$00000000)
    .ARM.Collect$$rtentry$$00000002          0x08000250   Section        0  __rtentry2.o(.ARM.Collect$$rtentry$$00000002)
    .ARM.Collect$$rtentry$$00000004          0x08000250   Section        6  __rtentry4.o(.ARM.Collect$$rtentry$$00000004)
    .ARM.Collect$$rtentry$$00000009          0x08000256   Section        0  __rtentry2.o(.ARM.Collect$$rtentry$$00000009)
    .ARM.Collect$$rtentry$$0000000A          0x08000256   Section        4  __rtentry2.o(.ARM.Collect$$rtentry$$0000000A)
    .ARM.Collect$$rtentry$$0000000C          0x0800025a   Section        0  __rtentry2.o(.ARM.Collect$$rtentry$$0000000C)
    .ARM.Collect$$rtentry$$0000000D          0x0800025a   Section        8  __rtentry2.o(.ARM.Collect$$rtentry$$0000000D)
    .ARM.Collect$$rtexit$$00000000           0x08000262   Section        2  rtexit.o(.ARM.Collect$$rtexit$$00000000)
    .ARM.Collect$$rtexit$$00000002           0x08000264   Section        0  rtexit2.o(.ARM.Collect$$rtexit$$00000002)
    .ARM.Collect$$rtexit$$00000003           0x08000264   Section        4  rtexit2.o(.ARM.Collect$$rtexit$$00000003)
    .ARM.Collect$$rtexit$$00000004           0x08000268   Section        6  rtexit2.o(.ARM.Collect$$rtexit$$00000004)
    .text                                    0x08000270   Section       64  startup_stm32f407xx.o(.text)
    $v0                                      0x08000270   Number         0  startup_stm32f407xx.o(.text)
    .text                                    0x080002b0   Section        0  arm_fir_f32.o(.text)
    .text                                    0x080007e2   Section        0  arm_fir_init_f32.o(.text)
    .text                                    0x080007fe   Section       78  rt_memclr_w.o(.text)
    .text                                    0x0800084c   Section        0  heapauxi.o(.text)
    .text                                    0x08000854   Section        0  _fptrap.o(.text)
    .text                                    0x08000884   Section       74  sys_stackheap_outer.o(.text)
    .text                                    0x080008ce   Section        0  exit.o(.text)
    .text                                    0x080008e0   Section        0  defsig_fpe_outer.o(.text)
    .text                                    0x080008f0   Section        8  libspace.o(.text)
    .text                                    0x080008f8   Section        0  defsig_exit.o(.text)
    .text                                    0x08000904   Section        0  defsig_fpe_inner.o(.text)
    .text                                    0x080009b0   Section        0  sys_exit.o(.text)
    .text                                    0x080009bc   Section        0  defsig_general.o(.text)
    .text                                    0x080009ee   Section        0  sys_wrch.o(.text)
    .text                                    0x080009fc   Section        2  use_no_semi.o(.text)
    .text                                    0x080009fe   Section        0  indicate_semi.o(.text)
    i.Motor_1_Change_DCYC                    0x08000a00   Section        0  motor.o(i.Motor_1_Change_DCYC)
    i.Motor_1_ISR                            0x08000b84   Section        0  motor.o(i.Motor_1_ISR)
    i.Motor_Calc_Speed                       0x08000c54   Section        0  motor.o(i.Motor_Calc_Speed)
    i.Motor_Update_PID                       0x08000cd4   Section        0  motor.o(i.Motor_Update_PID)
    i.Motor_init                             0x08000de0   Section        0  motor.o(i.Motor_init)
    i.SystemInit                             0x08000e64   Section        0  system_stm32f4xx.o(i.SystemInit)
    i.TIM8_UP_TIM13_IRQHandler               0x08000ec8   Section        0  main.o(i.TIM8_UP_TIM13_IRQHandler)
    i.USART1_IRQHandler                      0x08000f50   Section        0  main.o(i.USART1_IRQHandler)
    i.USART_IRQHandler                       0x08000f6c   Section        0  main.o(i.USART_IRQHandler)
    i.USART_Init                             0x08000f9c   Section        0  main.o(i.USART_Init)
    i.adc_1_config                           0x08000fd0   Section        0  adc_1.o(i.adc_1_config)
    i.adc_1_gpio_init                        0x08001024   Section        0  adc_1.o(i.adc_1_gpio_init)
    i.gpio_Configure                         0x08001064   Section        0  main.o(i.gpio_Configure)
    i.main                                   0x080010d0   Section        0  main.o(i.main)
    i.sysclk_Configure                       0x08001180   Section        0  main.o(i.sysclk_Configure)
    i.tim_1_config                           0x080011b0   Section        0  tim_1.o(i.tim_1_config)
    i.tim_1_gpio_init                        0x08001228   Section        0  tim_1.o(i.tim_1_gpio_init)
    i.tim_5_config                           0x080012bc   Section        0  tim_5.o(i.tim_5_config)
    i.tim_5_gpio_init                        0x080013c0   Section        0  tim_5.o(i.tim_5_gpio_init)
    x$fpl$d2f                                0x0800157c   Section      708  d2f_clz.o(x$fpl$d2f)
    $v0                                      0x0800157c   Number         0  d2f_clz.o(x$fpl$d2f)
    x$fpl$dadd                               0x08001840   Section      588  daddsub_clz.o(x$fpl$dadd)
    $v0                                      0x08001840   Number         0  daddsub_clz.o(x$fpl$dadd)
    _dadd1                                   0x0800186b   Thumb Code     0  daddsub_clz.o(x$fpl$dadd)
    dadd_zerodenorm                          0x08001a0b   Thumb Code     0  daddsub_clz.o(x$fpl$dadd)
    x$fpl$ddiv                               0x08001a8c   Section      892  ddiv_clz.o(x$fpl$ddiv)
    $v0                                      0x08001a8c   Number         0  ddiv_clz.o(x$fpl$ddiv)
    ddiv_entry                               0x08001a93   Thumb Code     0  ddiv_clz.o(x$fpl$ddiv)
    x$fpl$dfltu                              0x08001e08   Section       38  dflt_clz.o(x$fpl$dfltu)
    $v0                                      0x08001e08   Number         0  dflt_clz.o(x$fpl$dfltu)
    x$fpl$dnaninf                            0x08001e2e   Section      258  dnaninf.o(x$fpl$dnaninf)
    $v0                                      0x08001e2e   Number         0  dnaninf.o(x$fpl$dnaninf)
    x$fpl$drenorm                            0x08001f30   Section      112  drenorm_clz.o(x$fpl$drenorm)
    $v0                                      0x08001f30   Number         0  drenorm_clz.o(x$fpl$drenorm)
    x$fpl$dretinf                            0x08001fa0   Section       12  dretinf.o(x$fpl$dretinf)
    $v0                                      0x08001fa0   Number         0  dretinf.o(x$fpl$dretinf)
    x$fpl$dsub                               0x08001fac   Section      668  daddsub_clz.o(x$fpl$dsub)
    $v0                                      0x08001fac   Number         0  daddsub_clz.o(x$fpl$dsub)
    _dsub1                                   0x08001fd7   Thumb Code     0  daddsub_clz.o(x$fpl$dsub)
    daddsub_denorm                           0x0800219b   Thumb Code     0  daddsub_clz.o(x$fpl$dsub)
    dsub_uncommon_first                      0x080021af   Thumb Code     0  daddsub_clz.o(x$fpl$dsub)
    dsub_zerodenorm                          0x080021cd   Thumb Code     0  daddsub_clz.o(x$fpl$dsub)
    x$fpl$dunder                             0x08002248   Section      378  dunder_clz.o(x$fpl$dunder)
    $v0                                      0x08002248   Number         0  dunder_clz.o(x$fpl$dunder)
    x$fpl$exception                          0x080023c4   Section      492  except.o(x$fpl$exception)
    $v0                                      0x080023c4   Number         0  except.o(x$fpl$exception)
    x$fpl$fpinit                             0x080025b0   Section       10  fpinit.o(x$fpl$fpinit)
    $v0                                      0x080025b0   Number         0  fpinit.o(x$fpl$fpinit)
    x$fpl$fretinf                            0x080025ba   Section       10  fretinf.o(x$fpl$fretinf)
    $v0                                      0x080025ba   Number         0  fretinf.o(x$fpl$fretinf)
    x$fpl$funder                             0x080025c4   Section      316  funder_clz.o(x$fpl$funder)
    $v0                                      0x080025c4   Number         0  funder_clz.o(x$fpl$funder)
    x$fpl$retnan                             0x08002700   Section      178  retnan.o(x$fpl$retnan)
    $v0                                      0x08002700   Number         0  retnan.o(x$fpl$retnan)
    x$fpl$trapveneer                         0x080027b2   Section      126  trapv.o(x$fpl$trapveneer)
    $v0                                      0x080027b2   Number         0  trapv.o(x$fpl$trapveneer)
    x$fpl$usenofp                            0x08002830   Section        0  usenofp.o(x$fpl$usenofp)
    .data                                    0x20000000   Section       56  main.o(.data)
    .data                                    0x20000038   Section      464  motor.o(.data)
    .bss                                     0x20000208   Section      712  main.o(.bss)
    .bss                                     0x200004d0   Section       96  libspace.o(.bss)
    HEAP                                     0x20000530   Section      512  startup_stm32f407xx.o(HEAP)
    Heap_Mem                                 0x20000530   Data         512  startup_stm32f407xx.o(HEAP)
    STACK                                    0x20000730   Section     1024  startup_stm32f407xx.o(STACK)
    Stack_Mem                                0x20000730   Data        1024  startup_stm32f407xx.o(STACK)
    __initial_sp                             0x20000b30   Data           0  startup_stm32f407xx.o(STACK)

    Global Symbols

    Symbol Name                              Value     Ov Type        Size  Object(Section)

    BuildAttributes$$THM_ISAv4$E$P$D$K$B$S$7EM$VFPi3$EXTD16$VFPS$VFMA$PE$A:L22UL41UL21$X:L11$S22US41US21$IEEE1$IW$USESV6$~STKCKD$USESV7$~SHL$OTIME$ROPI$IEEEX$EBA8$UX$STANDARDLIB$REQ8$PRES8$EABIv2 0x00000000   Number         0  anon$$obj.o ABSOLUTE
    __ARM_use_no_argv                        0x00000000   Number         0  main.o ABSOLUTE
    __ARM_exceptions_init                     - Undefined Weak Reference
    __alloca_initialize                       - Undefined Weak Reference
    __arm_preinit_                            - Undefined Weak Reference
    __cpp_initialize__aeabi_                  - Undefined Weak Reference
    __cxa_finalize                            - Undefined Weak Reference
    __rt_locale                               - Undefined Weak Reference
    __sigvec_lookup                           - Undefined Weak Reference
    _atexit_init                              - Undefined Weak Reference
    _call_atexit_fns                          - Undefined Weak Reference
    _clock_init                               - Undefined Weak Reference
    _fp_trap_big                              - Undefined Weak Reference
    _fp_trap_init                             - Undefined Weak Reference
    _fp_trap_shutdown                         - Undefined Weak Reference
    _get_lc_collate                           - Undefined Weak Reference
    _get_lc_ctype                             - Undefined Weak Reference
    _get_lc_monetary                          - Undefined Weak Reference
    _get_lc_numeric                           - Undefined Weak Reference
    _get_lc_time                              - Undefined Weak Reference
    _getenv_init                              - Undefined Weak Reference
    _handle_redirection                       - Undefined Weak Reference
    _init_alloc                               - Undefined Weak Reference
    _init_user_alloc                          - Undefined Weak Reference
    _initio                                   - Undefined Weak Reference
    _rand_init                                - Undefined Weak Reference
    _signal_finish                            - Undefined Weak Reference
    _signal_init                              - Undefined Weak Reference
    _terminate_alloc                          - Undefined Weak Reference
    _terminate_user_alloc                     - Undefined Weak Reference
    _terminateio                              - Undefined Weak Reference
    __Vectors_Size                           0x00000188   Number         0  startup_stm32f407xx.o ABSOLUTE
    __Vectors                                0x08000000   Data           4  startup_stm32f407xx.o(RESET)
    __Vectors_End                            0x08000188   Data           0  startup_stm32f407xx.o(RESET)
    __main                                   0x08000189   Thumb Code     8  __main.o(!!!main)
    __scatterload                            0x08000191   Thumb Code     0  __scatter.o(!!!scatter)
    __scatterload_rt2                        0x08000191   Thumb Code    44  __scatter.o(!!!scatter)
    __scatterload_rt2_thumb_only             0x08000191   Thumb Code     0  __scatter.o(!!!scatter)
    __scatterload_null                       0x0800019f   Thumb Code     0  __scatter.o(!!!scatter)
    __decompress                             0x080001c5   Thumb Code   100  __dclz77c.o(!!dclz77c)
    __decompress2                            0x080001c5   Thumb Code     0  __dclz77c.o(!!dclz77c)
    __scatterload_zeroinit                   0x08000229   Thumb Code    28  __scatter_zi.o(!!handler_zi)
    __rt_lib_init                            0x08000245   Thumb Code     0  libinit.o(.ARM.Collect$$libinit$$00000000)
    __rt_lib_init_fp_1                       0x08000247   Thumb Code     0  libinit2.o(.ARM.Collect$$libinit$$00000001)
    __rt_lib_init_alloca_1                   0x0800024b   Thumb Code     0  libinit2.o(.ARM.Collect$$libinit$$0000002E)
    __rt_lib_init_argv_1                     0x0800024b   Thumb Code     0  libinit2.o(.ARM.Collect$$libinit$$0000002C)
    __rt_lib_init_atexit_1                   0x0800024b   Thumb Code     0  libinit2.o(.ARM.Collect$$libinit$$0000001B)
    __rt_lib_init_clock_1                    0x0800024b   Thumb Code     0  libinit2.o(.ARM.Collect$$libinit$$00000021)
    __rt_lib_init_cpp_1                      0x0800024b   Thumb Code     0  libinit2.o(.ARM.Collect$$libinit$$00000032)
    __rt_lib_init_exceptions_1               0x0800024b   Thumb Code     0  libinit2.o(.ARM.Collect$$libinit$$00000030)
    __rt_lib_init_fp_trap_1                  0x0800024b   Thumb Code     0  libinit2.o(.ARM.Collect$$libinit$$0000001F)
    __rt_lib_init_getenv_1                   0x0800024b   Thumb Code     0  libinit2.o(.ARM.Collect$$libinit$$00000023)
    __rt_lib_init_heap_1                     0x0800024b   Thumb Code     0  libinit2.o(.ARM.Collect$$libinit$$0000000A)
    __rt_lib_init_lc_collate_1               0x0800024b   Thumb Code     0  libinit2.o(.ARM.Collect$$libinit$$00000011)
    __rt_lib_init_lc_ctype_1                 0x0800024b   Thumb Code     0  libinit2.o(.ARM.Collect$$libinit$$00000013)
    __rt_lib_init_lc_monetary_1              0x0800024b   Thumb Code     0  libinit2.o(.ARM.Collect$$libinit$$00000015)
    __rt_lib_init_lc_numeric_1               0x0800024b   Thumb Code     0  libinit2.o(.ARM.Collect$$libinit$$00000017)
    __rt_lib_init_lc_time_1                  0x0800024b   Thumb Code     0  libinit2.o(.ARM.Collect$$libinit$$00000019)
    __rt_lib_init_preinit_1                  0x0800024b   Thumb Code     0  libinit2.o(.ARM.Collect$$libinit$$00000004)
    __rt_lib_init_rand_1                     0x0800024b   Thumb Code     0  libinit2.o(.ARM.Collect$$libinit$$0000000E)
    __rt_lib_init_return                     0x0800024b   Thumb Code     0  libinit2.o(.ARM.Collect$$libinit$$00000033)
    __rt_lib_init_signal_1                   0x0800024b   Thumb Code     0  libinit2.o(.ARM.Collect$$libinit$$0000001D)
    __rt_lib_init_stdio_1                    0x0800024b   Thumb Code     0  libinit2.o(.ARM.Collect$$libinit$$00000025)
    __rt_lib_init_user_alloc_1               0x0800024b   Thumb Code     0  libinit2.o(.ARM.Collect$$libinit$$0000000C)
    __rt_lib_shutdown                        0x0800024d   Thumb Code     0  libshutdown.o(.ARM.Collect$$libshutdown$$00000000)
    __rt_lib_shutdown_cpp_1                  0x0800024f   Thumb Code     0  libshutdown2.o(.ARM.Collect$$libshutdown$$00000002)
    __rt_lib_shutdown_fp_trap_1              0x0800024f   Thumb Code     0  libshutdown2.o(.ARM.Collect$$libshutdown$$00000007)
    __rt_lib_shutdown_heap_1                 0x0800024f   Thumb Code     0  libshutdown2.o(.ARM.Collect$$libshutdown$$0000000F)
    __rt_lib_shutdown_return                 0x0800024f   Thumb Code     0  libshutdown2.o(.ARM.Collect$$libshutdown$$00000010)
    __rt_lib_shutdown_signal_1               0x0800024f   Thumb Code     0  libshutdown2.o(.ARM.Collect$$libshutdown$$0000000A)
    __rt_lib_shutdown_stdio_1                0x0800024f   Thumb Code     0  libshutdown2.o(.ARM.Collect$$libshutdown$$00000004)
    __rt_lib_shutdown_user_alloc_1           0x0800024f   Thumb Code     0  libshutdown2.o(.ARM.Collect$$libshutdown$$0000000C)
    __rt_entry                               0x08000251   Thumb Code     0  __rtentry.o(.ARM.Collect$$rtentry$$00000000)
    __rt_entry_presh_1                       0x08000251   Thumb Code     0  __rtentry2.o(.ARM.Collect$$rtentry$$00000002)
    __rt_entry_sh                            0x08000251   Thumb Code     0  __rtentry4.o(.ARM.Collect$$rtentry$$00000004)
    __rt_entry_li                            0x08000257   Thumb Code     0  __rtentry2.o(.ARM.Collect$$rtentry$$0000000A)
    __rt_entry_postsh_1                      0x08000257   Thumb Code     0  __rtentry2.o(.ARM.Collect$$rtentry$$00000009)
    __rt_entry_main                          0x0800025b   Thumb Code     0  __rtentry2.o(.ARM.Collect$$rtentry$$0000000D)
    __rt_entry_postli_1                      0x0800025b   Thumb Code     0  __rtentry2.o(.ARM.Collect$$rtentry$$0000000C)
    __rt_exit                                0x08000263   Thumb Code     0  rtexit.o(.ARM.Collect$$rtexit$$00000000)
    __rt_exit_ls                             0x08000265   Thumb Code     0  rtexit2.o(.ARM.Collect$$rtexit$$00000003)
    __rt_exit_prels_1                        0x08000265   Thumb Code     0  rtexit2.o(.ARM.Collect$$rtexit$$00000002)
    __rt_exit_exit                           0x08000269   Thumb Code     0  rtexit2.o(.ARM.Collect$$rtexit$$00000004)
    Reset_Handler                            0x08000271   Thumb Code     8  startup_stm32f407xx.o(.text)
    NMI_Handler                              0x08000279   Thumb Code     2  startup_stm32f407xx.o(.text)
    HardFault_Handler                        0x0800027b   Thumb Code     2  startup_stm32f407xx.o(.text)
    MemManage_Handler                        0x0800027d   Thumb Code     2  startup_stm32f407xx.o(.text)
    BusFault_Handler                         0x0800027f   Thumb Code     2  startup_stm32f407xx.o(.text)
    UsageFault_Handler                       0x08000281   Thumb Code     2  startup_stm32f407xx.o(.text)
    SVC_Handler                              0x08000283   Thumb Code     2  startup_stm32f407xx.o(.text)
    DebugMon_Handler                         0x08000285   Thumb Code     2  startup_stm32f407xx.o(.text)
    PendSV_Handler                           0x08000287   Thumb Code     2  startup_stm32f407xx.o(.text)
    SysTick_Handler                          0x08000289   Thumb Code     2  startup_stm32f407xx.o(.text)
    ADC_IRQHandler                           0x0800028b   Thumb Code     0  startup_stm32f407xx.o(.text)
    CAN1_RX0_IRQHandler                      0x0800028b   Thumb Code     0  startup_stm32f407xx.o(.text)
    CAN1_RX1_IRQHandler                      0x0800028b   Thumb Code     0  startup_stm32f407xx.o(.text)
    CAN1_SCE_IRQHandler                      0x0800028b   Thumb Code     0  startup_stm32f407xx.o(.text)
    CAN1_TX_IRQHandler                       0x0800028b   Thumb Code     0  startup_stm32f407xx.o(.text)
    CAN2_RX0_IRQHandler                      0x0800028b   Thumb Code     0  startup_stm32f407xx.o(.text)
    CAN2_RX1_IRQHandler                      0x0800028b   Thumb Code     0  startup_stm32f407xx.o(.text)
    CAN2_SCE_IRQHandler                      0x0800028b   Thumb Code     0  startup_stm32f407xx.o(.text)
    CAN2_TX_IRQHandler                       0x0800028b   Thumb Code     0  startup_stm32f407xx.o(.text)
    DCMI_IRQHandler                          0x0800028b   Thumb Code     0  startup_stm32f407xx.o(.text)
    DMA1_Stream0_IRQHandler                  0x0800028b   Thumb Code     0  startup_stm32f407xx.o(.text)
    DMA1_Stream1_IRQHandler                  0x0800028b   Thumb Code     0  startup_stm32f407xx.o(.text)
    DMA1_Stream2_IRQHandler                  0x0800028b   Thumb Code     0  startup_stm32f407xx.o(.text)
    DMA1_Stream3_IRQHandler                  0x0800028b   Thumb Code     0  startup_stm32f407xx.o(.text)
    DMA1_Stream4_IRQHandler                  0x0800028b   Thumb Code     0  startup_stm32f407xx.o(.text)
    DMA1_Stream5_IRQHandler                  0x0800028b   Thumb Code     0  startup_stm32f407xx.o(.text)
    DMA1_Stream6_IRQHandler                  0x0800028b   Thumb Code     0  startup_stm32f407xx.o(.text)
    DMA1_Stream7_IRQHandler                  0x0800028b   Thumb Code     0  startup_stm32f407xx.o(.text)
    DMA2_Stream0_IRQHandler                  0x0800028b   Thumb Code     0  startup_stm32f407xx.o(.text)
    DMA2_Stream1_IRQHandler                  0x0800028b   Thumb Code     0  startup_stm32f407xx.o(.text)
    DMA2_Stream2_IRQHandler                  0x0800028b   Thumb Code     0  startup_stm32f407xx.o(.text)
    DMA2_Stream3_IRQHandler                  0x0800028b   Thumb Code     0  startup_stm32f407xx.o(.text)
    DMA2_Stream4_IRQHandler                  0x0800028b   Thumb Code     0  startup_stm32f407xx.o(.text)
    DMA2_Stream5_IRQHandler                  0x0800028b   Thumb Code     0  startup_stm32f407xx.o(.text)
    DMA2_Stream6_IRQHandler                  0x0800028b   Thumb Code     0  startup_stm32f407xx.o(.text)
    DMA2_Stream7_IRQHandler                  0x0800028b   Thumb Code     0  startup_stm32f407xx.o(.text)
    ETH_IRQHandler                           0x0800028b   Thumb Code     0  startup_stm32f407xx.o(.text)
    ETH_WKUP_IRQHandler                      0x0800028b   Thumb Code     0  startup_stm32f407xx.o(.text)
    EXTI0_IRQHandler                         0x0800028b   Thumb Code     0  startup_stm32f407xx.o(.text)
    EXTI15_10_IRQHandler                     0x0800028b   Thumb Code     0  startup_stm32f407xx.o(.text)
    EXTI1_IRQHandler                         0x0800028b   Thumb Code     0  startup_stm32f407xx.o(.text)
    EXTI2_IRQHandler                         0x0800028b   Thumb Code     0  startup_stm32f407xx.o(.text)
    EXTI3_IRQHandler                         0x0800028b   Thumb Code     0  startup_stm32f407xx.o(.text)
    EXTI4_IRQHandler                         0x0800028b   Thumb Code     0  startup_stm32f407xx.o(.text)
    EXTI9_5_IRQHandler                       0x0800028b   Thumb Code     0  startup_stm32f407xx.o(.text)
    FLASH_IRQHandler                         0x0800028b   Thumb Code     0  startup_stm32f407xx.o(.text)
    FMC_IRQHandler                           0x0800028b   Thumb Code     0  startup_stm32f407xx.o(.text)
    FPU_IRQHandler                           0x0800028b   Thumb Code     0  startup_stm32f407xx.o(.text)
    HASH_RNG_IRQHandler                      0x0800028b   Thumb Code     0  startup_stm32f407xx.o(.text)
    I2C1_ER_IRQHandler                       0x0800028b   Thumb Code     0  startup_stm32f407xx.o(.text)
    I2C1_EV_IRQHandler                       0x0800028b   Thumb Code     0  startup_stm32f407xx.o(.text)
    I2C2_ER_IRQHandler                       0x0800028b   Thumb Code     0  startup_stm32f407xx.o(.text)
    I2C2_EV_IRQHandler                       0x0800028b   Thumb Code     0  startup_stm32f407xx.o(.text)
    I2C3_ER_IRQHandler                       0x0800028b   Thumb Code     0  startup_stm32f407xx.o(.text)
    I2C3_EV_IRQHandler                       0x0800028b   Thumb Code     0  startup_stm32f407xx.o(.text)
    OTG_FS_IRQHandler                        0x0800028b   Thumb Code     0  startup_stm32f407xx.o(.text)
    OTG_FS_WKUP_IRQHandler                   0x0800028b   Thumb Code     0  startup_stm32f407xx.o(.text)
    OTG_HS_EP1_IN_IRQHandler                 0x0800028b   Thumb Code     0  startup_stm32f407xx.o(.text)
    OTG_HS_EP1_OUT_IRQHandler                0x0800028b   Thumb Code     0  startup_stm32f407xx.o(.text)
    OTG_HS_IRQHandler                        0x0800028b   Thumb Code     0  startup_stm32f407xx.o(.text)
    OTG_HS_WKUP_IRQHandler                   0x0800028b   Thumb Code     0  startup_stm32f407xx.o(.text)
    PVD_IRQHandler                           0x0800028b   Thumb Code     0  startup_stm32f407xx.o(.text)
    RCC_IRQHandler                           0x0800028b   Thumb Code     0  startup_stm32f407xx.o(.text)
    RTC_Alarm_IRQHandler                     0x0800028b   Thumb Code     0  startup_stm32f407xx.o(.text)
    RTC_WKUP_IRQHandler                      0x0800028b   Thumb Code     0  startup_stm32f407xx.o(.text)
    SDIO_IRQHandler                          0x0800028b   Thumb Code     0  startup_stm32f407xx.o(.text)
    SPI1_IRQHandler                          0x0800028b   Thumb Code     0  startup_stm32f407xx.o(.text)
    SPI2_IRQHandler                          0x0800028b   Thumb Code     0  startup_stm32f407xx.o(.text)
    SPI3_IRQHandler                          0x0800028b   Thumb Code     0  startup_stm32f407xx.o(.text)
    TAMP_STAMP_IRQHandler                    0x0800028b   Thumb Code     0  startup_stm32f407xx.o(.text)
    TIM1_BRK_TIM9_IRQHandler                 0x0800028b   Thumb Code     0  startup_stm32f407xx.o(.text)
    TIM1_CC_IRQHandler                       0x0800028b   Thumb Code     0  startup_stm32f407xx.o(.text)
    TIM1_TRG_COM_TIM11_IRQHandler            0x0800028b   Thumb Code     0  startup_stm32f407xx.o(.text)
    TIM1_UP_TIM10_IRQHandler                 0x0800028b   Thumb Code     0  startup_stm32f407xx.o(.text)
    TIM2_IRQHandler                          0x0800028b   Thumb Code     0  startup_stm32f407xx.o(.text)
    TIM3_IRQHandler                          0x0800028b   Thumb Code     0  startup_stm32f407xx.o(.text)
    TIM4_IRQHandler                          0x0800028b   Thumb Code     0  startup_stm32f407xx.o(.text)
    TIM5_IRQHandler                          0x0800028b   Thumb Code     0  startup_stm32f407xx.o(.text)
    TIM6_DAC_IRQHandler                      0x0800028b   Thumb Code     0  startup_stm32f407xx.o(.text)
    TIM7_IRQHandler                          0x0800028b   Thumb Code     0  startup_stm32f407xx.o(.text)
    TIM8_BRK_TIM12_IRQHandler                0x0800028b   Thumb Code     0  startup_stm32f407xx.o(.text)
    TIM8_CC_IRQHandler                       0x0800028b   Thumb Code     0  startup_stm32f407xx.o(.text)
    TIM8_TRG_COM_TIM14_IRQHandler            0x0800028b   Thumb Code     0  startup_stm32f407xx.o(.text)
    UART4_IRQHandler                         0x0800028b   Thumb Code     0  startup_stm32f407xx.o(.text)
    UART5_IRQHandler                         0x0800028b   Thumb Code     0  startup_stm32f407xx.o(.text)
    USART2_IRQHandler                        0x0800028b   Thumb Code     0  startup_stm32f407xx.o(.text)
    USART3_IRQHandler                        0x0800028b   Thumb Code     0  startup_stm32f407xx.o(.text)
    USART6_IRQHandler                        0x0800028b   Thumb Code     0  startup_stm32f407xx.o(.text)
    WWDG_IRQHandler                          0x0800028b   Thumb Code     0  startup_stm32f407xx.o(.text)
    __user_initial_stackheap                 0x0800028d   Thumb Code     0  startup_stm32f407xx.o(.text)
    arm_fir_f32                              0x080002b1   Thumb Code  1330  arm_fir_f32.o(.text)
    arm_fir_init_f32                         0x080007e3   Thumb Code    28  arm_fir_init_f32.o(.text)
    __aeabi_memclr4                          0x080007ff   Thumb Code     0  rt_memclr_w.o(.text)
    __aeabi_memclr8                          0x080007ff   Thumb Code     0  rt_memclr_w.o(.text)
    __rt_memclr_w                            0x080007ff   Thumb Code    78  rt_memclr_w.o(.text)
    _memset_w                                0x08000803   Thumb Code     0  rt_memclr_w.o(.text)
    __use_two_region_memory                  0x0800084d   Thumb Code     2  heapauxi.o(.text)
    __rt_heap_escrow$2region                 0x0800084f   Thumb Code     2  heapauxi.o(.text)
    __rt_heap_expand$2region                 0x08000851   Thumb Code     2  heapauxi.o(.text)
    _fp_trap                                 0x08000855   Thumb Code    44  _fptrap.o(.text)
    __user_setup_stackheap                   0x08000885   Thumb Code    74  sys_stackheap_outer.o(.text)
    exit                                     0x080008cf   Thumb Code    18  exit.o(.text)
    __rt_SIGFPE                              0x080008e1   Thumb Code    14  defsig_fpe_outer.o(.text)
    __user_libspace                          0x080008f1   Thumb Code     8  libspace.o(.text)
    __user_perproc_libspace                  0x080008f1   Thumb Code     0  libspace.o(.text)
    __user_perthread_libspace                0x080008f1   Thumb Code     0  libspace.o(.text)
    __sig_exit                               0x080008f9   Thumb Code    10  defsig_exit.o(.text)
    __rt_SIGFPE_inner                        0x08000905   Thumb Code    62  defsig_fpe_inner.o(.text)
    _sys_exit                                0x080009b1   Thumb Code     8  sys_exit.o(.text)
    __default_signal_display                 0x080009bd   Thumb Code    50  defsig_general.o(.text)
    _ttywrch                                 0x080009ef   Thumb Code    14  sys_wrch.o(.text)
    __I$use$semihosting                      0x080009fd   Thumb Code     0  use_no_semi.o(.text)
    __use_no_semihosting_swi                 0x080009fd   Thumb Code     2  use_no_semi.o(.text)
    __semihosting_library_function           0x080009ff   Thumb Code     0  indicate_semi.o(.text)
    Motor_1_Change_DCYC                      0x08000a01   Thumb Code   372  motor.o(i.Motor_1_Change_DCYC)
    Motor_1_ISR                              0x08000b85   Thumb Code   194  motor.o(i.Motor_1_ISR)
    Motor_Calc_Speed                         0x08000c55   Thumb Code   106  motor.o(i.Motor_Calc_Speed)
    Motor_Update_PID                         0x08000cd5   Thumb Code   248  motor.o(i.Motor_Update_PID)
    Motor_init                               0x08000de1   Thumb Code   124  motor.o(i.Motor_init)
    SystemInit                               0x08000e65   Thumb Code    82  system_stm32f4xx.o(i.SystemInit)
    TIM8_UP_TIM13_IRQHandler                 0x08000ec9   Thumb Code   106  main.o(i.TIM8_UP_TIM13_IRQHandler)
    USART1_IRQHandler                        0x08000f51   Thumb Code    14  main.o(i.USART1_IRQHandler)
    USART_IRQHandler                         0x08000f6d   Thumb Code    48  main.o(i.USART_IRQHandler)
    USART_Init                               0x08000f9d   Thumb Code    52  main.o(i.USART_Init)
    adc_1_config                             0x08000fd1   Thumb Code    76  adc_1.o(i.adc_1_config)
    adc_1_gpio_init                          0x08001025   Thumb Code    56  adc_1.o(i.adc_1_gpio_init)
    gpio_Configure                           0x08001065   Thumb Code    96  main.o(i.gpio_Configure)
    main                                     0x080010d1   Thumb Code   140  main.o(i.main)
    sysclk_Configure                         0x08001181   Thumb Code    44  main.o(i.sysclk_Configure)
    tim_1_config                             0x080011b1   Thumb Code   112  tim_1.o(i.tim_1_config)
    tim_1_gpio_init                          0x08001229   Thumb Code   138  tim_1.o(i.tim_1_gpio_init)
    tim_5_config                             0x080012bd   Thumb Code   252  tim_5.o(i.tim_5_config)
    tim_5_gpio_init                          0x080013c1   Thumb Code   430  tim_5.o(i.tim_5_gpio_init)
    __aeabi_d2f                              0x0800157d   Thumb Code     0  d2f_clz.o(x$fpl$d2f)
    _d2f                                     0x0800157d   Thumb Code   700  d2f_clz.o(x$fpl$d2f)
    __aeabi_dadd                             0x08001841   Thumb Code     0  daddsub_clz.o(x$fpl$dadd)
    _dadd                                    0x08001841   Thumb Code   580  daddsub_clz.o(x$fpl$dadd)
    __aeabi_ddiv                             0x08001a8d   Thumb Code     0  ddiv_clz.o(x$fpl$ddiv)
    _ddiv                                    0x08001a8d   Thumb Code   748  ddiv_clz.o(x$fpl$ddiv)
    __aeabi_ui2d                             0x08001e09   Thumb Code     0  dflt_clz.o(x$fpl$dfltu)
    _dfltu                                   0x08001e09   Thumb Code    38  dflt_clz.o(x$fpl$dfltu)
    __fpl_dnaninf                            0x08001e2f   Thumb Code   258  dnaninf.o(x$fpl$dnaninf)
    __fpl_drenorm2                           0x08001f31   Thumb Code   106  drenorm_clz.o(x$fpl$drenorm)
    __fpl_drenorm1                           0x08001f9b   Thumb Code     6  drenorm_clz.o(x$fpl$drenorm)
    __fpl_dretinf                            0x08001fa1   Thumb Code    12  dretinf.o(x$fpl$dretinf)
    __aeabi_dsub                             0x08001fad   Thumb Code     0  daddsub_clz.o(x$fpl$dsub)
    _dsub                                    0x08001fad   Thumb Code   664  daddsub_clz.o(x$fpl$dsub)
    __dunder                                 0x08002249   Thumb Code   314  dunder_clz.o(x$fpl$dunder)
    __dunder_d                               0x08002383   Thumb Code    64  dunder_clz.o(x$fpl$dunder)
    __fpl_exception                          0x080023c5   Thumb Code   454  except.o(x$fpl$exception)
    _fp_init                                 0x080025b1   Thumb Code    10  fpinit.o(x$fpl$fpinit)
    __fplib_config_fpu_vfp                   0x080025b9   Thumb Code     0  fpinit.o(x$fpl$fpinit)
    __fplib_config_pureend_doubles           0x080025b9   Thumb Code     0  fpinit.o(x$fpl$fpinit)
    __fpl_fretinf                            0x080025bb   Thumb Code    10  fretinf.o(x$fpl$fretinf)
    __funder                                 0x080025c5   Thumb Code   254  funder_clz.o(x$fpl$funder)
    __funder_d                               0x080026c3   Thumb Code    62  funder_clz.o(x$fpl$funder)
    __fpl_return_NaN                         0x08002701   Thumb Code   178  retnan.o(x$fpl$retnan)
    _fp_trapveneer                           0x080027b3   Thumb Code    36  trapv.o(x$fpl$trapveneer)
    __fpl_cmpreturn                          0x080027d7   Thumb Code    90  trapv.o(x$fpl$trapveneer)
    Region$$Table$$Base                      0x08002830   Number         0  anon$$obj.o(Region$$Table)
    __I$use$fp                               0x08002830   Number         0  usenofp.o(x$fpl$usenofp)
    Region$$Table$$Limit                     0x08002850   Number         0  anon$$obj.o(Region$$Table)
    USART1_Buffer_Tx                         0x20000000   Data          32  main.o(.data)
    Rx1_Counter                              0x20000020   Data           1  main.o(.data)
    oldencoder                               0x20000028   Data           8  main.o(.data)
    newencoder                               0x20000030   Data           8  main.o(.data)
    fcoef                                    0x20000038   Data         404  motor.o(.data)
    standard_coeffs                          0x200001cc   Data          60  motor.o(.data)
    USART1_Buffer_Rx                         0x20000208   Data          32  main.o(.bss)
    M1                                       0x20000228   Data         680  main.o(.bss)
    __libspace_start                         0x200004d0   Data          96  libspace.o(.bss)
    __temporary_stack_top$libspace           0x20000530   Data           0  libspace.o(.bss)



==============================================================================

Memory Map of the image

  Image Entry point : 0x08000271

  Load Region LR_1 (Base: 0x08000000, Size: 0x00002a58, Max: 0xffffffff, ABSOLUTE, COMPRESSED[0x000029b8])

    Execution Region ER_RO (Base: 0x08000000, Size: 0x00002850, Max: 0xffffffff, ABSOLUTE)

    Base Addr    Size         Type   Attr      Idx    E Section Name        Object

    0x08000000   0x00000188   Data   RO          473    RESET               startup_stm32f407xx.o
    0x08000188   0x00000008   Code   RO          603  * !!!main             c_w.l(__main.o)
    0x08000190   0x00000034   Code   RO          805    !!!scatter          c_w.l(__scatter.o)
    0x080001c4   0x00000064   Code   RO          803    !!dclz77c           c_w.l(__dclz77c.o)
    0x08000228   0x0000001c   Code   RO          807    !!handler_zi        c_w.l(__scatter_zi.o)
    0x08000244   0x00000002   Code   RO          673    .ARM.Collect$$libinit$$00000000  c_w.l(libinit.o)
    0x08000246   0x00000004   Code   RO          685    .ARM.Collect$$libinit$$00000001  c_w.l(libinit2.o)
    0x0800024a   0x00000000   Code   RO          688    .ARM.Collect$$libinit$$00000004  c_w.l(libinit2.o)
    0x0800024a   0x00000000   Code   RO          691    .ARM.Collect$$libinit$$0000000A  c_w.l(libinit2.o)
    0x0800024a   0x00000000   Code   RO          693    .ARM.Collect$$libinit$$0000000C  c_w.l(libinit2.o)
    0x0800024a   0x00000000   Code   RO          695    .ARM.Collect$$libinit$$0000000E  c_w.l(libinit2.o)
    0x0800024a   0x00000000   Code   RO          698    .ARM.Collect$$libinit$$00000011  c_w.l(libinit2.o)
    0x0800024a   0x00000000   Code   RO          700    .ARM.Collect$$libinit$$00000013  c_w.l(libinit2.o)
    0x0800024a   0x00000000   Code   RO          702    .ARM.Collect$$libinit$$00000015  c_w.l(libinit2.o)
    0x0800024a   0x00000000   Code   RO          704    .ARM.Collect$$libinit$$00000017  c_w.l(libinit2.o)
    0x0800024a   0x00000000   Code   RO          706    .ARM.Collect$$libinit$$00000019  c_w.l(libinit2.o)
    0x0800024a   0x00000000   Code   RO          708    .ARM.Collect$$libinit$$0000001B  c_w.l(libinit2.o)
    0x0800024a   0x00000000   Code   RO          710    .ARM.Collect$$libinit$$0000001D  c_w.l(libinit2.o)
    0x0800024a   0x00000000   Code   RO          712    .ARM.Collect$$libinit$$0000001F  c_w.l(libinit2.o)
    0x0800024a   0x00000000   Code   RO          714    .ARM.Collect$$libinit$$00000021  c_w.l(libinit2.o)
    0x0800024a   0x00000000   Code   RO          716    .ARM.Collect$$libinit$$00000023  c_w.l(libinit2.o)
    0x0800024a   0x00000000   Code   RO          718    .ARM.Collect$$libinit$$00000025  c_w.l(libinit2.o)
    0x0800024a   0x00000000   Code   RO          722    .ARM.Collect$$libinit$$0000002C  c_w.l(libinit2.o)
    0x0800024a   0x00000000   Code   RO          724    .ARM.Collect$$libinit$$0000002E  c_w.l(libinit2.o)
    0x0800024a   0x00000000   Code   RO          726    .ARM.Collect$$libinit$$00000030  c_w.l(libinit2.o)
    0x0800024a   0x00000000   Code   RO          728    .ARM.Collect$$libinit$$00000032  c_w.l(libinit2.o)
    0x0800024a   0x00000002   Code   RO          729    .ARM.Collect$$libinit$$00000033  c_w.l(libinit2.o)
    0x0800024c   0x00000002   Code   RO          760    .ARM.Collect$$libshutdown$$00000000  c_w.l(libshutdown.o)
    0x0800024e   0x00000000   Code   RO          786    .ARM.Collect$$libshutdown$$00000002  c_w.l(libshutdown2.o)
    0x0800024e   0x00000000   Code   RO          788    .ARM.Collect$$libshutdown$$00000004  c_w.l(libshutdown2.o)
    0x0800024e   0x00000000   Code   RO          791    .ARM.Collect$$libshutdown$$00000007  c_w.l(libshutdown2.o)
    0x0800024e   0x00000000   Code   RO          794    .ARM.Collect$$libshutdown$$0000000A  c_w.l(libshutdown2.o)
    0x0800024e   0x00000000   Code   RO          796    .ARM.Collect$$libshutdown$$0000000C  c_w.l(libshutdown2.o)
    0x0800024e   0x00000000   Code   RO          799    .ARM.Collect$$libshutdown$$0000000F  c_w.l(libshutdown2.o)
    0x0800024e   0x00000002   Code   RO          800    .ARM.Collect$$libshutdown$$00000010  c_w.l(libshutdown2.o)
    0x08000250   0x00000000   Code   RO          623    .ARM.Collect$$rtentry$$00000000  c_w.l(__rtentry.o)
    0x08000250   0x00000000   Code   RO          642    .ARM.Collect$$rtentry$$00000002  c_w.l(__rtentry2.o)
    0x08000250   0x00000006   Code   RO          654    .ARM.Collect$$rtentry$$00000004  c_w.l(__rtentry4.o)
    0x08000256   0x00000000   Code   RO          644    .ARM.Collect$$rtentry$$00000009  c_w.l(__rtentry2.o)
    0x08000256   0x00000004   Code   RO          645    .ARM.Collect$$rtentry$$0000000A  c_w.l(__rtentry2.o)
    0x0800025a   0x00000000   Code   RO          647    .ARM.Collect$$rtentry$$0000000C  c_w.l(__rtentry2.o)
    0x0800025a   0x00000008   Code   RO          648    .ARM.Collect$$rtentry$$0000000D  c_w.l(__rtentry2.o)
    0x08000262   0x00000002   Code   RO          677    .ARM.Collect$$rtexit$$00000000  c_w.l(rtexit.o)
    0x08000264   0x00000000   Code   RO          733    .ARM.Collect$$rtexit$$00000002  c_w.l(rtexit2.o)
    0x08000264   0x00000004   Code   RO          734    .ARM.Collect$$rtexit$$00000003  c_w.l(rtexit2.o)
    0x08000268   0x00000006   Code   RO          735    .ARM.Collect$$rtexit$$00000004  c_w.l(rtexit2.o)
    0x0800026e   0x00000002   PAD
    0x08000270   0x00000040   Code   RO          474  * .text               startup_stm32f407xx.o
    0x080002b0   0x00000532   Code   RO          527    .text               arm_cortexM4lf_math.lib(arm_fir_f32.o)
    0x080007e2   0x0000001c   Code   RO          576    .text               arm_cortexM4lf_math.lib(arm_fir_init_f32.o)
    0x080007fe   0x0000004e   Code   RO          599    .text               c_w.l(rt_memclr_w.o)
    0x0800084c   0x00000006   Code   RO          601    .text               c_w.l(heapauxi.o)
    0x08000852   0x00000002   PAD
    0x08000854   0x00000030   Code   RO          656    .text               c_w.l(_fptrap.o)
    0x08000884   0x0000004a   Code   RO          660    .text               c_w.l(sys_stackheap_outer.o)
    0x080008ce   0x00000012   Code   RO          662    .text               c_w.l(exit.o)
    0x080008e0   0x0000000e   Code   RO          664    .text               c_w.l(defsig_fpe_outer.o)
    0x080008ee   0x00000002   PAD
    0x080008f0   0x00000008   Code   RO          674    .text               c_w.l(libspace.o)
    0x080008f8   0x0000000a   Code   RO          681    .text               c_w.l(defsig_exit.o)
    0x08000902   0x00000002   PAD
    0x08000904   0x000000ac   Code   RO          683    .text               c_w.l(defsig_fpe_inner.o)
    0x080009b0   0x0000000c   Code   RO          730    .text               c_w.l(sys_exit.o)
    0x080009bc   0x00000032   Code   RO          741    .text               c_w.l(defsig_general.o)
    0x080009ee   0x0000000e   Code   RO          747    .text               c_w.l(sys_wrch.o)
    0x080009fc   0x00000002   Code   RO          749    .text               c_w.l(use_no_semi.o)
    0x080009fe   0x00000000   Code   RO          751    .text               c_w.l(indicate_semi.o)
    0x080009fe   0x00000002   PAD
    0x08000a00   0x00000184   Code   RO          417    i.Motor_1_Change_DCYC  motor.o
    0x08000b84   0x000000d0   Code   RO          418    i.Motor_1_ISR       motor.o
    0x08000c54   0x00000080   Code   RO          420    i.Motor_Calc_Speed  motor.o
    0x08000cd4   0x0000010c   Code   RO          421    i.Motor_Update_PID  motor.o
    0x08000de0   0x00000084   Code   RO          422    i.Motor_init        motor.o
    0x08000e64   0x00000064   Code   RO          482    i.SystemInit        system_stm32f4xx.o
    0x08000ec8   0x00000088   Code   RO            4    i.TIM8_UP_TIM13_IRQHandler  main.o
    0x08000f50   0x0000001c   Code   RO            5    i.USART1_IRQHandler  main.o
    0x08000f6c   0x00000030   Code   RO            6    i.USART_IRQHandler  main.o
    0x08000f9c   0x00000034   Code   RO            7    i.USART_Init        main.o
    0x08000fd0   0x00000054   Code   RO          324    i.adc_1_config      adc_1.o
    0x08001024   0x00000040   Code   RO          325    i.adc_1_gpio_init   adc_1.o
    0x08001064   0x0000006c   Code   RO           11    i.gpio_Configure    main.o
    0x080010d0   0x000000b0   Code   RO           12    i.main              main.o
    0x08001180   0x00000030   Code   RO           13    i.sysclk_Configure  main.o
    0x080011b0   0x00000078   Code   RO          294    i.tim_1_config      tim_1.o
    0x08001228   0x00000094   Code   RO          295    i.tim_1_gpio_init   tim_1.o
    0x080012bc   0x00000104   Code   RO          143    i.tim_5_config      tim_5.o
    0x080013c0   0x000001bc   Code   RO          144    i.tim_5_gpio_init   tim_5.o
    0x0800157c   0x000002c4   Code   RO          605    x$fpl$d2f           g_wm.l(d2f_clz.o)
    0x08001840   0x0000024c   Code   RO          607    x$fpl$dadd          g_wm.l(daddsub_clz.o)
    0x08001a8c   0x0000037c   Code   RO          614    x$fpl$ddiv          g_wm.l(ddiv_clz.o)
    0x08001e08   0x00000026   Code   RO          617    x$fpl$dfltu         g_wm.l(dflt_clz.o)
    0x08001e2e   0x00000102   Code   RO          624    x$fpl$dnaninf       g_wm.l(dnaninf.o)
    0x08001f30   0x00000070   Code   RO          626    x$fpl$drenorm       g_wm.l(drenorm_clz.o)
    0x08001fa0   0x0000000c   Code   RO          628    x$fpl$dretinf       g_wm.l(dretinf.o)
    0x08001fac   0x0000029c   Code   RO          609    x$fpl$dsub          g_wm.l(daddsub_clz.o)
    0x08002248   0x0000017a   Code   RO          630    x$fpl$dunder        g_wm.l(dunder_clz.o)
    0x080023c2   0x00000002   PAD
    0x080023c4   0x000001ec   Code   RO          632    x$fpl$exception     g_wm.l(except.o)
    0x080025b0   0x0000000a   Code   RO          745    x$fpl$fpinit        g_wm.l(fpinit.o)
    0x080025ba   0x0000000a   Code   RO          634    x$fpl$fretinf       g_wm.l(fretinf.o)
    0x080025c4   0x0000013c   Code   RO          636    x$fpl$funder        g_wm.l(funder_clz.o)
    0x08002700   0x000000b2   Code   RO          658    x$fpl$retnan        g_wm.l(retnan.o)
    0x080027b2   0x0000007e   Code   RO          638    x$fpl$trapveneer    g_wm.l(trapv.o)
    0x08002830   0x00000000   Code   RO          640    x$fpl$usenofp       g_wm.l(usenofp.o)
    0x08002830   0x00000020   Data   RO          801    Region$$Table       anon$$obj.o


    Execution Region ER_RW (Base: 0x20000000, Size: 0x00000208, Max: 0xffffffff, ABSOLUTE, COMPRESSED[0x00000168])

    Base Addr    Size         Type   Attr      Idx    E Section Name        Object

    0x20000000   0x00000038   Data   RW           15    .data               main.o
    0x20000038   0x000001d0   Data   RW          423    .data               motor.o


    Execution Region ER_ZI (Base: 0x20000208, Size: 0x00000928, Max: 0xffffffff, ABSOLUTE)

    Base Addr    Size         Type   Attr      Idx    E Section Name        Object

    0x20000208   0x000002c8   Zero   RW           14    .bss                main.o
    0x200004d0   0x00000060   Zero   RW          675    .bss                c_w.l(libspace.o)
    0x20000530   0x00000200   Zero   RW          472    HEAP                startup_stm32f407xx.o
    0x20000730   0x00000400   Zero   RW          471    STACK               startup_stm32f407xx.o


==============================================================================

Image component sizes


      Code (inc. data)   RO Data    RW Data    ZI Data      Debug   Object Name

       148         16          0          0          0        909   adc_1.o
       596         96          0         56        712     289470   main.o
      1124         80          0        464          0       4679   motor.o
        64         26        392          0       1536        876   startup_stm32f407xx.o
       100         18          0          0          0        537   system_stm32f4xx.o
       268         18          0          0          0        957   tim_1.o
       704         22          0          0          0       1133   tim_5.o

    ----------------------------------------------------------------------
      3004        276        424        520       2248     298561   Object Totals
         0          0         32          0          0          0   (incl. Generated)
         0          0          0          0          0          0   (incl. Padding)

    ----------------------------------------------------------------------

      Code (inc. data)   RO Data    RW Data    ZI Data      Debug   Library Member Name

      1330          6          0          0          0      19258   arm_fir_f32.o
        28          0          0          0          0        919   arm_fir_init_f32.o
       100          0          0          0          0          0   __dclz77c.o
         8          0          0          0          0         68   __main.o
         0          0          0          0          0          0   __rtentry.o
        12          0          0          0          0          0   __rtentry2.o
         6          0          0          0          0          0   __rtentry4.o
        52          8          0          0          0          0   __scatter.o
        28          0          0          0          0          0   __scatter_zi.o
        48          4          0          0          0         84   _fptrap.o
        10          0          0          0          0         68   defsig_exit.o
       172        110          0          0          0         76   defsig_fpe_inner.o
        14          0          0          0          0         80   defsig_fpe_outer.o
        50          0          0          0          0         88   defsig_general.o
        18          0          0          0          0         80   exit.o
         6          0          0          0          0        152   heapauxi.o
         0          0          0          0          0          0   indicate_semi.o
         2          0          0          0          0          0   libinit.o
         6          0          0          0          0          0   libinit2.o
         2          0          0          0          0          0   libshutdown.o
         2          0          0          0          0          0   libshutdown2.o
         8          4          0          0         96         68   libspace.o
        78          0          0          0          0         80   rt_memclr_w.o
         2          0          0          0          0          0   rtexit.o
        10          0          0          0          0          0   rtexit2.o
        12          4          0          0          0         68   sys_exit.o
        74          0          0          0          0         80   sys_stackheap_outer.o
        14          0          0          0          0         76   sys_wrch.o
         2          0          0          0          0         68   use_no_semi.o
       708         16          0          0          0        140   d2f_clz.o
      1256         28          0          0          0        408   daddsub_clz.o
       892        152          0          0          0        292   ddiv_clz.o
        38          0          0          0          0        116   dflt_clz.o
       258          4          0          0          0        156   dnaninf.o
       112          0          0          0          0        160   drenorm_clz.o
        12          0          0          0          0        116   dretinf.o
       378          0          0          0          0        168   dunder_clz.o
       492         36          0          0          0        148   except.o
        10          0          0          0          0        116   fpinit.o
        10          0          0          0          0        116   fretinf.o
       316          0          0          0          0        132   funder_clz.o
       178          0          0          0          0        116   retnan.o
       126          0          0          0          0        148   trapv.o
         0          0          0          0          0          0   usenofp.o

    ----------------------------------------------------------------------
      6892        372          0          0         96      23645   Library Totals
        12          0          0          0          0          0   (incl. Padding)

    ----------------------------------------------------------------------

      Code (inc. data)   RO Data    RW Data    ZI Data      Debug   Library Name

      1358          6          0          0          0      20177   arm_cortexM4lf_math.lib
       736        130          0          0         96       1136   c_w.l
      4786        236          0          0          0       2332   g_wm.l

    ----------------------------------------------------------------------
      6892        372          0          0         96      23645   Library Totals

    ----------------------------------------------------------------------

==============================================================================


      Code (inc. data)   RO Data    RW Data    ZI Data      Debug   

      9896        648        424        520       2344     318786   Grand Totals
      9896        648        424        360       2344     318786   ELF Image Totals (compressed)
      9896        648        424        360          0          0   ROM Totals

==============================================================================

    Total RO  Size (Code + RO Data)                10320 (  10.08kB)
    Total RW  Size (RW Data + ZI Data)              2864 (   2.80kB)
    Total ROM Size (Code + RO Data + RW Data)      10680 (  10.43kB)

==============================================================================

