Component: ARM Compiler 5.06 (build 20) Tool: armlink [4d35a3]

==============================================================================

Section Cross References

    main.o(i.TIM1_UP_TIM10_IRQHandler) refers to main.o(i.calc_error) for calc_error
    main.o(i.TIM1_UP_TIM10_IRQHandler) refers to uart.o(i.USART_Write) for USART_Write
    main.o(i.TIM1_UP_TIM10_IRQHandler) refers to main.o(.bss) for M2
    main.o(i.TIM8_UP_TIM13_IRQHandler) refers to motor.o(i.Motor_ISR) for Motor_ISR
    main.o(i.TIM8_UP_TIM13_IRQHandler) refers to motor.o(i.Motor_2_Change_DCYC) for Motor_2_Change_DCYC
    main.o(i.TIM8_UP_TIM13_IRQHandler) refers to motor.o(i.Motor_3_Change_DCYC) for Motor_3_Change_DCYC
    main.o(i.TIM8_UP_TIM13_IRQHandler) refers to motor.o(i.Motor_4_Change_DCYC) for Motor_4_Change_DCYC
    main.o(i.TIM8_UP_TIM13_IRQHandler) refers to main.o(.bss) for M1
    main.o(i.USART2_IRQHandler) refers to uart.o(i.USART_IRQHandler) for USART_IRQHandler
    main.o(i.USART2_IRQHandler) refers to main.o(i.decode) for decode
    main.o(i.USART2_IRQHandler) refers to main.o(.data) for Rx2_Counter
    main.o(i.calc_error) refers to dflt_clz.o(x$fpl$dfltu) for __aeabi_ui2d
    main.o(i.calc_error) refers to f2d.o(x$fpl$f2d) for __aeabi_f2d
    main.o(i.calc_error) refers to daddsub_clz.o(x$fpl$drsb) for __aeabi_drsub
    main.o(i.calc_error) refers to d2f_clz.o(x$fpl$d2f) for __aeabi_d2f
    main.o(i.calc_error) refers to ddiv_clz.o(x$fpl$ddiv) for __aeabi_ddiv
    main.o(i.calc_error) refers to dmul_clz.o(x$fpl$dmul) for __aeabi_dmul
    main.o(i.calc_error) refers to fabs.o(i.__hardfp_fabs) for __hardfp_fabs
    main.o(i.calc_error) refers to daddsub_clz.o(x$fpl$dsub) for __aeabi_dsub
    main.o(i.calc_error) refers to main.o(.bss) for M1
    main.o(i.decode) refers to strcpy.o(.text) for strcpy
    main.o(i.decode) refers to strncpy.o(.text) for strncpy
    main.o(i.decode) refers to strcmpv7m.o(.text) for strcmp
    main.o(i.decode) refers to main.o(.data) for Rx2_Counter
    main.o(i.decode) refers to main.o(.bss) for M1
    main.o(i.main) refers to main.o(i.sysclk_Configure) for sysclk_Configure
    main.o(i.main) refers to motor.o(i.Motor_init) for Motor_init
    main.o(i.main) refers to adc_gpio.o(i.adc_gpio_init) for adc_gpio_init
    main.o(i.main) refers to adc_1.o(i.adc_1_config) for adc_1_config
    main.o(i.main) refers to tim_9.o(i.tim_9_gpio_init) for tim_9_gpio_init
    main.o(i.main) refers to tim_9.o(i.tim_9_config) for tim_9_config
    main.o(i.main) refers to tim_12.o(i.tim_12_gpio_init) for tim_12_gpio_init
    main.o(i.main) refers to tim_12.o(i.tim_12_config) for tim_12_config
    main.o(i.main) refers to uart.o(i.uart_gpio_init) for uart_gpio_init
    main.o(i.main) refers to uart.o(i.USART_Init) for USART_Init
    main.o(i.main) refers to tim_10.o(i.tim_10_config) for tim_10_config
    main.o(i.main) refers to tim_13.o(i.tim_13_config) for tim_13_config
    main.o(i.main) refers to tim_5.o(i.tim_5_gpio_init) for tim_5_gpio_init
    main.o(i.main) refers to tim_5.o(i.tim_5_config) for tim_5_config
    main.o(i.main) refers to tim_1.o(i.tim_1_gpio_init) for tim_1_gpio_init
    main.o(i.main) refers to tim_1.o(i.tim_1_config) for tim_1_config
    main.o(i.main) refers to tim_2.o(i.tim_2_gpio_init) for tim_2_gpio_init
    main.o(i.main) refers to tim_2.o(i.tim_2_config) for tim_2_config
    main.o(i.main) refers to tim_3.o(i.tim_3_gpio_init) for tim_3_gpio_init
    main.o(i.main) refers to tim_3.o(i.tim_3_config) for tim_3_config
    main.o(i.main) refers to tim_4.o(i.tim_4_gpio_init) for tim_4_gpio_init
    main.o(i.main) refers to tim_4.o(i.tim_4_config) for tim_4_config
    main.o(i.main) refers to main.o(.bss) for M1
    motor.o(i.Motor_ISR) refers to arm_fir_f32.o(.text) for arm_fir_f32
    motor.o(i.Motor_ISR) refers to motor.o(i.Motor_Calc_Speed) for Motor_Calc_Speed
    motor.o(i.Motor_ISR) refers to motor.o(i.Motor_Update_PID) for Motor_Update_PID
    motor.o(i.Motor_Update_PID) refers to motor.o(i.Motor_1_Change_DCYC) for Motor_1_Change_DCYC
    motor.o(i.Motor_init) refers to arm_fir_init_f32.o(.text) for arm_fir_init_f32
    motor.o(i.Motor_init) refers to motor.o(.data) for fcoef
    uart.o(i.display_stats) refers to _printf_pad.o(.text) for _printf_pre_padding
    uart.o(i.display_stats) refers to _printf_percent.o(.ARM.Collect$$_printf_percent$$00000000) for _printf_percent
    uart.o(i.display_stats) refers to _printf_d.o(.ARM.Collect$$_printf_percent$$00000009) for _printf_d
    uart.o(i.display_stats) refers to _printf_f.o(.ARM.Collect$$_printf_percent$$00000003) for _printf_f
    uart.o(i.display_stats) refers to _printf_dec.o(.text) for _printf_int_dec
    uart.o(i.display_stats) refers to printf1.o(x$fpl$printf1) for _printf_fp_dec
    uart.o(i.display_stats) refers to f2d.o(x$fpl$f2d) for __aeabi_f2d
    uart.o(i.display_stats) refers to noretval__2sprintf.o(.text) for __2sprintf
    uart.o(i.display_stats) refers to uart.o(i.USART_Write) for USART_Write
[...]
    libinit.o(.ARM.Collect$$libinit$$00000000) refers (Special) to libinit2.o(.ARM.Collect$$libinit$$00000001) for __rt_lib_init_fp_1
    libinit.o(.ARM.Collect$$libinit$$00000000) refers (Special) to libinit2.o(.ARM.Collect$$libinit$$0000001F) for __rt_lib_init_fp_trap_1
    libinit.o(.ARM.Collect$$libinit$$00000000) refers (Special) to libinit2.o(.ARM.Collect$$libinit$$00000023) for __rt_lib_init_getenv_1
    libinit.o(.ARM.Collect$$libinit$$00000000) refers (Special) to libinit2.o(.ARM.Collect$$libinit$$0000000A) for __rt_lib_init_heap_1
    libinit.o(.ARM.Collect$$libinit$$00000000) refers (Special) to libinit2.o(.ARM.Collect$$libinit$$00000011) for __rt_lib_init_lc_collate_1
    libinit.o(.ARM.Collect$$libinit$$00000000) refers (Special) to libinit2.o(.ARM.Collect$$libinit$$00000013) for __rt_lib_init_lc_ctype_1
    libinit.o(.ARM.Collect$$libinit$$00000000) refers (Special) to libinit2.o(.ARM.Collect$$libinit$$00000015) for __rt_lib_init_lc_monetary_1
    libinit.o(.ARM.Collect$$libinit$$00000000) refers (Special) to libinit2.o(.ARM.Collect$$libinit$$00000017) for __rt_lib_init_lc_numeric_1
    libinit.o(.ARM.Collect$$libinit$$00000000) refers (Special) to libinit2.o(.ARM.Collect$$libinit$$00000019) for __rt_lib_init_lc_time_1
    libinit.o(.ARM.Collect$$libinit$$00000000) refers (Special) to libinit2.o(.ARM.Collect$$libinit$$00000004) for __rt_lib_init_preinit_1
    libinit.o(.ARM.Collect$$libinit$$00000000) refers (Special) to libinit2.o(.ARM.Collect$$libinit$$0000000E) for __rt_lib_init_rand_1
    libinit.o(.ARM.Collect$$libinit$$00000000) refers (Special) to libinit2.o(.ARM.Collect$$libinit$$00000033) for __rt_lib_init_return
    libinit.o(.ARM.Collect$$libinit$$00000000) refers (Special) to libinit2.o(.ARM.Collect$$libinit$$0000001D) for __rt_lib_init_signal_1
    libinit.o(.ARM.Collect$$libinit$$00000000) refers (Special) to libinit2.o(.ARM.Collect$$libinit$$00000025) for __rt_lib_init_stdio_1
    libinit.o(.ARM.Collect$$libinit$$00000000) refers (Special) to libinit2.o(.ARM.Collect$$libinit$$0000000C) for __rt_lib_init_user_alloc_1
    libinit2.o(.ARM.Collect$$libinit$$00000001) refers to fpinit.o(x$fpl$fpinit) for _fp_init
    libinit2.o(.ARM.Collect$$libinit$$0000000F) refers (Weak) to rt_locale_intlibspace.o(.text) for __rt_locale
    libinit2.o(.ARM.Collect$$libinit$$00000010) refers to libinit2.o(.ARM.Collect$$libinit$$0000000F) for .ARM.Collect$$libinit$$0000000F
    libinit2.o(.ARM.Collect$$libinit$$00000012) refers to libinit2.o(.ARM.Collect$$libinit$$0000000F) for .ARM.Collect$$libinit$$0000000F
    libinit2.o(.ARM.Collect$$libinit$$00000014) refers to libinit2.o(.ARM.Collect$$libinit$$0000000F) for .ARM.Collect$$libinit$$0000000F
    libinit2.o(.ARM.Collect$$libinit$$00000016) refers to libinit2.o(.ARM.Collect$$libinit$$0000000F) for .ARM.Collect$$libinit$$0000000F
    libinit2.o(.ARM.Collect$$libinit$$00000016) refers (Weak) to lc_numeric_c.o(locale$$code) for _get_lc_numeric
    libinit2.o(.ARM.Collect$$libinit$$00000018) refers to libinit2.o(.ARM.Collect$$libinit$$0000000F) for .ARM.Collect$$libinit$$0000000F
    libinit2.o(.ARM.Collect$$libinit$$00000026) refers to argv_veneer.o(.emb_text) for __ARM_argv_veneer
    libinit2.o(.ARM.Collect$$libinit$$00000027) refers to argv_veneer.o(.emb_text) for __ARM_argv_veneer
    rtexit.o(.ARM.Collect$$rtexit$$00000000) refers (Special) to rtexit2.o(.ARM.Collect$$rtexit$$00000004) for __rt_exit_exit
    rtexit.o(.ARM.Collect$$rtexit$$00000000) refers (Special) to rtexit2.o(.ARM.Collect$$rtexit$$00000003) for __rt_exit_ls
    rtexit.o(.ARM.Collect$$rtexit$$00000000) refers (Special) to rtexit2.o(.ARM.Collect$$rtexit$$00000002) for __rt_exit_prels_1
    rtexit.o(.ARM.exidx) refers (Special) to rtexit2.o(.ARM.Collect$$rtexit$$00000004) for __rt_exit_exit
    rtexit.o(.ARM.exidx) refers (Special) to rtexit2.o(.ARM.Collect$$rtexit$$00000003) for __rt_exit_ls
    rtexit.o(.ARM.exidx) refers (Special) to rtexit2.o(.ARM.Collect$$rtexit$$00000002) for __rt_exit_prels_1
    rtexit.o(.ARM.exidx) refers to rtexit.o(.ARM.Collect$$rtexit$$00000000) for .ARM.Collect$$rtexit$$00000000
    rt_raise.o(.text) refers to __raise.o(.text) for __raise
    rt_raise.o(.text) refers to sys_exit.o(.text) for _sys_exit
    defsig_exit.o(.text) refers to sys_exit.o(.text) for _sys_exit
    defsig_fpe_inner.o(.text) refers to defsig_general.o(.text) for __default_signal_display
    argv_veneer.o(.emb_text) refers to no_argv.o(.text) for __ARM_get_argv
    sys_exit.o(.text) refers (Special) to use_no_semi.o(.text) for __I$use$semihosting
    sys_exit.o(.text) refers (Special) to indicate_semi.o(.text) for __semihosting_library_function
    rtexit2.o(.ARM.Collect$$rtexit$$00000003) refers to libshutdown.o(.ARM.Collect$$libshutdown$$00000000) for __rt_lib_shutdown
    rtexit2.o(.ARM.Collect$$rtexit$$00000004) refers to sys_exit.o(.text) for _sys_exit
    rtexit2.o(.ARM.exidx) refers to rtexit2.o(.ARM.Collect$$rtexit$$00000001) for .ARM.Collect$$rtexit$$00000001
    rtexit2.o(.ARM.exidx) refers to rtexit2.o(.ARM.Collect$$rtexit$$00000003) for .ARM.Collect$$rtexit$$00000003
    rtexit2.o(.ARM.exidx) refers to rtexit2.o(.ARM.Collect$$rtexit$$00000004) for .ARM.Collect$$rtexit$$00000004
    __raise.o(.text) refers to defsig.o(CL$$defsig) for __default_signal_handler
    defsig_general.o(.text) refers to sys_wrch.o(.text) for _ttywrch
    _get_argv_nomalloc.o(.text) refers (Special) to hrguard.o(.text) for __heap_region$guard
    _get_argv_nomalloc.o(.text) refers to defsig_rtmem_outer.o(.text) for __rt_SIGRTMEM
    _get_argv_nomalloc.o(.text) refers to sys_command.o(.text) for _sys_command_string
    sys_wrch.o(.text) refers (Special) to use_no_semi.o(.text) for __I$use$semihosting
    sys_wrch.o(.text) refers (Special) to indicate_semi.o(.text) for __semihosting_library_function
    sys_command.o(.text) refers (Special) to use_no_semi.o(.text) for __I$use$semihosting
    sys_command.o(.text) refers (Special) to indicate_semi.o(.text) for __semihosting_library_function
    defsig_rtmem_outer.o(.text) refers to defsig_rtmem_inner.o(.text) for __rt_SIGRTMEM_inner
    defsig_rtmem_outer.o(.text) refers to defsig_exit.o(.text) for __sig_exit
    defsig_rtmem_formal.o(.text) refers to rt_raise.o(.text) for __rt_raise
    defsig.o(CL$$defsig) refers to defsig_fpe_inner.o(.text) for __rt_SIGFPE_inner
    defsig.o(CL$$defsig) refers to defsig_rtmem_inner.o(.text) for __rt_SIGRTMEM_inner
    libshutdown.o(.ARM.Collect$$libshutdown$$00000000) refers (Special) to libshutdown2.o(.ARM.Collect$$libshutdown$$00000002) for __rt_lib_shutdown_cpp_1
    libshutdown.o(.ARM.Collect$$libshutdown$$00000000) refers (Special) to libshutdown2.o(.ARM.Collect$$libshutdown$$00000007) for __rt_lib_shutdown_fp_trap_1
    libshutdown.o(.ARM.Collect$$libshutdown$$00000000) refers (Special) to libshutdown2.o(.ARM.Collect$$libshutdown$$0000000F) for __rt_lib_shutdown_heap_1
    libshutdown.o(.ARM.Collect$$libshutdown$$00000000) refers (Special) to libshutdown2.o(.ARM.Collect$$libshutdown$$00000010) for __rt_lib_shutdown_return
    libshutdown.o(.ARM.Collect$$libshutdown$$00000000) refers (Special) to libshutdown2.o(.ARM.Collect$$libshutdown$$0000000A) for __rt_lib_shutdown_signal_1
    libshutdown.o(.ARM.Collect$$libshutdown$$00000000) refers (Special) to libshutdown2.o(.ARM.Collect$$libshutdown$$00000004) for __rt_lib_shutdown_stdio_1
    libshutdown.o(.ARM.Collect$$libshutdown$$00000000) refers (Special) to libshutdown2.o(.ARM.Collect$$libshutdown$$0000000C) for __rt_lib_shutdown_user_alloc_1
    defsig_abrt_inner.o(.text) refers to defsig_general.o(.text) for __default_signal_display
    defsig_rtred_inner.o(.text) refers to defsig_general.o(.text) for __default_signal_display
    defsig_rtmem_inner.o(.text) refers to defsig_general.o(.text) for __default_signal_display
    defsig_stak_inner.o(.text) refers to defsig_general.o(.text) for __default_signal_display
    defsig_pvfn_inner.o(.text) refers to defsig_general.o(.text) for __default_signal_display
    defsig_cppl_inner.o(.text) refers to defsig_general.o(.text) for __default_signal_display
    defsig_segv_inner.o(.text) refers to defsig_general.o(.text) for __default_signal_display
    defsig_other.o(.text) refers to defsig_general.o(.text) for __default_signal_display


==============================================================================

Removing Unused input sections from the image.

    Removing main.o(.rev16_text), (4 bytes).
    Removing main.o(.revsh_text), (4 bytes).
    Removing main.o(.rrx_text), (6 bytes).
    Removing main.o(i.dac_Configure), (84 bytes).
    Removing tim_5.o(.rev16_text), (4 bytes).
    Removing tim_5.o(.revsh_text), (4 bytes).
    Removing tim_5.o(.rrx_text), (6 bytes).
    Removing tim_9.o(.rev16_text), (4 bytes).
    Removing tim_9.o(.revsh_text), (4 bytes).
    Removing tim_9.o(.rrx_text), (6 bytes).
    Removing tim_12.o(.rev16_text), (4 bytes).
    Removing tim_12.o(.revsh_text), (4 bytes).
    Removing tim_12.o(.rrx_text), (6 bytes).
    Removing tim_10.o(.rev16_text), (4 bytes).
    Removing tim_10.o(.revsh_text), (4 bytes).
    Removing tim_10.o(.rrx_text), (6 bytes).
    Removing tim_13.o(.rev16_text), (4 bytes).
    Removing tim_13.o(.revsh_text), (4 bytes).
    Removing tim_13.o(.rrx_text), (6 bytes).
    Removing tim_1.o(.rev16_text), (4 bytes).
    Removing tim_1.o(.revsh_text), (4 bytes).
    Removing tim_1.o(.rrx_text), (6 bytes).
    Removing tim_2.o(.rev16_text), (4 bytes).
    Removing tim_2.o(.revsh_text), (4 bytes).
    Removing tim_2.o(.rrx_text), (6 bytes).
    Removing tim_3.o(.rev16_text), (4 bytes).
    Removing tim_3.o(.revsh_text), (4 bytes).
    Removing tim_3.o(.rrx_text), (6 bytes).
    Removing tim_4.o(.rev16_text), (4 bytes).
    Removing tim_4.o(.revsh_text), (4 bytes).
    Removing tim_4.o(.rrx_text), (6 bytes).
    Removing adc_1.o(.rev16_text), (4 bytes).
    Removing adc_1.o(.revsh_text), (4 bytes).
    Removing adc_1.o(.rrx_text), (6 bytes).
    Removing adc_2.o(.rev16_text), (4 bytes).
    Removing adc_2.o(.revsh_text), (4 bytes).
    Removing adc_2.o(.rrx_text), (6 bytes).
    Removing adc_2.o(i.adc_2_config), (112 bytes).
    Removing adc_3.o(.rev16_text), (4 bytes).
    Removing adc_3.o(.revsh_text), (4 bytes).
    Removing adc_3.o(.rrx_text), (6 bytes).
    Removing adc_3.o(i.adc_3_config), (112 bytes).
    Removing adc_gpio.o(.rev16_text), (4 bytes).
    Removing adc_gpio.o(.revsh_text), (4 bytes).
    Removing adc_gpio.o(.rrx_text), (6 bytes).
    Removing motor.o(.rev16_text), (4 bytes).
    Removing motor.o(.revsh_text), (4 bytes).
    Removing motor.o(.rrx_text), (6 bytes).
    Removing uart.o(.rev16_text), (4 bytes).
    Removing uart.o(.revsh_text), (4 bytes).
    Removing uart.o(.rrx_text), (6 bytes).
    Removing uart.o(i.display_stats), (136 bytes).
    Removing uart.o(.conststring), (76 bytes).
    Removing system_stm32f4xx.o(.rev16_text), (4 bytes).
    Removing system_stm32f4xx.o(.revsh_text), (4 bytes).
    Removing system_stm32f4xx.o(.rrx_text), (6 bytes).
    Removing system_stm32f4xx.o(i.SystemCoreClockUpdate), (192 bytes).
    Removing system_stm32f4xx.o(.data), (20 bytes).
    Removing arm_fir_f32.o(.rev16_text), (4 bytes).
    Removing arm_fir_f32.o(.revsh_text), (4 bytes).
    Removing arm_fir_f32.o(.rrx_text), (6 bytes).
    Removing arm_fir_init_f32.o(.rev16_text), (4 bytes).
    Removing arm_fir_init_f32.o(.revsh_text), (4 bytes).
    Removing arm_fir_init_f32.o(.rrx_text), (6 bytes).

64 unused section(s) (total 998 bytes) removed from the image.

==============================================================================

Image Symbol Table

    Local Symbols

    Symbol Name                              Value     Ov Type        Size  Object(Section)

    ../clib/angel/boardlib.s                 0x00000000   Number         0  boardshut.o ABSOLUTE
    ../clib/angel/boardlib.s                 0x00000000   Number         0  boardinit2.o ABSOLUTE
    ../clib/angel/boardlib.s                 0x00000000   Number         0  boardinit1.o ABSOLUTE
    ../clib/angel/boardlib.s                 0x00000000   Number         0  boardinit3.o ABSOLUTE
    ../clib/angel/dclz77c.s                  0x00000000   Number         0  __dclz77c.o ABSOLUTE
    ../clib/angel/handlers.s                 0x00000000   Number         0  __scatter_zi.o ABSOLUTE
    ../clib/angel/kernel.s                   0x00000000   Number         0  __rtentry.o ABSOLUTE
    ../clib/angel/kernel.s                   0x00000000   Number         0  __rtentry4.o ABSOLUTE
    ../clib/angel/kernel.s                   0x00000000   Number         0  rtexit.o ABSOLUTE
    ../clib/angel/kernel.s                   0x00000000   Number         0  __rtentry2.o ABSOLUTE
    ../clib/angel/kernel.s                   0x00000000   Number         0  rtexit2.o ABSOLUTE
    ../clib/angel/rt.s                       0x00000000   Number         0  rt_locale_intlibspace.o ABSOLUTE
    ../clib/angel/rt.s                       0x00000000   Number         0  rt_raise.o ABSOLUTE
    ../clib/angel/rt.s                       0x00000000   Number         0  rt_locale.o ABSOLUTE
    ../clib/angel/scatter.s                  0x00000000   Number         0  __scatter.o ABSOLUTE
    ../clib/angel/startup.s                  0x00000000   Number         0  __main.o ABSOLUTE
    ../clib/angel/sys.s                      0x00000000   Number         0  libspace.o ABSOLUTE
    ../clib/angel/sys.s                      0x00000000   Number         0  sys_stackheap_outer.o ABSOLUTE
    ../clib/angel/sys.s                      0x00000000   Number         0  indicate_semi.o ABSOLUTE
    ../clib/angel/sys.s                      0x00000000   Number         0  use_no_semi.o ABSOLUTE
    ../clib/angel/sysapp.c                   0x00000000   Number         0  sys_exit.o ABSOLUTE
    ../clib/angel/sysapp.c                   0x00000000   Number         0  sys_command.o ABSOLUTE
    ../clib/angel/sysapp.c                   0x00000000   Number         0  sys_wrch.o ABSOLUTE
    ../clib/armsys.c                         0x00000000   Number         0  argv_veneer.o ABSOLUTE
    ../clib/armsys.c                         0x00000000   Number         0  argv_veneer.o ABSOLUTE
    ../clib/armsys.c                         0x00000000   Number         0  no_argv.o ABSOLUTE
    ../clib/armsys.c                         0x00000000   Number         0  _get_argv_nomalloc.o ABSOLUTE
    ../clib/bigflt.c                         0x00000000   Number         0  bigflt0.o ABSOLUTE
    ../clib/btod.s                           0x00000000   Number         0  btod.o ABSOLUTE
    ../clib/fenv.c                           0x00000000   Number         0  _fptrap.o ABSOLUTE
    ../clib/heapalloc.c                      0x00000000   Number         0  hrguard.o ABSOLUTE
    ../clib/heapaux.c                        0x00000000   Number         0  heapauxi.o ABSOLUTE
    ../clib/libinit.s                        0x00000000   Number         0  libshutdown.o ABSOLUTE
    ../clib/libinit.s                        0x00000000   Number         0  libshutdown2.o ABSOLUTE
    ../clib/libinit.s                        0x00000000   Number         0  libinit.o ABSOLUTE
    ../clib/libinit.s                        0x00000000   Number         0  libinit2.o ABSOLUTE
    ../clib/locale.s                         0x00000000   Number         0  lc_numeric_c.o ABSOLUTE
    ../clib/longlong.s                       0x00000000   Number         0  lludiv10.o ABSOLUTE
    ../clib/memcpset.s                       0x00000000   Number         0  rt_memclr.o ABSOLUTE
    ../clib/memcpset.s                       0x00000000   Number         0  rt_memclr_w.o ABSOLUTE
    ../clib/memcpset.s                       0x00000000   Number         0  strcmpv7m.o ABSOLUTE
    ../clib/memcpset.s                       0x00000000   Number         0  strncpy.o ABSOLUTE
    ../clib/misc.s                           0x00000000   Number         0  printf_stubs.o ABSOLUTE
    ../clib/printf.c                         0x00000000   Number         0  __printf_flags_ss.o ABSOLUTE
    ../clib/printf.c                         0x00000000   Number         0  _printf_fp_dec.o ABSOLUTE
    ../clib/printf.c                         0x00000000   Number         0  _printf_char_common.o ABSOLUTE
    ../clib/printf.c                         0x00000000   Number         0  __printf_ss.o ABSOLUTE
    ../clib/printf.c                         0x00000000   Number         0  __printf_flags.o ABSOLUTE
    ../clib/printf.c                         0x00000000   Number         0  __printf_nopercent.o ABSOLUTE
    ../clib/printf.c                         0x00000000   Number         0  _printf_fp_infnan.o ABSOLUTE
    ../clib/printf.c                         0x00000000   Number         0  _printf_pad.o ABSOLUTE
    ../clib/printf.c                         0x00000000   Number         0  __printf.o ABSOLUTE
    ../clib/printf.c                         0x00000000   Number         0  noretval__2sprintf.o ABSOLUTE
    ../clib/printf.c                         0x00000000   Number         0  _sputc.o ABSOLUTE
    ../clib/printf.c                         0x00000000   Number         0  __2sprintf.o ABSOLUTE
    ../clib/printf.c                         0x00000000   Number         0  _printf_intcommon.o ABSOLUTE
    ../clib/printf.c                         0x00000000   Number         0  __printf_flags_ss_wp.o ABSOLUTE
    ../clib/printf.c                         0x00000000   Number         0  __printf_ss_wp.o ABSOLUTE
    ../clib/printf.c                         0x00000000   Number         0  __printf_flags_wp.o ABSOLUTE
    ../clib/printf.c                         0x00000000   Number         0  __printf_wp.o ABSOLUTE
    ../clib/printf.c                         0x00000000   Number         0  _printf_dec.o ABSOLUTE
    ../clib/printf_percent.s                 0x00000000   Number         0  _printf_percent_end.o ABSOLUTE
    ../clib/printf_percent.s                 0x00000000   Number         0  _printf_percent.o ABSOLUTE
    ../clib/printf_percent.s                 0x00000000   Number         0  _printf_f.o ABSOLUTE
    ../clib/printf_percent.s                 0x00000000   Number         0  _printf_d.o ABSOLUTE
    ../clib/signal.c                         0x00000000   Number         0  defsig_rtmem_inner.o ABSOLUTE
    ../clib/signal.c                         0x00000000   Number         0  defsig_rtred_inner.o ABSOLUTE
    ../clib/signal.c                         0x00000000   Number         0  defsig_abrt_inner.o ABSOLUTE
    ../clib/signal.c                         0x00000000   Number         0  defsig_rtmem_formal.o ABSOLUTE
    ../clib/signal.c                         0x00000000   Number         0  defsig_rtmem_outer.o ABSOLUTE
    ../clib/signal.c                         0x00000000   Number         0  defsig_general.o ABSOLUTE
    ../clib/signal.c                         0x00000000   Number         0  __raise.o ABSOLUTE
    ../clib/signal.c                         0x00000000   Number         0  defsig_fpe_inner.o ABSOLUTE
    ../clib/signal.c                         0x00000000   Number         0  defsig_other.o ABSOLUTE
    ../clib/signal.c                         0x00000000   Number         0  defsig_fpe_formal.o ABSOLUTE
    ../clib/signal.c                         0x00000000   Number         0  defsig_fpe_outer.o ABSOLUTE
    ../clib/signal.c                         0x00000000   Number         0  defsig_exit.o ABSOLUTE
    ../clib/signal.c                         0x00000000   Number         0  defsig_segv_inner.o ABSOLUTE
    ../clib/signal.c                         0x00000000   Number         0  defsig_cppl_inner.o ABSOLUTE
    ../clib/signal.c                         0x00000000   Number         0  defsig_pvfn_inner.o ABSOLUTE
    ../clib/signal.c                         0x00000000   Number         0  defsig_stak_inner.o ABSOLUTE
    ../clib/signal.s                         0x00000000   Number         0  defsig.o ABSOLUTE
    ../clib/stdlib.c                         0x00000000   Number         0  exit.o ABSOLUTE
    ../clib/string.c                         0x00000000   Number         0  strcpy.o ABSOLUTE
    ../fplib/d2f.s                           0x00000000   Number         0  d2f_clz.o ABSOLUTE
    ../fplib/daddsub.s                       0x00000000   Number         0  daddsub_clz.o ABSOLUTE
    ../fplib/ddiv.s                          0x00000000   Number         0  ddiv_clz.o ABSOLUTE
    ../fplib/dflt.s                          0x00000000   Number         0  dflt_clz.o ABSOLUTE
    ../fplib/dmul.s                          0x00000000   Number         0  dmul_clz.o ABSOLUTE
    ../fplib/dnaninf.s                       0x00000000   Number         0  dnaninf.o ABSOLUTE
    ../fplib/drenorm.s                       0x00000000   Number         0  drenorm_clz.o ABSOLUTE
    ../fplib/dretinf.s                       0x00000000   Number         0  dretinf.o ABSOLUTE
    ../fplib/dunder.s                        0x00000000   Number         0  dunder_clz.o ABSOLUTE
    ../fplib/except.s                        0x00000000   Number         0  except.o ABSOLUTE
    ../fplib/f2d.s                           0x00000000   Number         0  f2d.o ABSOLUTE
    ../fplib/fnaninf.s                       0x00000000   Number         0  fnaninf.o ABSOLUTE
    ../fplib/fpinit.s                        0x00000000   Number         0  fpinit.o ABSOLUTE
    ../fplib/fretinf.s                       0x00000000   Number         0  fretinf.o ABSOLUTE
    ../fplib/funder.s                        0x00000000   Number         0  funder_clz.o ABSOLUTE
    ../fplib/istatus.s                       0x00000000   Number         0  istatus.o ABSOLUTE
    ../fplib/printf1.s                       0x00000000   Number         0  printf1.o ABSOLUTE
    ../fplib/retnan.s                        0x00000000   Number         0  retnan.o ABSOLUTE
    ../fplib/trapv.s                         0x00000000   Number         0  trapv.o ABSOLUTE
    ../fplib/usenofp.s                       0x00000000   Number         0  usenofp.o ABSOLUTE
    ../mathlib/fabs.c                        0x00000000   Number         0  fabs.o ABSOLUTE
    ../mathlib/fpclassify.c                  0x00000000   Number         0  fpclassify.o ABSOLUTE
    ..\FilteringFunctions\arm_fir_f32.c      0x00000000   Number         0  arm_fir_f32.o ABSOLUTE
    ..\FilteringFunctions\arm_fir_init_f32.c 0x00000000   Number         0  arm_fir_init_f32.o ABSOLUTE
    ..\\FilteringFunctions\\arm_fir_f32.c    0x00000000   Number         0  arm_fir_f32.o ABSOLUTE
    ..\\FilteringFunctions\\arm_fir_init_f32.c 0x00000000   Number         0  arm_fir_init_f32.o ABSOLUTE
    Motor.c                                  0x00000000   Number         0  motor.o ABSOLUTE
    Motor.c                                  0x00000000   Number         0  motor.o ABSOLUTE
    RTE\Device\STM32F407VGTx\startup_stm32f407xx.s 0x00000000   Number         0  startup_stm32f407xx.o ABSOLUTE
    RTE\Device\STM32F407VGTx\system_stm32f4xx.c 0x00000000   Number         0  system_stm32f4xx.o ABSOLUTE
    RTE\\Device\\STM32F407VGTx\\system_stm32f4xx.c 0x00000000   Number         0  system_stm32f4xx.o ABSOLUTE
    adc_1.c                                  0x00000000   Number         0  adc_1.o ABSOLUTE
    adc_1.c                                  0x00000000   Number         0  adc_1.o ABSOLUTE
    adc_2.c                                  0x00000000   Number         0  adc_2.o ABSOLUTE
    adc_2.c                                  0x00000000   Number         0  adc_2.o ABSOLUTE
    adc_3.c                                  0x00000000   Number         0  adc_3.o ABSOLUTE
    adc_3.c                                  0x00000000   Number         0  adc_3.o ABSOLUTE
    adc_gpio.c                               0x00000000   Number         0  adc_gpio.o ABSOLUTE
    adc_gpio.c                               0x00000000   Number         0  adc_gpio.o ABSOLUTE
    dc.s                                     0x00000000   Number         0  dc.o ABSOLUTE
    main.c                                   0x00000000   Number         0  main.o ABSOLUTE
    main.c                                   0x00000000   Number         0  main.o ABSOLUTE
    tim_1.c                                  0x00000000   Number         0  tim_1.o ABSOLUTE
    tim_1.c                                  0x00000000   Number         0  tim_1.o ABSOLUTE
    tim_10.c                                 0x00000000   Number         0  tim_10.o ABSOLUTE
    tim_10.c                                 0x00000000   Number         0  tim_10.o ABSOLUTE
    tim_12.c                                 0x00000000   Number         0  tim_12.o ABSOLUTE
    tim_12.c                                 0x00000000   Number         0  tim_12.o ABSOLUTE
    tim_13.c                                 0x00000000   Number         0  tim_13.o ABSOLUTE
    tim_13.c                                 0x00000000   Number         0  tim_13.o ABSOLUTE
    tim_2.c                                  0x00000000   Number         0  tim_2.o ABSOLUTE
    tim_2.c                                  0x00000000   Number         0  tim_2.o ABSOLUTE
    tim_3.c                                  0x00000000   Number         0  tim_3.o ABSOLUTE
    tim_3.c                                  0x00000000   Number         0  tim_3.o ABSOLUTE
    tim_4.c                                  0x00000000   Number         0  tim_4.o ABSOLUTE
    tim_4.c                                  0x00000000   Number         0  tim_4.o ABSOLUTE
    tim_5.c                                  0x00000000   Number         0  tim_5.o ABSOLUTE
    tim_5.c                                  0x00000000   Number         0  tim_5.o ABSOLUTE
    tim_9.c                                  0x00000000   Number         0  tim_9.o ABSOLUTE
    tim_9.c                                  0x00000000   Number         0  tim_9.o ABSOLUTE
    uart.c                                   0x00000000   Number         0  uart.o ABSOLUTE
    uart.c                                   0x00000000   Number         0  uart.o ABSOLUTE
    RESET                                    0x08000000   Section      392  startup_stm32f407xx.o(RESET)
    !!!main                                  0x08000188   Section        8  __main.o(!!!main)
    !!!scatter                               0x08000190   Section       52  __scatter.o(!!!scatter)
    !!dclz77c                                0x080001c4   Section      100  __dclz77c.o(!!dclz77c)
    !!handler_zi                             0x08000228   Section       28  __scatter_zi.o(!!handler_zi)
    .ARM.Collect$$libinit$$00000000          0x08000244   Section        2  libinit.o(.ARM.Collect$$libinit$$00000000)
    .ARM.Collect$$libinit$$00000001          0x08000246   Section        4  libinit2.o(.ARM.Collect$$libinit$$00000001)
    .ARM.Collect$$libinit$$00000004          0x0800024a   Section        0  libinit2.o(.ARM.Collect$$libinit$$00000004)
    .ARM.Collect$$libinit$$0000000A          0x0800024a   Section        0  libinit2.o(.ARM.Collect$$libinit$$0000000A)
    .ARM.Collect$$libinit$$0000000C          0x0800024a   Section        0  libinit2.o(.ARM.Collect$$libinit$$0000000C)
    .ARM.Collect$$libinit$$0000000E          0x0800024a   Section        0  libinit2.o(.ARM.Collect$$libinit$$0000000E)
    .ARM.Collect$$libinit$$00000011          0x0800024a   Section        0  libinit2.o(.ARM.Collect$$libinit$$00000011)
    .ARM.Collect$$libinit$$00000013          0x0800024a   Section        0  libinit2.o(.ARM.Collect$$libinit$$00000013)
    .ARM.Collect$$libinit$$00000015          0x0800024a   Section        0  libinit2.o(.ARM.Collect$$libinit$$00000015)
    .ARM.Collect$$libinit$$00000017          0x0800024a   Section        0  libinit2.o(.ARM.Collect$$libinit$$00000017)
    .ARM.Collect$$libinit$$00000019          0x0800024a   Section        0  libinit2.o(.ARM.Collect$$libinit$$00000019)
    .ARM.Collect$$libinit$$0000001B          0x0800024a   Section        0  libinit2.o(.ARM.Collect$$libinit$$0000001B)
    .ARM.Collect$$libinit$$0000001D          0x0800024a   Section        0  libinit2.o(.ARM.Collect$$libinit$$0000001D)
    .ARM.Collect$$libinit$$0000001F          0x0800024a   Section        0  libinit2.o(.ARM.Collect$$libinit$$0000001F)
    .ARM.Collect$$libinit$$00000021          0x0800024a   Section        0  libinit2.o(.ARM.Collect$$libinit$$00000021)
    .ARM.Collect$$libinit$$00000023          0x0800024a   Section        0  libinit2.o(.ARM.Collect$$libinit$$00000023)
    .ARM.Collect$$libinit$$00000025          0x0800024a   Section        0  libinit2.o(.ARM.Collect$$libinit$$00000025)
    .ARM.Collect$$libinit$$0000002C          0x0800024a   Section        0  libinit2.o(.ARM.Collect$$libinit$$0000002C)
    .ARM.Collect$$libinit$$0000002E          0x0800024a   Section        0  libinit2.o(.ARM.Collect$$libinit$$0000002E)
    .ARM.Collect$$libinit$$00000030          0x0800024a   Section        0  libinit2.o(.ARM.Collect$$libinit$$00000030)
    .ARM.Collect$$libinit$$00000032          0x0800024a   Section        0  libinit2.o(.ARM.Collect$$libinit$$00000032)
    .ARM.Collect$$libinit$$00000033          0x0800024a   Section        2  libinit2.o(.ARM.Collect$$libinit$$00000033)
    .ARM.Collect$$libshutdown$$00000000      0x0800024c   Section        2  libshutdown.o(.ARM.Collect$$libshutdown$$00000000)
    .ARM.Collect$$libshutdown$$00000002      0x0800024e   Section        0  libshutdown2.o(.ARM.Collect$$libshutdown$$00000002)
    .ARM.Collect$$libshutdown$$00000004      0x0800024e   Section        0  libshutdown2.o(.ARM.Collect$$libshutdown$$00000004)
    .ARM.Collect$$libshutdown$$00000007      0x0800024e   Section        0  libshutdown2.o(.ARM.Collect$$libshutdown$$00000007)
    .ARM.Collect$$libshutdown$$0000000A      0x0800024e   Section        0  libshutdown2.o(.ARM.Collect$$libshutdown$$0000000A)
    .ARM.Collect$$libshutdown$$0000000C      0x0800024e   Section        0  libshutdown2.o(.ARM.Collect$$libshutdown$$0000000C)
    .ARM.Collect$$libshutdown$$0000000F      0x0800024e   Section        0  libshutdown2.o(.ARM.Collect$$libshutdown$$0000000F)
    .ARM.Collect$$libshutdown$$00000010      0x0800024e   Section        2  libshutdown2.o(.ARM.Collect$$libshutdown$$00000010)
    .ARM.Collect$$rtentry$$00000000          0x08000250   Section        0  __rtentry.o(.ARM.Collect$$rtentry$$00000000)
    .ARM.Collect$$rtentry$$00000002          0x08000250   Section        0  __rtentry2.o(.ARM.Collect$$rtentry$$00000002)
    .ARM.Collect$$rtentry$$00000004          0x08000250   Section        6  __rtentry4.o(.ARM.Collect$$rtentry$$00000004)
    .ARM.Collect$$rtentry$$00000009          0x08000256   Section        0  __rtentry2.o(.ARM.Collect$$rtentry$$00000009)
    .ARM.Collect$$rtentry$$0000000A          0x08000256   Section        4  __rtentry2.o(.ARM.Collect$$rtentry$$0000000A)
    .ARM.Collect$$rtentry$$0000000C          0x0800025a   Section        0  __rtentry2.o(.ARM.Collect$$rtentry$$0000000C)
    .ARM.Collect$$rtentry$$0000000D          0x0800025a   Section        8  __rtentry2.o(.ARM.Collect$$rtentry$$0000000D)
    .ARM.Collect$$rtexit$$00000000           0x08000262   Section        2  rtexit.o(.ARM.Collect$$rtexit$$00000000)
    .ARM.Collect$$rtexit$$00000002           0x08000264   Section        0  rtexit2.o(.ARM.Collect$$rtexit$$00000002)
    .ARM.Collect$$rtexit$$00000003           0x08000264   Section        4  rtexit2.o(.ARM.Collect$$rtexit$$00000003)
    .ARM.Collect$$rtexit$$00000004           0x08000268   Section        6  rtexit2.o(.ARM.Collect$$rtexit$$00000004)
    .text                                    0x08000270   Section       64  startup_stm32f407xx.o(.text)
    $v0                                      0x08000270   Number         0  startup_stm32f407xx.o(.text)
    .text                                    0x080002b0   Section        0  arm_fir_f32.o(.text)
    .text                                    0x080007e2   Section        0  arm_fir_init_f32.o(.text)
    .text                                    0x080007fe   Section        0  strcpy.o(.text)
    .text                                    0x08000846   Section       78  rt_memclr_w.o(.text)
    .text                                    0x08000894   Section       86  strncpy.o(.text)
    .text                                    0x080008ec   Section      128  strcmpv7m.o(.text)
    .text                                    0x0800096c   Section        0  heapauxi.o(.text)
    .text                                    0x08000972   Section       68  rt_memclr.o(.text)
    .text                                    0x080009b8   Section        0  _fptrap.o(.text)
    .text                                    0x080009e8   Section        8  libspace.o(.text)
    .text                                    0x080009f0   Section       74  sys_stackheap_outer.o(.text)
    .text                                    0x08000a3a   Section        0  exit.o(.text)
    .text                                    0x08000a4c   Section        0  defsig_fpe_outer.o(.text)
    .text                                    0x08000a5a   Section        0  defsig_exit.o(.text)
    .text                                    0x08000a64   Section        0  defsig_fpe_inner.o(.text)
    .text                                    0x08000b10   Section        0  sys_exit.o(.text)
    .text                                    0x08000b1c   Section        0  defsig_general.o(.text)
    .text                                    0x08000b4e   Section        0  sys_wrch.o(.text)
    .text                                    0x08000b5c   Section        2  use_no_semi.o(.text)
    .text                                    0x08000b5e   Section        0  indicate_semi.o(.text)
    i.Motor_1_Change_DCYC                    0x08000b60   Section        0  motor.o(i.Motor_1_Change_DCYC)
    i.Motor_2_Change_DCYC                    0x08000ce0   Section        0  motor.o(i.Motor_2_Change_DCYC)
    i.Motor_3_Change_DCYC                    0x08000e54   Section        0  motor.o(i.Motor_3_Change_DCYC)
    i.Motor_4_Change_DCYC                    0x08000fd4   Section        0  motor.o(i.Motor_4_Change_DCYC)
    i.Motor_Calc_Speed                       0x08001164   Section        0  motor.o(i.Motor_Calc_Speed)
    i.Motor_ISR                              0x08001214   Section        0  motor.o(i.Motor_ISR)
    i.Motor_Update_PID                       0x08001350   Section        0  motor.o(i.Motor_Update_PID)
    i.Motor_init                             0x0800147c   Section        0  motor.o(i.Motor_init)
    i.SystemInit                             0x0800152c   Section        0  system_stm32f4xx.o(i.SystemInit)
    i.TIM1_UP_TIM10_IRQHandler               0x08001590   Section        0  main.o(i.TIM1_UP_TIM10_IRQHandler)
    i.TIM8_UP_TIM13_IRQHandler               0x080015e4   Section        0  main.o(i.TIM8_UP_TIM13_IRQHandler)
    i.USART2_IRQHandler                      0x08001658   Section        0  main.o(i.USART2_IRQHandler)
    i.USART_IRQHandler                       0x08001678   Section        0  uart.o(i.USART_IRQHandler)
    i.USART_Init                             0x080016a8   Section        0  uart.o(i.USART_Init)
    i.USART_Write                            0x08001720   Section        0  uart.o(i.USART_Write)
    i.__hardfp_fabs                          0x08001754   Section        0  fabs.o(i.__hardfp_fabs)
    i.adc_1_config                           0x08001768   Section        0  adc_1.o(i.adc_1_config)
    i.adc_gpio_init                          0x080017bc   Section        0  adc_gpio.o(i.adc_gpio_init)
    i.calc_error                             0x0800188c   Section        0  main.o(i.calc_error)
    i.decode                                 0x08001cd0   Section        0  main.o(i.decode)
    i.main                                   0x08001ddc   Section        0  main.o(i.main)
    i.sysclk_Configure                       0x08001f28   Section        0  main.o(i.sysclk_Configure)
    i.tim_10_config                          0x08001f58   Section        0  tim_10.o(i.tim_10_config)
    i.tim_12_config                          0x0800200c   Section        0  tim_12.o(i.tim_12_config)
    i.tim_12_gpio_init                       0x080020c8   Section        0  tim_12.o(i.tim_12_gpio_init)
    i.tim_13_config                          0x080021ec   Section        0  tim_13.o(i.tim_13_config)
    i.tim_1_config                           0x080022a8   Section        0  tim_1.o(i.tim_1_config)
    i.tim_1_gpio_init                        0x0800232c   Section        0  tim_1.o(i.tim_1_gpio_init)
    i.tim_2_config                           0x08002384   Section        0  tim_2.o(i.tim_2_config)
    i.tim_2_gpio_init                        0x08002404   Section        0  tim_2.o(i.tim_2_gpio_init)
    i.tim_3_config                           0x08002468   Section        0  tim_3.o(i.tim_3_config)
    i.tim_3_gpio_init                        0x08002500   Section        0  tim_3.o(i.tim_3_gpio_init)
    i.tim_4_config                           0x08002564   Section        0  tim_4.o(i.tim_4_config)
    i.tim_4_gpio_init                        0x080025fc   Section        0  tim_4.o(i.tim_4_gpio_init)
    i.tim_5_config                           0x08002660   Section        0  tim_5.o(i.tim_5_config)
    i.tim_5_gpio_init                        0x08002768   Section        0  tim_5.o(i.tim_5_gpio_init)
    i.tim_9_config                           0x08002924   Section        0  tim_9.o(i.tim_9_config)
    i.tim_9_gpio_init                        0x080029bc   Section        0  tim_9.o(i.tim_9_gpio_init)
    i.uart_gpio_init                         0x08002a9c   Section        0  uart.o(i.uart_gpio_init)
    x$fpl$d2f                                0x08002b0c   Section      708  d2f_clz.o(x$fpl$d2f)
    $v0                                      0x08002b0c   Number         0  d2f_clz.o(x$fpl$d2f)
    x$fpl$dadd                               0x08002dd0   Section      588  daddsub_clz.o(x$fpl$dadd)
    $v0                                      0x08002dd0   Number         0  daddsub_clz.o(x$fpl$dadd)
    _dadd1                                   0x08002dfb   Thumb Code     0  daddsub_clz.o(x$fpl$dadd)
    dadd_zerodenorm                          0x08002f9b   Thumb Code     0  daddsub_clz.o(x$fpl$dadd)
    x$fpl$ddiv                               0x0800301c   Section      892  ddiv_clz.o(x$fpl$ddiv)
    $v0                                      0x0800301c   Number         0  ddiv_clz.o(x$fpl$ddiv)
    ddiv_entry                               0x08003023   Thumb Code     0  ddiv_clz.o(x$fpl$ddiv)
    x$fpl$dfltn                              0x08003398   Section       26  dflt_clz.o(x$fpl$dfltn)
    $v0                                      0x08003398   Number         0  dflt_clz.o(x$fpl$dfltn)
    x$fpl$dfltu                              0x080033b2   Section       38  dflt_clz.o(x$fpl$dfltu)
    $v0                                      0x080033b2   Number         0  dflt_clz.o(x$fpl$dfltu)
    x$fpl$dmul                               0x080033d8   Section      448  dmul_clz.o(x$fpl$dmul)
    $v0                                      0x080033d8   Number         0  dmul_clz.o(x$fpl$dmul)
    x$fpl$dnaninf                            0x08003598   Section      258  dnaninf.o(x$fpl$dnaninf)
    $v0                                      0x08003598   Number         0  dnaninf.o(x$fpl$dnaninf)
    x$fpl$drenorm                            0x0800369a   Section      112  drenorm_clz.o(x$fpl$drenorm)
    $v0                                      0x0800369a   Number         0  drenorm_clz.o(x$fpl$drenorm)
    x$fpl$dretinf                            0x0800370a   Section       12  dretinf.o(x$fpl$dretinf)
    $v0                                      0x0800370a   Number         0  dretinf.o(x$fpl$dretinf)
    x$fpl$drsb                               0x08003718   Section       80  daddsub_clz.o(x$fpl$drsb)
    $v0                                      0x08003718   Number         0  daddsub_clz.o(x$fpl$drsb)
    x$fpl$dsub                               0x08003768   Section      668  daddsub_clz.o(x$fpl$dsub)
    $v0                                      0x08003768   Number         0  daddsub_clz.o(x$fpl$dsub)
    _dsub1                                   0x08003793   Thumb Code     0  daddsub_clz.o(x$fpl$dsub)
    daddsub_denorm                           0x08003957   Thumb Code     0  daddsub_clz.o(x$fpl$dsub)
    dsub_uncommon_first                      0x0800396b   Thumb Code     0  daddsub_clz.o(x$fpl$dsub)
    dsub_zerodenorm                          0x08003989   Thumb Code     0  daddsub_clz.o(x$fpl$dsub)
    x$fpl$dunder                             0x08003a04   Section      378  dunder_clz.o(x$fpl$dunder)
    $v0                                      0x08003a04   Number         0  dunder_clz.o(x$fpl$dunder)
    x$fpl$exception                          0x08003b80   Section      492  except.o(x$fpl$exception)
    $v0                                      0x08003b80   Number         0  except.o(x$fpl$exception)
    x$fpl$f2d                                0x08003d6c   Section      122  f2d.o(x$fpl$f2d)
    $v0                                      0x08003d6c   Number         0  f2d.o(x$fpl$f2d)
    x$fpl$fnaninf                            0x08003de6   Section      242  fnaninf.o(x$fpl$fnaninf)
    $v0                                      0x08003de6   Number         0  fnaninf.o(x$fpl$fnaninf)
    x$fpl$fpinit                             0x08003ed8   Section       10  fpinit.o(x$fpl$fpinit)
    $v0                                      0x08003ed8   Number         0  fpinit.o(x$fpl$fpinit)
    x$fpl$fretinf                            0x08003ee2   Section       10  fretinf.o(x$fpl$fretinf)
    $v0                                      0x08003ee2   Number         0  fretinf.o(x$fpl$fretinf)
    x$fpl$funder                             0x08003eec   Section      316  funder_clz.o(x$fpl$funder)
    $v0                                      0x08003eec   Number         0  funder_clz.o(x$fpl$funder)
    x$fpl$retnan                             0x08004028   Section      178  retnan.o(x$fpl$retnan)
    $v0                                      0x08004028   Number         0  retnan.o(x$fpl$retnan)
    x$fpl$trapveneer                         0x080040da   Section      126  trapv.o(x$fpl$trapveneer)
    $v0                                      0x080040da   Number         0  trapv.o(x$fpl$trapveneer)
    x$fpl$usenofp                            0x08004158   Section        0  usenofp.o(x$fpl$usenofp)
    .data                                    0x20000000   Section        5  main.o(.data)
    .data                                    0x20000008   Section     2000  motor.o(.data)
    .bss                                     0x200007d8   Section     9088  main.o(.bss)
    .bss                                     0x20002b58   Section       96  libspace.o(.bss)
    HEAP                                     0x20002bb8   Section      512  startup_stm32f407xx.o(HEAP)
    Heap_Mem                                 0x20002bb8   Data         512  startup_stm32f407xx.o(HEAP)
    STACK                                    0x20002db8   Section     1024  startup_stm32f407xx.o(STACK)
    Stack_Mem                                0x20002db8   Data        1024  startup_stm32f407xx.o(STACK)
    __initial_sp                             0x200031b8   Data           0  startup_stm32f407xx.o(STACK)

    Global Symbols

    Symbol Name                              Value     Ov Type        Size  Object(Section)

    BuildAttributes$$THM_ISAv4$E$P$D$K$B$S$7EM$VFPi3$EXTD16$VFPS$VFMA$PE$A:L22UL41UL21$X:L11$S22US41US21$IEEE1$IW$USESV6$~STKCKD$USESV7$~SHL$OTIME$ROPI$IEEEX$EBA8$UX$STANDARDLIB$REQ8$PRES8$EABIv2 0x00000000   Number         0  anon$$obj.o ABSOLUTE
    __ARM_use_no_argv                        0x00000000   Number         0  main.o ABSOLUTE
    _printf_flags                            0x00000000   Number         0  printf_stubs.o ABSOLUTE
    _printf_return_value                     0x00000000   Number         0  printf_stubs.o ABSOLUTE
    _printf_sizespec                         0x00000000   Number         0  printf_stubs.o ABSOLUTE
    _printf_widthprec                        0x00000000   Number         0  printf_stubs.o ABSOLUTE
    __ARM_exceptions_init                     - Undefined Weak Reference
    __alloca_initialize                       - Undefined Weak Reference
    __arm_preinit_                            - Undefined Weak Reference
    __cpp_initialize__aeabi_                  - Undefined Weak Reference
    __cxa_finalize                            - Undefined Weak Reference
    __sigvec_lookup                           - Undefined Weak Reference
    _atexit_init                              - Undefined Weak Reference
    _call_atexit_fns                          - Undefined Weak Reference
    _clock_init                               - Undefined Weak Reference
    _fp_trap_big                              - Undefined Weak Reference
    _fp_trap_init                             - Undefined Weak Reference
    _fp_trap_shutdown                         - Undefined Weak Reference
    _get_lc_collate                           - Undefined Weak Reference
    _get_lc_ctype                             - Undefined Weak Reference
    _get_lc_monetary                          - Undefined Weak Reference
    _get_lc_time                              - Undefined Weak Reference
    _getenv_init                              - Undefined Weak Reference
    _handle_redirection                       - Undefined Weak Reference
    _init_alloc                               - Undefined Weak Reference
    _init_user_alloc                          - Undefined Weak Reference
    _initio                                   - Undefined Weak Reference
    _printf_truncate_signed                   - Undefined Weak Reference
    _printf_truncate_unsigned                 - Undefined Weak Reference
    _rand_init                                - Undefined Weak Reference
    _signal_finish                            - Undefined Weak Reference
    _signal_init                              - Undefined Weak Reference
    _terminate_alloc                          - Undefined Weak Reference
    _terminate_user_alloc                     - Undefined Weak Reference
    _terminateio                              - Undefined Weak Reference
    __Vectors_Size                           0x00000188   Number         0  startup_stm32f407xx.o ABSOLUTE
    __Vectors                                0x08000000   Data           4  startup_stm32f407xx.o(RESET)
    __Vectors_End                            0x08000188   Data           0  startup_stm32f407xx.o(RESET)
    __main                                   0x08000189   Thumb Code     8  __main.o(!!!main)
    __scatterload                            0x08000191   Thumb Code     0  __scatter.o(!!!scatter)
    __scatterload_rt2                        0x08000191   Thumb Code    44  __scatter.o(!!!scatter)
    __scatterload_rt2_thumb_only             0x08000191   Thumb Code     0  __scatter.o(!!!scatter)
    __scatterload_null                       0x0800019f   Thumb Code     0  __scatter.o(!!!scatter)
    __decompress                             0x080001c5   Thumb Code   100  __dclz77c.o(!!dclz77c)
    __decompress2                            0x080001c5   Thumb Code     0  __dclz77c.o(!!dclz77c)
    __scatterload_zeroinit                   0x08000229   Thumb Code    28  __scatter_zi.o(!!handler_zi)
    __rt_lib_init                            0x08000245   Thumb Code     0  libinit.o(.ARM.Collect$$libinit$$00000000)
    __rt_lib_init_fp_1                       0x08000247   Thumb Code     0  libinit2.o(.ARM.Collect$$libinit$$00000001)
    __rt_lib_init_alloca_1                   0x0800024b   Thumb Code     0  libinit2.o(.ARM.Collect$$libinit$$0000002E)
    __rt_lib_init_argv_1                     0x0800024b   Thumb Code     0  libinit2.o(.ARM.Collect$$libinit$$0000002C)
    __rt_lib_init_atexit_1                   0x0800024b   Thumb Code     0  libinit2.o(.ARM.Collect$$libinit$$0000001B)
    __rt_lib_init_clock_1                    0x0800024b   Thumb Code     0  libinit2.o(.ARM.Collect$$libinit$$00000021)
    __rt_lib_init_cpp_1                      0x0800024b   Thumb Code     0  libinit2.o(.ARM.Collect$$libinit$$00000032)
    __rt_lib_init_exceptions_1               0x0800024b   Thumb Code     0  libinit2.o(.ARM.Collect$$libinit$$00000030)
    __rt_lib_init_fp_trap_1                  0x0800024b   Thumb Code     0  libinit2.o(.ARM.Collect$$libinit$$0000001F)
    __rt_lib_init_getenv_1                   0x0800024b   Thumb Code     0  libinit2.o(.ARM.Collect$$libinit$$00000023)
    __rt_lib_init_heap_1                     0x0800024b   Thumb Code     0  libinit2.o(.ARM.Collect$$libinit$$0000000A)
    __rt_lib_init_lc_collate_1               0x0800024b   Thumb Code     0  libinit2.o(.ARM.Collect$$libinit$$00000011)
    __rt_lib_init_lc_ctype_1                 0x0800024b   Thumb Code     0  libinit2.o(.ARM.Collect$$libinit$$00000013)
    __rt_lib_init_lc_monetary_1              0x0800024b   Thumb Code     0  libinit2.o(.ARM.Collect$$libinit$$00000015)
    __rt_lib_init_lc_numeric_1               0x0800024b   Thumb Code     0  libinit2.o(.ARM.Collect$$libinit$$00000017)
    __rt_lib_init_lc_time_1                  0x0800024b   Thumb Code     0  libinit2.o(.ARM.Collect$$libinit$$00000019)
    __rt_lib_init_preinit_1                  0x0800024b   Thumb Code     0  libinit2.o(.ARM.Collect$$libinit$$00000004)
    __rt_lib_init_rand_1                     0x0800024b   Thumb Code     0  libinit2.o(.ARM.Collect$$libinit$$0000000E)
    __rt_lib_init_return                     0x0800024b   Thumb Code     0  libinit2.o(.ARM.Collect$$libinit$$00000033)
    __rt_lib_init_signal_1                   0x0800024b   Thumb Code     0  libinit2.o(.ARM.Collect$$libinit$$0000001D)
    __rt_lib_init_stdio_1                    0x0800024b   Thumb Code     0  libinit2.o(.ARM.Collect$$libinit$$00000025)
    __rt_lib_init_user_alloc_1               0x0800024b   Thumb Code     0  libinit2.o(.ARM.Collect$$libinit$$0000000C)
    __rt_lib_shutdown                        0x0800024d   Thumb Code     0  libshutdown.o(.ARM.Collect$$libshutdown$$00000000)
    __rt_lib_shutdown_cpp_1                  0x0800024f   Thumb Code     0  libshutdown2.o(.ARM.Collect$$libshutdown$$00000002)
    __rt_lib_shutdown_fp_trap_1              0x0800024f   Thumb Code     0  libshutdown2.o(.ARM.Collect$$libshutdown$$00000007)
    __rt_lib_shutdown_heap_1                 0x0800024f   Thumb Code     0  libshutdown2.o(.ARM.Collect$$libshutdown$$0000000F)
    __rt_lib_shutdown_return                 0x0800024f   Thumb Code     0  libshutdown2.o(.ARM.Collect$$libshutdown$$00000010)
    __rt_lib_shutdown_signal_1               0x0800024f   Thumb Code     0  libshutdown2.o(.ARM.Collect$$libshutdown$$0000000A)
    __rt_lib_shutdown_stdio_1                0x0800024f   Thumb Code     0  libshutdown2.o(.ARM.Collect$$libshutdown$$00000004)
    __rt_lib_shutdown_user_alloc_1           0x0800024f   Thumb Code     0  libshutdown2.o(.ARM.Collect$$libshutdown$$0000000C)
    __rt_entry                               0x08000251   Thumb Code     0  __rtentry.o(.ARM.Collect$$rtentry$$00000000)
    __rt_entry_presh_1                       0x08000251   Thumb Code     0  __rtentry2.o(.ARM.Collect$$rtentry$$00000002)
    __rt_entry_sh                            0x08000251   Thumb Code     0  __rtentry4.o(.ARM.Collect$$rtentry$$00000004)
    __rt_entry_li                            0x08000257   Thumb Code     0  __rtentry2.o(.ARM.Collect$$rtentry$$0000000A)
    __rt_entry_postsh_1                      0x08000257   Thumb Code     0  __rtentry2.o(.ARM.Collect$$rtentry$$00000009)
    __rt_entry_main                          0x0800025b   Thumb Code     0  __rtentry2.o(.ARM.Collect$$rtentry$$0000000D)
    __rt_entry_postli_1                      0x0800025b   Thumb Code     0  __rtentry2.o(.ARM.Collect$$rtentry$$0000000C)
    __rt_exit                                0x08000263   Thumb Code     0  rtexit.o(.ARM.Collect$$rtexit$$00000000)
    __rt_exit_ls                             0x08000265   Thumb Code     0  rtexit2.o(.ARM.Collect$$rtexit$$00000003)
    __rt_exit_prels_1                        0x08000265   Thumb Code     0  rtexit2.o(.ARM.Collect$$rtexit$$00000002)
    __rt_exit_exit                           0x08000269   Thumb Code     0  rtexit2.o(.ARM.Collect$$rtexit$$00000004)
    Reset_Handler                            0x08000271   Thumb Code     8  startup_stm32f407xx.o(.text)
    NMI_Handler                              0x08000279   Thumb Code     2  startup_stm32f407xx.o(.text)
    HardFault_Handler                        0x0800027b   Thumb Code     2  startup_stm32f407xx.o(.text)
    MemManage_Handler                        0x0800027d   Thumb Code     2  startup_stm32f407xx.o(.text)
    BusFault_Handler                         0x0800027f   Thumb Code     2  startup_stm32f407xx.o(.text)
    UsageFault_Handler                       0x08000281   Thumb Code     2  startup_stm32f407xx.o(.text)
    SVC_Handler                              0x08000283   Thumb Code     2  startup_stm32f407xx.o(.text)
    DebugMon_Handler                         0x08000285   Thumb Code     2  startup_stm32f407xx.o(.text)
    PendSV_Handler                           0x08000287   Thumb Code     2  startup_stm32f407xx.o(.text)
    SysTick_Handler                          0x08000289   Thumb Code     2  startup_stm32f407xx.o(.text)
    ADC_IRQHandler                           0x0800028b   Thumb Code     0  startup_stm32f407xx.o(.text)
    CAN1_RX0_IRQHandler                      0x0800028b   Thumb Code     0  startup_stm32f407xx.o(.text)
    CAN1_RX1_IRQHandler                      0x0800028b   Thumb Code     0  startup_stm32f407xx.o(.text)
    CAN1_SCE_IRQHandler                      0x0800028b   Thumb Code     0  startup_stm32f407xx.o(.text)
    CAN1_TX_IRQHandler                       0x0800028b   Thumb Code     0  startup_stm32f407xx.o(.text)
    CAN2_RX0_IRQHandler                      0x0800028b   Thumb Code     0  startup_stm32f407xx.o(.text)
    CAN2_RX1_IRQHandler                      0x0800028b   Thumb Code     0  startup_stm32f407xx.o(.text)
    CAN2_SCE_IRQHandler                      0x0800028b   Thumb Code     0  startup_stm32f407xx.o(.text)
    CAN2_TX_IRQHandler                       0x0800028b   Thumb Code     0  startup_stm32f407xx.o(.text)
    DCMI_IRQHandler                          0x0800028b   Thumb Code     0  startup_stm32f407xx.o(.text)
    DMA1_Stream0_IRQHandler                  0x0800028b   Thumb Code     0  startup_stm32f407xx.o(.text)
    DMA1_Stream1_IRQHandler                  0x0800028b   Thumb Code     0  startup_stm32f407xx.o(.text)
    DMA1_Stream2_IRQHandler                  0x0800028b   Thumb Code     0  startup_stm32f407xx.o(.text)
    DMA1_Stream3_IRQHandler                  0x0800028b   Thumb Code     0  startup_stm32f407xx.o(.text)
    DMA1_Stream4_IRQHandler                  0x0800028b   Thumb Code     0  startup_stm32f407xx.o(.text)
    DMA1_Stream5_IRQHandler                  0x0800028b   Thumb Code     0  startup_stm32f407xx.o(.text)
    DMA1_Stream6_IRQHandler                  0x0800028b   Thumb Code     0  startup_stm32f407xx.o(.text)
    DMA1_Stream7_IRQHandler                  0x0800028b   Thumb Code     0  startup_stm32f407xx.o(.text)
    DMA2_Stream0_IRQHandler                  0x0800028b   Thumb Code     0  startup_stm32f407xx.o(.text)
    DMA2_Stream1_IRQHandler                  0x0800028b   Thumb Code     0  startup_stm32f407xx.o(.text)
    DMA2_Stream2_IRQHandler                  0x0800028b   Thumb Code     0  startup_stm32f407xx.o(.text)
    DMA2_Stream3_IRQHandler                  0x0800028b   Thumb Code     0  startup_stm32f407xx.o(.text)
    DMA2_Stream4_IRQHandler                  0x0800028b   Thumb Code     0  startup_stm32f407xx.o(.text)
    DMA2_Stream5_IRQHandler                  0x0800028b   Thumb Code     0  startup_stm32f407xx.o(.text)
    DMA2_Stream6_IRQHandler                  0x0800028b   Thumb Code     0  startup_stm32f407xx.o(.text)
    DMA2_Stream7_IRQHandler                  0x0800028b   Thumb Code     0  startup_stm32f407xx.o(.text)
    ETH_IRQHandler                           0x0800028b   Thumb Code     0  startup_stm32f407xx.o(.text)
    ETH_WKUP_IRQHandler                      0x0800028b   Thumb Code     0  startup_stm32f407xx.o(.text)
    EXTI0_IRQHandler                         0x0800028b   Thumb Code     0  startup_stm32f407xx.o(.text)
    EXTI15_10_IRQHandler                     0x0800028b   Thumb Code     0  startup_stm32f407xx.o(.text)
    EXTI1_IRQHandler                         0x0800028b   Thumb Code     0  startup_stm32f407xx.o(.text)
    EXTI2_IRQHandler                         0x0800028b   Thumb Code     0  startup_stm32f407xx.o(.text)
    EXTI3_IRQHandler                         0x0800028b   Thumb Code     0  startup_stm32f407xx.o(.text)
    EXTI4_IRQHandler                         0x0800028b   Thumb Code     0  startup_stm32f407xx.o(.text)
    EXTI9_5_IRQHandler                       0x0800028b   Thumb Code     0  startup_stm32f407xx.o(.text)
    FLASH_IRQHandler                         0x0800028b   Thumb Code     0  startup_stm32f407xx.o(.text)
    FMC_IRQHandler                           0x0800028b   Thumb Code     0  startup_stm32f407xx.o(.text)
    FPU_IRQHandler                           0x0800028b   Thumb Code     0  startup_stm32f407xx.o(.text)
    HASH_RNG_IRQHandler                      0x0800028b   Thumb Code     0  startup_stm32f407xx.o(.text)
    I2C1_ER_IRQHandler                       0x0800028b   Thumb Code     0  startup_stm32f407xx.o(.text)
    I2C1_EV_IRQHandler                       0x0800028b   Thumb Code     0  startup_stm32f407xx.o(.text)
    I2C2_ER_IRQHandler                       0x0800028b   Thumb Code     0  startup_stm32f407xx.o(.text)
    I2C2_EV_IRQHandler                       0x0800028b   Thumb Code     0  startup_stm32f407xx.o(.text)
    I2C3_ER_IRQHandler                       0x0800028b   Thumb Code     0  startup_stm32f407xx.o(.text)
    I2C3_EV_IRQHandler                       0x0800028b   Thumb Code     0  startup_stm32f407xx.o(.text)
    OTG_FS_IRQHandler                        0x0800028b   Thumb Code     0  startup_stm32f407xx.o(.text)
    OTG_FS_WKUP_IRQHandler                   0x0800028b   Thumb Code     0  startup_stm32f407xx.o(.text)
    OTG_HS_EP1_IN_IRQHandler                 0x0800028b   Thumb Code     0  startup_stm32f407xx.o(.text)
    OTG_HS_EP1_OUT_IRQHandler                0x0800028b   Thumb Code     0  startup_stm32f407xx.o(.text)
    OTG_HS_IRQHandler                        0x0800028b   Thumb Code     0  startup_stm32f407xx.o(.text)
    OTG_HS_WKUP_IRQHandler                   0x0800028b   Thumb Code     0  startup_stm32f407xx.o(.text)
    PVD_IRQHandler                           0x0800028b   Thumb Code     0  startup_stm32f407xx.o(.text)
    RCC_IRQHandler                           0x0800028b   Thumb Code     0  startup_stm32f407xx.o(.text)
    RTC_Alarm_IRQHandler                     0x0800028b   Thumb Code     0  startup_stm32f407xx.o(.text)
    RTC_WKUP_IRQHandler                      0x0800028b   Thumb Code     0  startup_stm32f407xx.o(.text)
    SDIO_IRQHandler                          0x0800028b   Thumb Code     0  startup_stm32f407xx.o(.text)
    SPI1_IRQHandler                          0x0800028b   Thumb Code     0  startup_stm32f407xx.o(.text)
    SPI2_IRQHandler                          0x0800028b   Thumb Code     0  startup_stm32f407xx.o(.text)
    SPI3_IRQHandler                          0x0800028b   Thumb Code     0  startup_stm32f407xx.o(.text)
    TAMP_STAMP_IRQHandler                    0x0800028b   Thumb Code     0  startup_stm32f407xx.o(.text)
    TIM1_BRK_TIM9_IRQHandler                 0x0800028b   Thumb Code     0  startup_stm32f407xx.o(.text)
    TIM1_CC_IRQHandler                       0x0800028b   Thumb Code     0  startup_stm32f407xx.o(.text)
    TIM1_TRG_COM_TIM11_IRQHandler            0x0800028b   Thumb Code     0  startup_stm32f407xx.o(.text)
    TIM2_IRQHandler                          0x0800028b   Thumb Code     0  startup_stm32f407xx.o(.text)
    TIM3_IRQHandler                          0x0800028b   Thumb Code     0  startup_stm32f407xx.o(.text)
    TIM4_IRQHandler                          0x0800028b   Thumb Code     0  startup_stm32f407xx.o(.text)
    TIM5_IRQHandler                          0x0800028b   Thumb Code     0  startup_stm32f407xx.o(.text)
    TIM6_DAC_IRQHandler                      0x0800028b   Thumb Code     0  startup_stm32f407xx.o(.text)
    TIM7_IRQHandler                          0x0800028b   Thumb Code     0  startup_stm32f407xx.o(.text)
    TIM8_BRK_TIM12_IRQHandler                0x0800028b   Thumb Code     0  startup_stm32f407xx.o(.text)
    TIM8_CC_IRQHandler                       0x0800028b   Thumb Code     0  startup_stm32f407xx.o(.text)
    TIM8_TRG_COM_TIM14_IRQHandler            0x0800028b   Thumb Code     0  startup_stm32f407xx.o(.text)
    UART4_IRQHandler                         0x0800028b   Thumb Code     0  startup_stm32f407xx.o(.text)
    UART5_IRQHandler                         0x0800028b   Thumb Code     0  startup_stm32f407xx.o(.text)
    USART1_IRQHandler                        0x0800028b   Thumb Code     0  startup_stm32f407xx.o(.text)
    USART3_IRQHandler                        0x0800028b   Thumb Code     0  startup_stm32f407xx.o(.text)
    USART6_IRQHandler                        0x0800028b   Thumb Code     0  startup_stm32f407xx.o(.text)
    WWDG_IRQHandler                          0x0800028b   Thumb Code     0  startup_stm32f407xx.o(.text)
    __user_initial_stackheap                 0x0800028d   Thumb Code     0  startup_stm32f407xx.o(.text)
    arm_fir_f32                              0x080002b1   Thumb Code  1330  arm_fir_f32.o(.text)
    arm_fir_init_f32                         0x080007e3   Thumb Code    28  arm_fir_init_f32.o(.text)
    strcpy                                   0x080007ff   Thumb Code    72  strcpy.o(.text)
    __aeabi_memclr4                          0x08000847   Thumb Code     0  rt_memclr_w.o(.text)
    __aeabi_memclr8                          0x08000847   Thumb Code     0  rt_memclr_w.o(.text)
    __rt_memclr_w                            0x08000847   Thumb Code    78  rt_memclr_w.o(.text)
    _memset_w                                0x0800084b   Thumb Code     0  rt_memclr_w.o(.text)
    strncpy                                  0x08000895   Thumb Code    86  strncpy.o(.text)
    strcmp                                   0x080008ed   Thumb Code   128  strcmpv7m.o(.text)
    __use_two_region_memory                  0x0800096d   Thumb Code     2  heapauxi.o(.text)
    __rt_heap_escrow$2region                 0x0800096f   Thumb Code     2  heapauxi.o(.text)
    __rt_heap_expand$2region                 0x08000971   Thumb Code     2  heapauxi.o(.text)
    __aeabi_memclr                           0x08000973   Thumb Code     0  rt_memclr.o(.text)
    __rt_memclr                              0x08000973   Thumb Code    68  rt_memclr.o(.text)
    _memset                                  0x08000977   Thumb Code     0  rt_memclr.o(.text)
    _fp_trap                                 0x080009b9   Thumb Code    44  _fptrap.o(.text)
    __user_libspace                          0x080009e9   Thumb Code     8  libspace.o(.text)
    __user_perproc_libspace                  0x080009e9   Thumb Code     0  libspace.o(.text)
    __user_perthread_libspace                0x080009e9   Thumb Code     0  libspace.o(.text)
    __user_setup_stackheap                   0x080009f1   Thumb Code    74  sys_stackheap_outer.o(.text)
    exit                                     0x08000a3b   Thumb Code    18  exit.o(.text)
    __rt_SIGFPE                              0x08000a4d   Thumb Code    14  defsig_fpe_outer.o(.text)
    __sig_exit                               0x08000a5b   Thumb Code    10  defsig_exit.o(.text)
    __rt_SIGFPE_inner                        0x08000a65   Thumb Code    62  defsig_fpe_inner.o(.text)
    _sys_exit                                0x08000b11   Thumb Code     8  sys_exit.o(.text)
    __default_signal_display                 0x08000b1d   Thumb Code    50  defsig_general.o(.text)
    _ttywrch                                 0x08000b4f   Thumb Code    14  sys_wrch.o(.text)
    __I$use$semihosting                      0x08000b5d   Thumb Code     0  use_no_semi.o(.text)
    __use_no_semihosting_swi                 0x08000b5d   Thumb Code     2  use_no_semi.o(.text)
    __semihosting_library_function           0x08000b5f   Thumb Code     0  indicate_semi.o(.text)
    Motor_1_Change_DCYC                      0x08000b61   Thumb Code   364  motor.o(i.Motor_1_Change_DCYC)
    Motor_2_Change_DCYC                      0x08000ce1   Thumb Code   350  motor.o(i.Motor_2_Change_DCYC)
    Motor_3_Change_DCYC                      0x08000e55   Thumb Code   364  motor.o(i.Motor_3_Change_DCYC)
    Motor_4_Change_DCYC                      0x08000fd5   Thumb Code   374  motor.o(i.Motor_4_Change_DCYC)
    Motor_Calc_Speed                         0x08001165   Thumb Code   154  motor.o(i.Motor_Calc_Speed)
    Motor_ISR                                0x08001215   Thumb Code   302  motor.o(i.Motor_ISR)
    Motor_Update_PID                         0x08001351   Thumb Code   280  motor.o(i.Motor_Update_PID)
    Motor_init                               0x0800147d   Thumb Code   166  motor.o(i.Motor_init)
    SystemInit                               0x0800152d   Thumb Code    82  system_stm32f4xx.o(i.SystemInit)
    TIM1_UP_TIM10_IRQHandler                 0x08001591   Thumb Code    64  main.o(i.TIM1_UP_TIM10_IRQHandler)
    TIM8_UP_TIM13_IRQHandler                 0x080015e5   Thumb Code    96  main.o(i.TIM8_UP_TIM13_IRQHandler)
    USART2_IRQHandler                        0x08001659   Thumb Code    20  main.o(i.USART2_IRQHandler)
    USART_IRQHandler                         0x08001679   Thumb Code    48  uart.o(i.USART_IRQHandler)
    USART_Init                               0x080016a9   Thumb Code   112  uart.o(i.USART_Init)
    USART_Write                              0x08001721   Thumb Code    52  uart.o(i.USART_Write)
    __hardfp_fabs                            0x08001755   Thumb Code    20  fabs.o(i.__hardfp_fabs)
    adc_1_config                             0x08001769   Thumb Code    76  adc_1.o(i.adc_1_config)
    adc_gpio_init                            0x080017bd   Thumb Code   196  adc_gpio.o(i.adc_gpio_init)
    calc_error                               0x0800188d   Thumb Code  1092  main.o(i.calc_error)
    decode                                   0x08001cd1   Thumb Code   210  main.o(i.decode)
    main                                     0x08001ddd   Thumb Code   258  main.o(i.main)
    sysclk_Configure                         0x08001f29   Thumb Code    44  main.o(i.sysclk_Configure)
    tim_10_config                            0x08001f59   Thumb Code   162  tim_10.o(i.tim_10_config)
    tim_12_config                            0x0800200d   Thumb Code   178  tim_12.o(i.tim_12_config)
    tim_12_gpio_init                         0x080020c9   Thumb Code   276  tim_12.o(i.tim_12_gpio_init)
    tim_13_config                            0x080021ed   Thumb Code   166  tim_13.o(i.tim_13_config)
    tim_1_config                             0x080022a9   Thumb Code   122  tim_1.o(i.tim_1_config)
    tim_1_gpio_init                          0x0800232d   Thumb Code    78  tim_1.o(i.tim_1_gpio_init)
    tim_2_config                             0x08002385   Thumb Code   122  tim_2.o(i.tim_2_config)
    tim_2_gpio_init                          0x08002405   Thumb Code    90  tim_2.o(i.tim_2_gpio_init)
    tim_3_config                             0x08002469   Thumb Code   144  tim_3.o(i.tim_3_config)
    tim_3_gpio_init                          0x08002501   Thumb Code    90  tim_3.o(i.tim_3_gpio_init)
    tim_4_config                             0x08002565   Thumb Code   144  tim_4.o(i.tim_4_config)
    tim_4_gpio_init                          0x080025fd   Thumb Code    90  tim_4.o(i.tim_4_gpio_init)
    tim_5_config                             0x08002661   Thumb Code   254  tim_5.o(i.tim_5_config)
    tim_5_gpio_init                          0x08002769   Thumb Code   430  tim_5.o(i.tim_5_gpio_init)
    tim_9_config                             0x08002925   Thumb Code   144  tim_9.o(i.tim_9_config)
    tim_9_gpio_init                          0x080029bd   Thumb Code   216  tim_9.o(i.tim_9_gpio_init)
    uart_gpio_init                           0x08002a9d   Thumb Code    98  uart.o(i.uart_gpio_init)
    __aeabi_d2f                              0x08002b0d   Thumb Code     0  d2f_clz.o(x$fpl$d2f)
    _d2f                                     0x08002b0d   Thumb Code   700  d2f_clz.o(x$fpl$d2f)
    __aeabi_dadd                             0x08002dd1   Thumb Code     0  daddsub_clz.o(x$fpl$dadd)
    _dadd                                    0x08002dd1   Thumb Code   580  daddsub_clz.o(x$fpl$dadd)
    __aeabi_ddiv                             0x0800301d   Thumb Code     0  ddiv_clz.o(x$fpl$ddiv)
    _ddiv                                    0x0800301d   Thumb Code   748  ddiv_clz.o(x$fpl$ddiv)
    __dflt_normalise                         0x08003399   Thumb Code    26  dflt_clz.o(x$fpl$dfltn)
    __aeabi_ui2d                             0x080033b3   Thumb Code     0  dflt_clz.o(x$fpl$dfltu)
    _dfltu                                   0x080033b3   Thumb Code    38  dflt_clz.o(x$fpl$dfltu)
    __aeabi_dmul                             0x080033d9   Thumb Code     0  dmul_clz.o(x$fpl$dmul)
    _dmul                                    0x080033d9   Thumb Code   440  dmul_clz.o(x$fpl$dmul)
    __fpl_dnaninf                            0x08003599   Thumb Code   258  dnaninf.o(x$fpl$dnaninf)
    __fpl_drenorm2                           0x0800369b   Thumb Code   106  drenorm_clz.o(x$fpl$drenorm)
    __fpl_drenorm1                           0x08003705   Thumb Code     6  drenorm_clz.o(x$fpl$drenorm)
    __fpl_dretinf                            0x0800370b   Thumb Code    12  dretinf.o(x$fpl$dretinf)
    __aeabi_drsub                            0x08003719   Thumb Code     0  daddsub_clz.o(x$fpl$drsb)
    _drsb                                    0x08003719   Thumb Code    74  daddsub_clz.o(x$fpl$drsb)
    __aeabi_dsub                             0x08003769   Thumb Code     0  daddsub_clz.o(x$fpl$dsub)
    _dsub                                    0x08003769   Thumb Code   664  daddsub_clz.o(x$fpl$dsub)
    __dunder                                 0x08003a05   Thumb Code   314  dunder_clz.o(x$fpl$dunder)
    __dunder_d                               0x08003b3f   Thumb Code    64  dunder_clz.o(x$fpl$dunder)
    __fpl_exception                          0x08003b81   Thumb Code   454  except.o(x$fpl$exception)
    __aeabi_f2d                              0x08003d6d   Thumb Code     0  f2d.o(x$fpl$f2d)
    _f2d                                     0x08003d6d   Thumb Code   122  f2d.o(x$fpl$f2d)
    __fpl_fnaninf                            0x08003de7   Thumb Code   242  fnaninf.o(x$fpl$fnaninf)
    _fp_init                                 0x08003ed9   Thumb Code    10  fpinit.o(x$fpl$fpinit)
    __fplib_config_fpu_vfp                   0x08003ee1   Thumb Code     0  fpinit.o(x$fpl$fpinit)
    __fplib_config_pureend_doubles           0x08003ee1   Thumb Code     0  fpinit.o(x$fpl$fpinit)
    __fpl_fretinf                            0x08003ee3   Thumb Code    10  fretinf.o(x$fpl$fretinf)
    __funder                                 0x08003eed   Thumb Code   254  funder_clz.o(x$fpl$funder)
    __funder_d                               0x08003feb   Thumb Code    62  funder_clz.o(x$fpl$funder)
    __fpl_return_NaN                         0x08004029   Thumb Code   178  retnan.o(x$fpl$retnan)
    _fp_trapveneer                           0x080040db   Thumb Code    36  trapv.o(x$fpl$trapveneer)
    __fpl_cmpreturn                          0x080040ff   Thumb Code    90  trapv.o(x$fpl$trapveneer)
    Region$$Table$$Base                      0x08004158   Number         0  anon$$obj.o(Region$$Table)
    __I$use$fp                               0x08004158   Number         0  usenofp.o(x$fpl$usenofp)
    Region$$Table$$Limit                     0x08004178   Number         0  anon$$obj.o(Region$$Table)
    USART2_Buffer_Rx                         0x20000000   Data           4  main.o(.data)
    Rx2_Counter                              0x20000004   Data           1  main.o(.data)
    fcoef                                    0x20000008   Data        2000  motor.o(.data)
    M1                                       0x200007d8   Data        2272  main.o(.bss)
    M2                                       0x200010b8   Data        2272  main.o(.bss)
    M3                                       0x20001998   Data        2272  main.o(.bss)
    M4                                       0x20002278   Data        2272  main.o(.bss)
    __libspace_start                         0x20002b58   Data          96  libspace.o(.bss)
    __temporary_stack_top$libspace           0x20002bb8   Data           0  libspace.o(.bss)



==============================================================================

Memory Map of the image

  Image Entry point : 0x08000271

  Load Region LR_1 (Base: 0x08000000, Size: 0x00004950, Max: 0xffffffff, ABSOLUTE, COMPRESSED[0x000047b8])

    Execution Region ER_RO (Base: 0x08000000, Size: 0x00004178, Max: 0xffffffff, ABSOLUTE)

    Base Addr    Size         Type   Attr      Idx    E Section Name        Object

    0x08000000   0x00000188   Data   RO          642    RESET               startup_stm32f407xx.o
    0x08000188   0x00000008   Code   RO          811  * !!!main             c_w.l(__main.o)
    0x08000190   0x00000034   Code   RO         1081    !!!scatter          c_w.l(__scatter.o)
    0x080001c4   0x00000064   Code   RO         1079    !!dclz77c           c_w.l(__dclz77c.o)
    0x08000228   0x0000001c   Code   RO         1083    !!handler_zi        c_w.l(__scatter_zi.o)
    0x08000244   0x00000002   Code   RO          952    .ARM.Collect$$libinit$$00000000  c_w.l(libinit.o)
    0x08000246   0x00000004   Code   RO          953    .ARM.Collect$$libinit$$00000001  c_w.l(libinit2.o)
    0x0800024a   0x00000000   Code   RO          956    .ARM.Collect$$libinit$$00000004  c_w.l(libinit2.o)
    0x0800024a   0x00000000   Code   RO          959    .ARM.Collect$$libinit$$0000000A  c_w.l(libinit2.o)
    0x0800024a   0x00000000   Code   RO          961    .ARM.Collect$$libinit$$0000000C  c_w.l(libinit2.o)
    0x0800024a   0x00000000   Code   RO          963    .ARM.Collect$$libinit$$0000000E  c_w.l(libinit2.o)
    0x0800024a   0x00000000   Code   RO          966    .ARM.Collect$$libinit$$00000011  c_w.l(libinit2.o)
    0x0800024a   0x00000000   Code   RO          968    .ARM.Collect$$libinit$$00000013  c_w.l(libinit2.o)
    0x0800024a   0x00000000   Code   RO          970    .ARM.Collect$$libinit$$00000015  c_w.l(libinit2.o)
    0x0800024a   0x00000000   Code   RO          972    .ARM.Collect$$libinit$$00000017  c_w.l(libinit2.o)
    0x0800024a   0x00000000   Code   RO          974    .ARM.Collect$$libinit$$00000019  c_w.l(libinit2.o)
    0x0800024a   0x00000000   Code   RO          976    .ARM.Collect$$libinit$$0000001B  c_w.l(libinit2.o)
    0x0800024a   0x00000000   Code   RO          978    .ARM.Collect$$libinit$$0000001D  c_w.l(libinit2.o)
    0x0800024a   0x00000000   Code   RO          980    .ARM.Collect$$libinit$$0000001F  c_w.l(libinit2.o)
    0x0800024a   0x00000000   Code   RO          982    .ARM.Collect$$libinit$$00000021  c_w.l(libinit2.o)
    0x0800024a   0x00000000   Code   RO          984    .ARM.Collect$$libinit$$00000023  c_w.l(libinit2.o)
    0x0800024a   0x00000000   Code   RO          986    .ARM.Collect$$libinit$$00000025  c_w.l(libinit2.o)
    0x0800024a   0x00000000   Code   RO          990    .ARM.Collect$$libinit$$0000002C  c_w.l(libinit2.o)
    0x0800024a   0x00000000   Code   RO          992    .ARM.Collect$$libinit$$0000002E  c_w.l(libinit2.o)
    0x0800024a   0x00000000   Code   RO          994    .ARM.Collect$$libinit$$00000030  c_w.l(libinit2.o)
    0x0800024a   0x00000000   Code   RO          996    .ARM.Collect$$libinit$$00000032  c_w.l(libinit2.o)
    0x0800024a   0x00000002   Code   RO          997    .ARM.Collect$$libinit$$00000033  c_w.l(libinit2.o)
    0x0800024c   0x00000002   Code   RO         1044    .ARM.Collect$$libshutdown$$00000000  c_w.l(libshutdown.o)
    0x0800024e   0x00000000   Code   RO         1062    .ARM.Collect$$libshutdown$$00000002  c_w.l(libshutdown2.o)
    0x0800024e   0x00000000   Code   RO         1064    .ARM.Collect$$libshutdown$$00000004  c_w.l(libshutdown2.o)
    0x0800024e   0x00000000   Code   RO         1067    .ARM.Collect$$libshutdown$$00000007  c_w.l(libshutdown2.o)
    0x0800024e   0x00000000   Code   RO         1070    .ARM.Collect$$libshutdown$$0000000A  c_w.l(libshutdown2.o)
    0x0800024e   0x00000000   Code   RO         1072    .ARM.Collect$$libshutdown$$0000000C  c_w.l(libshutdown2.o)
    0x0800024e   0x00000000   Code   RO         1075    .ARM.Collect$$libshutdown$$0000000F  c_w.l(libshutdown2.o)
    0x0800024e   0x00000002   Code   RO         1076    .ARM.Collect$$libshutdown$$00000010  c_w.l(libshutdown2.o)
    0x08000250   0x00000000   Code   RO          843    .ARM.Collect$$rtentry$$00000000  c_w.l(__rtentry.o)
    0x08000250   0x00000000   Code   RO          875    .ARM.Collect$$rtentry$$00000002  c_w.l(__rtentry2.o)
    0x08000250   0x00000006   Code   RO          887    .ARM.Collect$$rtentry$$00000004  c_w.l(__rtentry4.o)
    0x08000256   0x00000000   Code   RO          877    .ARM.Collect$$rtentry$$00000009  c_w.l(__rtentry2.o)
    0x08000256   0x00000004   Code   RO          878    .ARM.Collect$$rtentry$$0000000A  c_w.l(__rtentry2.o)
    0x0800025a   0x00000000   Code   RO          880    .ARM.Collect$$rtentry$$0000000C  c_w.l(__rtentry2.o)
    0x0800025a   0x00000008   Code   RO          881    .ARM.Collect$$rtentry$$0000000D  c_w.l(__rtentry2.o)
    0x08000262   0x00000002   Code   RO          998    .ARM.Collect$$rtexit$$00000000  c_w.l(rtexit.o)
    0x08000264   0x00000000   Code   RO         1013    .ARM.Collect$$rtexit$$00000002  c_w.l(rtexit2.o)
    0x08000264   0x00000004   Code   RO         1014    .ARM.Collect$$rtexit$$00000003  c_w.l(rtexit2.o)
    0x08000268   0x00000006   Code   RO         1015    .ARM.Collect$$rtexit$$00000004  c_w.l(rtexit2.o)
    0x0800026e   0x00000002   PAD
    0x08000270   0x00000040   Code   RO          643  * .text               startup_stm32f407xx.o
    0x080002b0   0x00000532   Code   RO          696    .text               arm_cortexM4lf_math.lib(arm_fir_f32.o)
    0x080007e2   0x0000001c   Code   RO          745    .text               arm_cortexM4lf_math.lib(arm_fir_init_f32.o)
    0x080007fe   0x00000048   Code   RO          801    .text               c_w.l(strcpy.o)
    0x08000846   0x0000004e   Code   RO          803    .text               c_w.l(rt_memclr_w.o)
    0x08000894   0x00000056   Code   RO          805    .text               c_w.l(strncpy.o)
    0x080008ea   0x00000002   PAD
    0x080008ec   0x00000080   Code   RO          807    .text               c_w.l(strcmpv7m.o)
    0x0800096c   0x00000006   Code   RO          809    .text               c_w.l(heapauxi.o)
    0x08000972   0x00000044   Code   RO          853    .text               c_w.l(rt_memclr.o)
    0x080009b6   0x00000002   PAD
    0x080009b8   0x00000030   Code   RO          896    .text               c_w.l(_fptrap.o)
    0x080009e8   0x00000008   Code   RO          936    .text               c_w.l(libspace.o)
    0x080009f0   0x0000004a   Code   RO          939    .text               c_w.l(sys_stackheap_outer.o)
    0x08000a3a   0x00000012   Code   RO          941    .text               c_w.l(exit.o)
    0x08000a4c   0x0000000e   Code   RO          943    .text               c_w.l(defsig_fpe_outer.o)
    0x08000a5a   0x0000000a   Code   RO         1002    .text               c_w.l(defsig_exit.o)
    0x08000a64   0x000000ac   Code   RO         1004    .text               c_w.l(defsig_fpe_inner.o)
    0x08000b10   0x0000000c   Code   RO         1010    .text               c_w.l(sys_exit.o)
    0x08000b1c   0x00000032   Code   RO         1021    .text               c_w.l(defsig_general.o)
    0x08000b4e   0x0000000e   Code   RO         1027    .text               c_w.l(sys_wrch.o)
    0x08000b5c   0x00000002   Code   RO         1031    .text               c_w.l(use_no_semi.o)
    0x08000b5e   0x00000000   Code   RO         1033    .text               c_w.l(indicate_semi.o)
    0x08000b5e   0x00000002   PAD
    0x08000b60   0x00000180   Code   RO          516    i.Motor_1_Change_DCYC  motor.o
    0x08000ce0   0x00000174   Code   RO          517    i.Motor_2_Change_DCYC  motor.o
    0x08000e54   0x00000180   Code   RO          518    i.Motor_3_Change_DCYC  motor.o
    0x08000fd4   0x00000190   Code   RO          519    i.Motor_4_Change_DCYC  motor.o
    0x08001164   0x000000b0   Code   RO          520    i.Motor_Calc_Speed  motor.o
    0x08001214   0x0000013c   Code   RO          521    i.Motor_ISR         motor.o
    0x08001350   0x0000012c   Code   RO          522    i.Motor_Update_PID  motor.o
    0x0800147c   0x000000b0   Code   RO          523    i.Motor_init        motor.o
    0x0800152c   0x00000064   Code   RO          651    i.SystemInit        system_stm32f4xx.o
    0x08001590   0x00000054   Code   RO            4    i.TIM1_UP_TIM10_IRQHandler  main.o
    0x080015e4   0x00000074   Code   RO            5    i.TIM8_UP_TIM13_IRQHandler  main.o
    0x08001658   0x00000020   Code   RO            6    i.USART2_IRQHandler  main.o
    0x08001678   0x00000030   Code   RO          585    i.USART_IRQHandler  uart.o
    0x080016a8   0x00000078   Code   RO          586    i.USART_Init        uart.o
    0x08001720   0x00000034   Code   RO          587    i.USART_Write       uart.o
    0x08001754   0x00000014   Code   RO          837    i.__hardfp_fabs     m_wm.l(fabs.o)
    0x08001768   0x00000054   Code   RO          414    i.adc_1_config      adc_1.o
    0x080017bc   0x000000d0   Code   RO          492    i.adc_gpio_init     adc_gpio.o
    0x0800188c   0x00000444   Code   RO            7    i.calc_error        main.o
    0x08001cd0   0x0000010c   Code   RO            9    i.decode            main.o
    0x08001ddc   0x0000014c   Code   RO           10    i.main              main.o
    0x08001f28   0x00000030   Code   RO           11    i.sysclk_Configure  main.o
    0x08001f58   0x000000b4   Code   RO          242    i.tim_10_config     tim_10.o
    0x0800200c   0x000000bc   Code   RO          212    i.tim_12_config     tim_12.o
    0x080020c8   0x00000124   Code   RO          213    i.tim_12_gpio_init  tim_12.o
    0x080021ec   0x000000bc   Code   RO          270    i.tim_13_config     tim_13.o
    0x080022a8   0x00000084   Code   RO          294    i.tim_1_config      tim_1.o
    0x0800232c   0x00000058   Code   RO          295    i.tim_1_gpio_init   tim_1.o
    0x08002384   0x00000080   Code   RO          324    i.tim_2_config      tim_2.o
    0x08002404   0x00000064   Code   RO          325    i.tim_2_gpio_init   tim_2.o
    0x08002468   0x00000098   Code   RO          354    i.tim_3_config      tim_3.o
    0x08002500   0x00000064   Code   RO          355    i.tim_3_gpio_init   tim_3.o
    0x08002564   0x00000098   Code   RO          384    i.tim_4_config      tim_4.o
    0x080025fc   0x00000064   Code   RO          385    i.tim_4_gpio_init   tim_4.o
    0x08002660   0x00000108   Code   RO          152    i.tim_5_config      tim_5.o
    0x08002768   0x000001bc   Code   RO          153    i.tim_5_gpio_init   tim_5.o
    0x08002924   0x00000098   Code   RO          182    i.tim_9_config      tim_9.o
    0x080029bc   0x000000e0   Code   RO          183    i.tim_9_gpio_init   tim_9.o
    0x08002a9c   0x00000070   Code   RO          589    i.uart_gpio_init    uart.o
    0x08002b0c   0x000002c4   Code   RO          813    x$fpl$d2f           g_wm.l(d2f_clz.o)
    0x08002dd0   0x0000024c   Code   RO          815    x$fpl$dadd          g_wm.l(daddsub_clz.o)
    0x0800301c   0x0000037c   Code   RO          822    x$fpl$ddiv          g_wm.l(ddiv_clz.o)
    0x08003398   0x0000001a   Code   RO          827    x$fpl$dfltn         g_wm.l(dflt_clz.o)
    0x080033b2   0x00000026   Code   RO          825    x$fpl$dfltu         g_wm.l(dflt_clz.o)
    0x080033d8   0x000001c0   Code   RO          831    x$fpl$dmul          g_wm.l(dmul_clz.o)
    0x08003598   0x00000102   Code   RO          855    x$fpl$dnaninf       g_wm.l(dnaninf.o)
    0x0800369a   0x00000070   Code   RO          857    x$fpl$drenorm       g_wm.l(drenorm_clz.o)
    0x0800370a   0x0000000c   Code   RO          859    x$fpl$dretinf       g_wm.l(dretinf.o)
    0x08003716   0x00000002   PAD
    0x08003718   0x00000050   Code   RO          816    x$fpl$drsb          g_wm.l(daddsub_clz.o)
    0x08003768   0x0000029c   Code   RO          817    x$fpl$dsub          g_wm.l(daddsub_clz.o)
    0x08003a04   0x0000017a   Code   RO          861    x$fpl$dunder        g_wm.l(dunder_clz.o)
    0x08003b7e   0x00000002   PAD
    0x08003b80   0x000001ec   Code   RO          863    x$fpl$exception     g_wm.l(except.o)
    0x08003d6c   0x0000007a   Code   RO          833    x$fpl$f2d           g_wm.l(f2d.o)
    0x08003de6   0x000000f2   Code   RO          865    x$fpl$fnaninf       g_wm.l(fnaninf.o)
    0x08003ed8   0x0000000a   Code   RO         1008    x$fpl$fpinit        g_wm.l(fpinit.o)
    0x08003ee2   0x0000000a   Code   RO          867    x$fpl$fretinf       g_wm.l(fretinf.o)
    0x08003eec   0x0000013c   Code   RO          869    x$fpl$funder        g_wm.l(funder_clz.o)
    0x08004028   0x000000b2   Code   RO          932    x$fpl$retnan        g_wm.l(retnan.o)
    0x080040da   0x0000007e   Code   RO          871    x$fpl$trapveneer    g_wm.l(trapv.o)
    0x08004158   0x00000000   Code   RO          873    x$fpl$usenofp       g_wm.l(usenofp.o)
    0x08004158   0x00000020   Data   RO         1077    Region$$Table       anon$$obj.o


    Execution Region ER_RW (Base: 0x20000000, Size: 0x000007d8, Max: 0xffffffff, ABSOLUTE, COMPRESSED[0x00000640])

    Base Addr    Size         Type   Attr      Idx    E Section Name        Object

    0x20000000   0x00000005   Data   RW           13    .data               main.o
    0x20000005   0x00000003   PAD
    0x20000008   0x000007d0   Data   RW          524    .data               motor.o


    Execution Region ER_ZI (Base: 0x200007d8, Size: 0x000029e0, Max: 0xffffffff, ABSOLUTE)

    Base Addr    Size         Type   Attr      Idx    E Section Name        Object

    0x200007d8   0x00002380   Zero   RW           12    .bss                main.o
    0x20002b58   0x00000060   Zero   RW          937    .bss                c_w.l(libspace.o)
    0x20002bb8   0x00000200   Zero   RW          641    HEAP                startup_stm32f407xx.o
    0x20002db8   0x00000400   Zero   RW          640    STACK               startup_stm32f407xx.o


==============================================================================

Image component sizes


      Code (inc. data)   RO Data    RW Data    ZI Data      Debug   Object Name

        84          8          0          0          0        455   adc_1.o
       208         12          0          0          0        508   adc_gpio.o
      1972        266          0          5       9088     263789   main.o
      2508        154          0       2000          0       7815   motor.o
        64         26        392          0       1536        876   startup_stm32f407xx.o
       100         18          0          0          0        537   system_stm32f4xx.o
       220         20          0          0          0        937   tim_1.o
       180         18          0          0          0      26879   tim_10.o
       480         26          0          0          0       1031   tim_12.o
       188         22          0          0          0        732   tim_13.o
       228         16          0          0          0        937   tim_2.o
       252         18          0          0          0        937   tim_3.o
       252         18          0          0          0        937   tim_4.o
       708         24          0          0          0       1133   tim_5.o
       376         16          0          0          0       1013   tim_9.o
       332         22          0          0          0       3615   uart.o

    ----------------------------------------------------------------------
      8152        684        424       2008      10624     312131   Object Totals
         0          0         32          0          0          0   (incl. Generated)
         0          0          0          3          0          0   (incl. Padding)

    ----------------------------------------------------------------------

      Code (inc. data)   RO Data    RW Data    ZI Data      Debug   Library Member Name

      1330          6          0          0          0      19258   arm_fir_f32.o
        28          0          0          0          0        919   arm_fir_init_f32.o
       100          0          0          0          0          0   __dclz77c.o
         8          0          0          0          0         68   __main.o
         0          0          0          0          0          0   __rtentry.o
        12          0          0          0          0          0   __rtentry2.o
         6          0          0          0          0          0   __rtentry4.o
        52          8          0          0          0          0   __scatter.o
        28          0          0          0          0          0   __scatter_zi.o
        48          4          0          0          0         84   _fptrap.o
        10          0          0          0          0         68   defsig_exit.o
       172        110          0          0          0         76   defsig_fpe_inner.o
        14          0          0          0          0         80   defsig_fpe_outer.o
        50          0          0          0          0         88   defsig_general.o
        18          0          0          0          0         80   exit.o
         6          0          0          0          0        152   heapauxi.o
         0          0          0          0          0          0   indicate_semi.o
         2          0          0          0          0          0   libinit.o
         6          0          0          0          0          0   libinit2.o
         2          0          0          0          0          0   libshutdown.o
         2          0          0          0          0          0   libshutdown2.o
         8          4          0          0         96         68   libspace.o
        68          0          0          0          0         68   rt_memclr.o
        78          0          0          0          0         80   rt_memclr_w.o
         2          0          0          0          0          0   rtexit.o
        10          0          0          0          0          0   rtexit2.o
       128          0          0          0          0         68   strcmpv7m.o
        72          0          0          0          0         80   strcpy.o
        86          0          0          0          0         76   strncpy.o
        12          4          0          0          0         68   sys_exit.o
        74          0          0          0          0         80   sys_stackheap_outer.o
        14          0          0          0          0         76   sys_wrch.o
         2          0          0          0          0         68   use_no_semi.o
       708         16          0          0          0        140   d2f_clz.o
      1336         32          0          0          0        532   daddsub_clz.o
       892        152          0          0          0        292   ddiv_clz.o
        64          0          0          0          0        232   dflt_clz.o
       448         16          0          0          0        164   dmul_clz.o
       258          4          0          0          0        156   dnaninf.o
       112          0          0          0          0        160   drenorm_clz.o
        12          0          0          0          0        116   dretinf.o
       378          0          0          0          0        168   dunder_clz.o
       492         36          0          0          0        148   except.o
       122          8          0          0          0        132   f2d.o
       242          4          0          0          0        144   fnaninf.o
        10          0          0          0          0        116   fpinit.o
        10          0          0          0          0        116   fretinf.o
       316          0          0          0          0        132   funder_clz.o
       178          0          0          0          0        116   retnan.o
       126          0          0          0          0        148   trapv.o
         0          0          0          0          0          0   usenofp.o
        20          0          0          0          0        124   fabs.o

    ----------------------------------------------------------------------
      8184        404          0          0         96      24741   Library Totals
        12          0          0          0          0          0   (incl. Padding)

    ----------------------------------------------------------------------

      Code (inc. data)   RO Data    RW Data    ZI Data      Debug   Library Name

      1358          6          0          0          0      20177   arm_cortexM4lf_math.lib
      1090        130          0          0         96       1428   c_w.l
      5704        268          0          0          0       3012   g_wm.l
        20          0          0          0          0        124   m_wm.l

    ----------------------------------------------------------------------
      8184        404          0          0         96      24741   Library Totals

    ----------------------------------------------------------------------

==============================================================================


      Code (inc. data)   RO Data    RW Data    ZI Data      Debug   

     16336       1088        424       2008      10720     330744   Grand Totals
     16336       1088        424       1600      10720     330744   ELF Image Totals (compressed)
     16336       1088        424       1600          0          0   ROM Totals

==============================================================================

    Total RO  Size (Code + RO Data)                16760 (  16.37kB)
    Total RW  Size (RW Data + ZI Data)             12728 (  12.43kB)
    Total ROM Size (Code + RO Data + RW Data)      18360 (  17.93kB)

==============================================================================

