Component: ARM Compiler 5.06 (build 20) Tool: armlink [4d35a3]

==============================================================================

Section Cross References

    main.o(i.TIM1_UP_TIM10_IRQHandler) refers to strcpy.o(.text) for strcpy
    main.o(i.TIM1_UP_TIM10_IRQHandler) refers to uart.o(i.USART_Write) for USART_Write
    main.o(i.TIM1_UP_TIM10_IRQHandler) refers to dflt_clz.o(x$fpl$dfltu) for __aeabi_ui2d
    main.o(i.TIM1_UP_TIM10_IRQHandler) refers to daddsub_clz.o(x$fpl$dsub) for __aeabi_dsub
    main.o(i.TIM1_UP_TIM10_IRQHandler) refers to d2f_clz.o(x$fpl$d2f) for __aeabi_d2f
    main.o(i.TIM1_UP_TIM10_IRQHandler) refers to arm_fir_f32.o(.text) for arm_fir_f32
    main.o(i.TIM1_UP_TIM10_IRQHandler) refers to uart.o(i.display_speed_current) for display_speed_current
    main.o(i.TIM1_UP_TIM10_IRQHandler) refers to main.o(.data) for newencoder
    main.o(i.TIM1_UP_TIM10_IRQHandler) refers to main.o(.bss) for enc_filter
    main.o(i.TIM8_UP_TIM13_IRQHandler) refers to motor.o(i.Motor_ISR) for Motor_ISR
    main.o(i.TIM8_UP_TIM13_IRQHandler) refers to main.o(.bss) for M1
    main.o(i.USART2_IRQHandler) refers to uart.o(i.USART_IRQHandler) for USART_IRQHandler
    main.o(i.USART2_IRQHandler) refers to main.o(i.decode) for decode
    main.o(i.USART2_IRQHandler) refers to main.o(.data) for Rx2_Counter
    main.o(i.USART2_IRQHandler) refers to main.o(.bss) for USART2_Buffer_Rx
    main.o(i.decode) refers to uart.o(i.USART_Write) for USART_Write
    main.o(i.decode) refers to main.o(.data) for Rx2_Counter
    main.o(i.main) refers to main.o(i.sysclk_Configure) for sysclk_Configure
    main.o(i.main) refers to arm_fir_init_f32.o(.text) for arm_fir_init_f32
    main.o(i.main) refers to motor.o(i.Motor_init) for Motor_init
    main.o(i.main) refers to adc_gpio.o(i.adc_gpio_init) for adc_gpio_init
    main.o(i.main) refers to adc_1.o(i.adc_1_config) for adc_1_config
    main.o(i.main) refers to tim_9.o(i.tim_9_gpio_init) for tim_9_gpio_init
    main.o(i.main) refers to tim_9.o(i.tim_9_config) for tim_9_config
    main.o(i.main) refers to tim_12.o(i.tim_12_gpio_init) for tim_12_gpio_init
    main.o(i.main) refers to tim_12.o(i.tim_12_config) for tim_12_config
    main.o(i.main) refers to uart.o(i.uart_gpio_init) for uart_gpio_init
    main.o(i.main) refers to uart.o(i.USART_Init) for USART_Init
    main.o(i.main) refers to tim_10.o(i.tim_10_config) for tim_10_config
    main.o(i.main) refers to tim_13.o(i.tim_13_config) for tim_13_config
    main.o(i.main) refers to tim_5.o(i.tim_5_gpio_init) for tim_5_gpio_init
    main.o(i.main) refers to tim_5.o(i.tim_5_config) for tim_5_config
    main.o(i.main) refers to tim_1.o(i.tim_1_gpio_init) for tim_1_gpio_init
    main.o(i.main) refers to tim_1.o(i.tim_1_config) for tim_1_config
    main.o(i.main) refers to main.o(.data) for enc_coef
    main.o(i.main) refers to main.o(.bss) for M1
    motor.o(i.Motor_ISR) refers to arm_fir_f32.o(.text) for arm_fir_f32
    motor.o(i.Motor_ISR) refers to motor.o(i.Motor_Calc_Speed) for Motor_Calc_Speed
    motor.o(i.Motor_ISR) refers to motor.o(i.Motor_Update_PID) for Motor_Update_PID
    motor.o(i.Motor_Update_PID) refers to motor.o(i.Motor_1_Change_DCYC) for Motor_1_Change_DCYC
    motor.o(i.Motor_Update_PID) refers to motor.o(i.Motor_2_Change_DCYC) for Motor_2_Change_DCYC
    motor.o(i.Motor_Update_PID) refers to motor.o(i.Motor_3_Change_DCYC) for Motor_3_Change_DCYC
    motor.o(i.Motor_Update_PID) refers to motor.o(i.Motor_4_Change_DCYC) for Motor_4_Change_DCYC
    motor.o(i.Motor_init) refers to arm_fir_init_f32.o(.text) for arm_fir_init_f32
    motor.o(i.Motor_init) refers to motor.o(.data) for fcoef
    uart.o(i.display_speed_current) refers to _printf_pad.o(.text) for _printf_pre_padding
    uart.o(i.display_speed_current) refers to _printf_percent.o(.ARM.Collect$$_printf_percent$$00000000) for _printf_percent
    uart.o(i.display_speed_current) refers to _printf_d.o(.ARM.Collect$$_printf_percent$$00000009) for _printf_d
    uart.o(i.display_speed_current) refers to _printf_f.o(.ARM.Collect$$_printf_percent$$00000003) for _printf_f
    uart.o(i.display_speed_current) refers to _printf_dec.o(.text) for _printf_int_dec
    uart.o(i.display_speed_current) refers to printf1.o(x$fpl$printf1) for _printf_fp_dec
    uart.o(i.display_speed_current) refers to f2d.o(x$fpl$f2d) for __aeabi_f2d
    uart.o(i.display_speed_current) refers to noretval__2sprintf.o(.text) for __2sprintf
    uart.o(i.display_speed_current) refers to uart.o(i.USART_Write) for USART_Write
    startup_stm32f407xx.o(STACK) refers (Special) to heapauxi.o(.text) for __use_two_region_memory
    startup_stm32f407xx.o(HEAP) refers (Special) to heapauxi.o(.text) for __use_two_region_memory
    startup_stm32f407xx.o(RESET) refers (Special) to heapauxi.o(.text) for __use_two_region_memory
    startup_stm32f407xx.o(RESET) refers to startup_stm32f407xx.o(STACK) for __initial_sp
[...]
    defsig_stak_inner.o(.text) refers to defsig_general.o(.text) for __default_signal_display
    defsig_pvfn_inner.o(.text) refers to defsig_general.o(.text) for __default_signal_display
    defsig_cppl_inner.o(.text) refers to defsig_general.o(.text) for __default_signal_display
    defsig_segv_inner.o(.text) refers to defsig_general.o(.text) for __default_signal_display
    defsig_other.o(.text) refers to defsig_general.o(.text) for __default_signal_display


==============================================================================

Removing Unused input sections from the image.

    Removing main.o(.rev16_text), (4 bytes).
    Removing main.o(.revsh_text), (4 bytes).
    Removing main.o(.rrx_text), (6 bytes).
    Removing main.o(i.dac_Configure), (84 bytes).
    Removing tim_5.o(.rev16_text), (4 bytes).
    Removing tim_5.o(.revsh_text), (4 bytes).
    Removing tim_5.o(.rrx_text), (6 bytes).
    Removing tim_9.o(.rev16_text), (4 bytes).
    Removing tim_9.o(.revsh_text), (4 bytes).
    Removing tim_9.o(.rrx_text), (6 bytes).
    Removing tim_12.o(.rev16_text), (4 bytes).
    Removing tim_12.o(.revsh_text), (4 bytes).
    Removing tim_12.o(.rrx_text), (6 bytes).
    Removing tim_10.o(.rev16_text), (4 bytes).
    Removing tim_10.o(.revsh_text), (4 bytes).
    Removing tim_10.o(.rrx_text), (6 bytes).
    Removing tim_13.o(.rev16_text), (4 bytes).
    Removing tim_13.o(.revsh_text), (4 bytes).
    Removing tim_13.o(.rrx_text), (6 bytes).
    Removing tim_1.o(.rev16_text), (4 bytes).
    Removing tim_1.o(.revsh_text), (4 bytes).
    Removing tim_1.o(.rrx_text), (6 bytes).
    Removing adc_1.o(.rev16_text), (4 bytes).
    Removing adc_1.o(.revsh_text), (4 bytes).
    Removing adc_1.o(.rrx_text), (6 bytes).
    Removing adc_2.o(.rev16_text), (4 bytes).
    Removing adc_2.o(.revsh_text), (4 bytes).
    Removing adc_2.o(.rrx_text), (6 bytes).
    Removing adc_2.o(i.adc_2_config), (112 bytes).
    Removing adc_3.o(.rev16_text), (4 bytes).
    Removing adc_3.o(.revsh_text), (4 bytes).
    Removing adc_3.o(.rrx_text), (6 bytes).
    Removing adc_3.o(i.adc_3_config), (112 bytes).
    Removing adc_gpio.o(.rev16_text), (4 bytes).
    Removing adc_gpio.o(.revsh_text), (4 bytes).
    Removing adc_gpio.o(.rrx_text), (6 bytes).
    Removing motor.o(.rev16_text), (4 bytes).
    Removing motor.o(.revsh_text), (4 bytes).
    Removing motor.o(.rrx_text), (6 bytes).
    Removing uart.o(.rev16_text), (4 bytes).
    Removing uart.o(.revsh_text), (4 bytes).
    Removing uart.o(.rrx_text), (6 bytes).
    Removing system_stm32f4xx.o(.rev16_text), (4 bytes).
    Removing system_stm32f4xx.o(.revsh_text), (4 bytes).
    Removing system_stm32f4xx.o(.rrx_text), (6 bytes).
    Removing system_stm32f4xx.o(i.SystemCoreClockUpdate), (192 bytes).
    Removing system_stm32f4xx.o(.data), (20 bytes).
    Removing arm_fir_f32.o(.rev16_text), (4 bytes).
    Removing arm_fir_f32.o(.revsh_text), (4 bytes).
    Removing arm_fir_f32.o(.rrx_text), (6 bytes).
    Removing arm_fir_init_f32.o(.rev16_text), (4 bytes).
    Removing arm_fir_init_f32.o(.revsh_text), (4 bytes).
    Removing arm_fir_init_f32.o(.rrx_text), (6 bytes).

53 unused section(s) (total 744 bytes) removed from the image.

==============================================================================

Image Symbol Table

    Local Symbols

    Symbol Name                              Value     Ov Type        Size  Object(Section)

    ../clib/angel/boardlib.s                 0x00000000   Number         0  boardinit1.o ABSOLUTE
    ../clib/angel/boardlib.s                 0x00000000   Number         0  boardinit2.o ABSOLUTE
    ../clib/angel/boardlib.s                 0x00000000   Number         0  boardinit3.o ABSOLUTE
    ../clib/angel/boardlib.s                 0x00000000   Number         0  boardshut.o ABSOLUTE
    ../clib/angel/dclz77c.s                  0x00000000   Number         0  __dclz77c.o ABSOLUTE
    ../clib/angel/handlers.s                 0x00000000   Number         0  __scatter_zi.o ABSOLUTE
    ../clib/angel/kernel.s                   0x00000000   Number         0  __rtentry2.o ABSOLUTE
    ../clib/angel/kernel.s                   0x00000000   Number         0  __rtentry4.o ABSOLUTE
    ../clib/angel/kernel.s                   0x00000000   Number         0  __rtentry.o ABSOLUTE
    ../clib/angel/kernel.s                   0x00000000   Number         0  rtexit.o ABSOLUTE
    ../clib/angel/kernel.s                   0x00000000   Number         0  rtexit2.o ABSOLUTE
    ../clib/angel/rt.s                       0x00000000   Number         0  rt_locale_intlibspace.o ABSOLUTE
    ../clib/angel/rt.s                       0x00000000   Number         0  rt_raise.o ABSOLUTE
    ../clib/angel/rt.s                       0x00000000   Number         0  rt_locale.o ABSOLUTE
    ../clib/angel/scatter.s                  0x00000000   Number         0  __scatter.o ABSOLUTE
    ../clib/angel/startup.s                  0x00000000   Number         0  __main.o ABSOLUTE
    ../clib/angel/sys.s                      0x00000000   Number         0  libspace.o ABSOLUTE
    ../clib/angel/sys.s                      0x00000000   Number         0  indicate_semi.o ABSOLUTE
    ../clib/angel/sys.s                      0x00000000   Number         0  sys_stackheap_outer.o ABSOLUTE
    ../clib/angel/sys.s                      0x00000000   Number         0  use_no_semi.o ABSOLUTE
    ../clib/angel/sysapp.c                   0x00000000   Number         0  sys_wrch.o ABSOLUTE
    ../clib/angel/sysapp.c                   0x00000000   Number         0  sys_command.o ABSOLUTE
    ../clib/angel/sysapp.c                   0x00000000   Number         0  sys_exit.o ABSOLUTE
    ../clib/armsys.c                         0x00000000   Number         0  argv_veneer.o ABSOLUTE
    ../clib/armsys.c                         0x00000000   Number         0  argv_veneer.o ABSOLUTE
    ../clib/armsys.c                         0x00000000   Number         0  _get_argv_nomalloc.o ABSOLUTE
    ../clib/armsys.c                         0x00000000   Number         0  no_argv.o ABSOLUTE
    ../clib/bigflt.c                         0x00000000   Number         0  bigflt0.o ABSOLUTE
    ../clib/btod.s                           0x00000000   Number         0  btod.o ABSOLUTE
    ../clib/fenv.c                           0x00000000   Number         0  _fptrap.o ABSOLUTE
    ../clib/heapalloc.c                      0x00000000   Number         0  hrguard.o ABSOLUTE
    ../clib/heapaux.c                        0x00000000   Number         0  heapauxi.o ABSOLUTE
    ../clib/libinit.s                        0x00000000   Number         0  libshutdown2.o ABSOLUTE
    ../clib/libinit.s                        0x00000000   Number         0  libinit.o ABSOLUTE
    ../clib/libinit.s                        0x00000000   Number         0  libshutdown.o ABSOLUTE
    ../clib/libinit.s                        0x00000000   Number         0  libinit2.o ABSOLUTE
    ../clib/locale.s                         0x00000000   Number         0  lc_numeric_c.o ABSOLUTE
    ../clib/longlong.s                       0x00000000   Number         0  lludiv10.o ABSOLUTE
    ../clib/memcpset.s                       0x00000000   Number         0  rt_memclr_w.o ABSOLUTE
    ../clib/memcpset.s                       0x00000000   Number         0  strcmpv7m.o ABSOLUTE
    ../clib/misc.s                           0x00000000   Number         0  printf_stubs.o ABSOLUTE
    ../clib/printf.c                         0x00000000   Number         0  noretval__2sprintf.o ABSOLUTE
    ../clib/printf.c                         0x00000000   Number         0  _printf_pad.o ABSOLUTE
    ../clib/printf.c                         0x00000000   Number         0  _printf_intcommon.o ABSOLUTE
    ../clib/printf.c                         0x00000000   Number         0  _printf_fp_dec.o ABSOLUTE
    ../clib/printf.c                         0x00000000   Number         0  _printf_char_common.o ABSOLUTE
    ../clib/printf.c                         0x00000000   Number         0  __printf_nopercent.o ABSOLUTE
    ../clib/printf.c                         0x00000000   Number         0  _printf_dec.o ABSOLUTE
    ../clib/printf.c                         0x00000000   Number         0  __printf_flags.o ABSOLUTE
    ../clib/printf.c                         0x00000000   Number         0  _printf_fp_infnan.o ABSOLUTE
    ../clib/printf.c                         0x00000000   Number         0  _sputc.o ABSOLUTE
    ../clib/printf.c                         0x00000000   Number         0  __printf_ss.o ABSOLUTE
    ../clib/printf.c                         0x00000000   Number         0  __printf_flags_ss.o ABSOLUTE
    ../clib/printf.c                         0x00000000   Number         0  __printf_wp.o ABSOLUTE
    ../clib/printf.c                         0x00000000   Number         0  __printf_flags_wp.o ABSOLUTE
    ../clib/printf.c                         0x00000000   Number         0  __printf_ss_wp.o ABSOLUTE
    ../clib/printf.c                         0x00000000   Number         0  __printf_flags_ss_wp.o ABSOLUTE
    ../clib/printf.c                         0x00000000   Number         0  __printf.o ABSOLUTE
    ../clib/printf.c                         0x00000000   Number         0  __2sprintf.o ABSOLUTE
    ../clib/printf_percent.s                 0x00000000   Number         0  _printf_percent.o ABSOLUTE
    ../clib/printf_percent.s                 0x00000000   Number         0  _printf_f.o ABSOLUTE
    ../clib/printf_percent.s                 0x00000000   Number         0  _printf_percent_end.o ABSOLUTE
    ../clib/printf_percent.s                 0x00000000   Number         0  _printf_d.o ABSOLUTE
    ../clib/signal.c                         0x00000000   Number         0  defsig_general.o ABSOLUTE
    ../clib/signal.c                         0x00000000   Number         0  defsig_rtmem_outer.o ABSOLUTE
    ../clib/signal.c                         0x00000000   Number         0  defsig_stak_inner.o ABSOLUTE
    ../clib/signal.c                         0x00000000   Number         0  defsig_pvfn_inner.o ABSOLUTE
    ../clib/signal.c                         0x00000000   Number         0  defsig_cppl_inner.o ABSOLUTE
    ../clib/signal.c                         0x00000000   Number         0  defsig_abrt_inner.o ABSOLUTE
    ../clib/signal.c                         0x00000000   Number         0  defsig_other.o ABSOLUTE
    ../clib/signal.c                         0x00000000   Number         0  __raise.o ABSOLUTE
    ../clib/signal.c                         0x00000000   Number         0  defsig_fpe_formal.o ABSOLUTE
    ../clib/signal.c                         0x00000000   Number         0  defsig_rtred_inner.o ABSOLUTE
    ../clib/signal.c                         0x00000000   Number         0  defsig_segv_inner.o ABSOLUTE
    ../clib/signal.c                         0x00000000   Number         0  defsig_fpe_outer.o ABSOLUTE
    ../clib/signal.c                         0x00000000   Number         0  defsig_rtmem_inner.o ABSOLUTE
    ../clib/signal.c                         0x00000000   Number         0  defsig_exit.o ABSOLUTE
    ../clib/signal.c                         0x00000000   Number         0  defsig_fpe_inner.o ABSOLUTE
    ../clib/signal.c                         0x00000000   Number         0  defsig_rtmem_formal.o ABSOLUTE
    ../clib/signal.s                         0x00000000   Number         0  defsig.o ABSOLUTE
    ../clib/stdlib.c                         0x00000000   Number         0  exit.o ABSOLUTE
    ../clib/string.c                         0x00000000   Number         0  strcpy.o ABSOLUTE
    ../fplib/d2f.s                           0x00000000   Number         0  d2f_clz.o ABSOLUTE
    ../fplib/daddsub.s                       0x00000000   Number         0  daddsub_clz.o ABSOLUTE
    ../fplib/dflt.s                          0x00000000   Number         0  dflt_clz.o ABSOLUTE
    ../fplib/dnaninf.s                       0x00000000   Number         0  dnaninf.o ABSOLUTE
    ../fplib/drenorm.s                       0x00000000   Number         0  drenorm_clz.o ABSOLUTE
    ../fplib/dretinf.s                       0x00000000   Number         0  dretinf.o ABSOLUTE
    ../fplib/dunder.s                        0x00000000   Number         0  dunder_clz.o ABSOLUTE
    ../fplib/except.s                        0x00000000   Number         0  except.o ABSOLUTE
    ../fplib/f2d.s                           0x00000000   Number         0  f2d.o ABSOLUTE
    ../fplib/fnaninf.s                       0x00000000   Number         0  fnaninf.o ABSOLUTE
    ../fplib/fpinit.s                        0x00000000   Number         0  fpinit.o ABSOLUTE
    ../fplib/fretinf.s                       0x00000000   Number         0  fretinf.o ABSOLUTE
    ../fplib/funder.s                        0x00000000   Number         0  funder_clz.o ABSOLUTE
    ../fplib/istatus.s                       0x00000000   Number         0  istatus.o ABSOLUTE
    ../fplib/printf1.s                       0x00000000   Number         0  printf1.o ABSOLUTE
    ../fplib/retnan.s                        0x00000000   Number         0  retnan.o ABSOLUTE
    ../fplib/trapv.s                         0x00000000   Number         0  trapv.o ABSOLUTE
    ../fplib/usenofp.s                       0x00000000   Number         0  usenofp.o ABSOLUTE
    ../mathlib/fpclassify.c                  0x00000000   Number         0  fpclassify.o ABSOLUTE
    ..\FilteringFunctions\arm_fir_f32.c      0x00000000   Number         0  arm_fir_f32.o ABSOLUTE
    ..\FilteringFunctions\arm_fir_init_f32.c 0x00000000   Number         0  arm_fir_init_f32.o ABSOLUTE
    ..\\FilteringFunctions\\arm_fir_f32.c    0x00000000   Number         0  arm_fir_f32.o ABSOLUTE
    ..\\FilteringFunctions\\arm_fir_init_f32.c 0x00000000   Number         0  arm_fir_init_f32.o ABSOLUTE
    Motor.c                                  0x00000000   Number         0  motor.o ABSOLUTE
    Motor.c                                  0x00000000   Number         0  motor.o ABSOLUTE
    RTE\Device\STM32F407VGTx\startup_stm32f407xx.s 0x00000000   Number         0  startup_stm32f407xx.o ABSOLUTE
    RTE\Device\STM32F407VGTx\system_stm32f4xx.c 0x00000000   Number         0  system_stm32f4xx.o ABSOLUTE
    RTE\\Device\\STM32F407VGTx\\system_stm32f4xx.c 0x00000000   Number         0  system_stm32f4xx.o ABSOLUTE
    adc_1.c                                  0x00000000   Number         0  adc_1.o ABSOLUTE
    adc_1.c                                  0x00000000   Number         0  adc_1.o ABSOLUTE
    adc_2.c                                  0x00000000   Number         0  adc_2.o ABSOLUTE
    adc_2.c                                  0x00000000   Number         0  adc_2.o ABSOLUTE
    adc_3.c                                  0x00000000   Number         0  adc_3.o ABSOLUTE
    adc_3.c                                  0x00000000   Number         0  adc_3.o ABSOLUTE
    adc_gpio.c                               0x00000000   Number         0  adc_gpio.o ABSOLUTE
    adc_gpio.c                               0x00000000   Number         0  adc_gpio.o ABSOLUTE
    dc.s                                     0x00000000   Number         0  dc.o ABSOLUTE
    main.c                                   0x00000000   Number         0  main.o ABSOLUTE
    main.c                                   0x00000000   Number         0  main.o ABSOLUTE
    tim_1.c                                  0x00000000   Number         0  tim_1.o ABSOLUTE
    tim_1.c                                  0x00000000   Number         0  tim_1.o ABSOLUTE
    tim_10.c                                 0x00000000   Number         0  tim_10.o ABSOLUTE
    tim_10.c                                 0x00000000   Number         0  tim_10.o ABSOLUTE
    tim_12.c                                 0x00000000   Number         0  tim_12.o ABSOLUTE
    tim_12.c                                 0x00000000   Number         0  tim_12.o ABSOLUTE
    tim_13.c                                 0x00000000   Number         0  tim_13.o ABSOLUTE
    tim_13.c                                 0x00000000   Number         0  tim_13.o ABSOLUTE
    tim_5.c                                  0x00000000   Number         0  tim_5.o ABSOLUTE
    tim_5.c                                  0x00000000   Number         0  tim_5.o ABSOLUTE
    tim_9.c                                  0x00000000   Number         0  tim_9.o ABSOLUTE
    tim_9.c                                  0x00000000   Number         0  tim_9.o ABSOLUTE
    uart.c                                   0x00000000   Number         0  uart.o ABSOLUTE
    uart.c                                   0x00000000   Number         0  uart.o ABSOLUTE
    RESET                                    0x08000000   Section      392  startup_stm32f407xx.o(RESET)
    !!!main                                  0x08000188   Section        8  __main.o(!!!main)
    !!!scatter                               0x08000190   Section       52  __scatter.o(!!!scatter)
    !!dclz77c                                0x080001c4   Section      100  __dclz77c.o(!!dclz77c)
    !!handler_zi                             0x08000228   Section       28  __scatter_zi.o(!!handler_zi)
    .ARM.Collect$$_printf_percent$$00000000  0x08000244   Section        0  _printf_percent.o(.ARM.Collect$$_printf_percent$$00000000)
    .ARM.Collect$$_printf_percent$$00000003  0x08000244   Section        6  _printf_f.o(.ARM.Collect$$_printf_percent$$00000003)
    .ARM.Collect$$_printf_percent$$00000009  0x0800024a   Section        6  _printf_d.o(.ARM.Collect$$_printf_percent$$00000009)
    .ARM.Collect$$_printf_percent$$00000017  0x08000250   Section        4  _printf_percent_end.o(.ARM.Collect$$_printf_percent$$00000017)
    .ARM.Collect$$libinit$$00000000          0x08000254   Section        2  libinit.o(.ARM.Collect$$libinit$$00000000)
    .ARM.Collect$$libinit$$00000001          0x08000256   Section        4  libinit2.o(.ARM.Collect$$libinit$$00000001)
    .ARM.Collect$$libinit$$00000004          0x0800025a   Section        0  libinit2.o(.ARM.Collect$$libinit$$00000004)
    .ARM.Collect$$libinit$$0000000A          0x0800025a   Section        0  libinit2.o(.ARM.Collect$$libinit$$0000000A)
    .ARM.Collect$$libinit$$0000000C          0x0800025a   Section        0  libinit2.o(.ARM.Collect$$libinit$$0000000C)
    .ARM.Collect$$libinit$$0000000E          0x0800025a   Section        0  libinit2.o(.ARM.Collect$$libinit$$0000000E)
    .ARM.Collect$$libinit$$0000000F          0x0800025a   Section        6  libinit2.o(.ARM.Collect$$libinit$$0000000F)
    .ARM.Collect$$libinit$$00000011          0x08000260   Section        0  libinit2.o(.ARM.Collect$$libinit$$00000011)
    .ARM.Collect$$libinit$$00000013          0x08000260   Section        0  libinit2.o(.ARM.Collect$$libinit$$00000013)
    .ARM.Collect$$libinit$$00000015          0x08000260   Section        0  libinit2.o(.ARM.Collect$$libinit$$00000015)
    .ARM.Collect$$libinit$$00000016          0x08000260   Section       10  libinit2.o(.ARM.Collect$$libinit$$00000016)
    .ARM.Collect$$libinit$$00000017          0x0800026a   Section        0  libinit2.o(.ARM.Collect$$libinit$$00000017)
    .ARM.Collect$$libinit$$00000019          0x0800026a   Section        0  libinit2.o(.ARM.Collect$$libinit$$00000019)
    .ARM.Collect$$libinit$$0000001B          0x0800026a   Section        0  libinit2.o(.ARM.Collect$$libinit$$0000001B)
    .ARM.Collect$$libinit$$0000001D          0x0800026a   Section        0  libinit2.o(.ARM.Collect$$libinit$$0000001D)
    .ARM.Collect$$libinit$$0000001F          0x0800026a   Section        0  libinit2.o(.ARM.Collect$$libinit$$0000001F)
    .ARM.Collect$$libinit$$00000021          0x0800026a   Section        0  libinit2.o(.ARM.Collect$$libinit$$00000021)
    .ARM.Collect$$libinit$$00000023          0x0800026a   Section        0  libinit2.o(.ARM.Collect$$libinit$$00000023)
    .ARM.Collect$$libinit$$00000025          0x0800026a   Section        0  libinit2.o(.ARM.Collect$$libinit$$00000025)
    .ARM.Collect$$libinit$$0000002C          0x0800026a   Section        0  libinit2.o(.ARM.Collect$$libinit$$0000002C)
    .ARM.Collect$$libinit$$0000002E          0x0800026a   Section        0  libinit2.o(.ARM.Collect$$libinit$$0000002E)
    .ARM.Collect$$libinit$$00000030          0x0800026a   Section        0  libinit2.o(.ARM.Collect$$libinit$$00000030)
    .ARM.Collect$$libinit$$00000032          0x0800026a   Section        0  libinit2.o(.ARM.Collect$$libinit$$00000032)
    .ARM.Collect$$libinit$$00000033          0x0800026a   Section        2  libinit2.o(.ARM.Collect$$libinit$$00000033)
    .ARM.Collect$$libshutdown$$00000000      0x0800026c   Section        2  libshutdown.o(.ARM.Collect$$libshutdown$$00000000)
    .ARM.Collect$$libshutdown$$00000002      0x0800026e   Section        0  libshutdown2.o(.ARM.Collect$$libshutdown$$00000002)
    .ARM.Collect$$libshutdown$$00000004      0x0800026e   Section        0  libshutdown2.o(.ARM.Collect$$libshutdown$$00000004)
    .ARM.Collect$$libshutdown$$00000007      0x0800026e   Section        0  libshutdown2.o(.ARM.Collect$$libshutdown$$00000007)
    .ARM.Collect$$libshutdown$$0000000A      0x0800026e   Section        0  libshutdown2.o(.ARM.Collect$$libshutdown$$0000000A)
    .ARM.Collect$$libshutdown$$0000000C      0x0800026e   Section        0  libshutdown2.o(.ARM.Collect$$libshutdown$$0000000C)
    .ARM.Collect$$libshutdown$$0000000F      0x0800026e   Section        0  libshutdown2.o(.ARM.Collect$$libshutdown$$0000000F)
    .ARM.Collect$$libshutdown$$00000010      0x0800026e   Section        2  libshutdown2.o(.ARM.Collect$$libshutdown$$00000010)
    .ARM.Collect$$rtentry$$00000000          0x08000270   Section        0  __rtentry.o(.ARM.Collect$$rtentry$$00000000)
    .ARM.Collect$$rtentry$$00000002          0x08000270   Section        0  __rtentry2.o(.ARM.Collect$$rtentry$$00000002)
    .ARM.Collect$$rtentry$$00000004          0x08000270   Section        6  __rtentry4.o(.ARM.Collect$$rtentry$$00000004)
    .ARM.Collect$$rtentry$$00000009          0x08000276   Section        0  __rtentry2.o(.ARM.Collect$$rtentry$$00000009)
    .ARM.Collect$$rtentry$$0000000A          0x08000276   Section        4  __rtentry2.o(.ARM.Collect$$rtentry$$0000000A)
    .ARM.Collect$$rtentry$$0000000C          0x0800027a   Section        0  __rtentry2.o(.ARM.Collect$$rtentry$$0000000C)
    .ARM.Collect$$rtentry$$0000000D          0x0800027a   Section        8  __rtentry2.o(.ARM.Collect$$rtentry$$0000000D)
    .ARM.Collect$$rtexit$$00000000           0x08000282   Section        2  rtexit.o(.ARM.Collect$$rtexit$$00000000)
    .ARM.Collect$$rtexit$$00000002           0x08000284   Section        0  rtexit2.o(.ARM.Collect$$rtexit$$00000002)
    .ARM.Collect$$rtexit$$00000003           0x08000284   Section        4  rtexit2.o(.ARM.Collect$$rtexit$$00000003)
    .ARM.Collect$$rtexit$$00000004           0x08000288   Section        6  rtexit2.o(.ARM.Collect$$rtexit$$00000004)
    .text                                    0x08000290   Section       64  startup_stm32f407xx.o(.text)
    $v0                                      0x08000290   Number         0  startup_stm32f407xx.o(.text)
    .text                                    0x080002d0   Section        0  arm_fir_f32.o(.text)
    .text                                    0x08000802   Section        0  arm_fir_init_f32.o(.text)
    .text                                    0x08000820   Section        0  noretval__2sprintf.o(.text)
    .text                                    0x08000848   Section        0  _printf_pad.o(.text)
    .text                                    0x08000898   Section        0  _printf_dec.o(.text)
    .text                                    0x08000910   Section        0  __printf_flags_wp.o(.text)
    .text                                    0x08000a48   Section        0  strcpy.o(.text)
    .text                                    0x08000a90   Section       78  rt_memclr_w.o(.text)
    .text                                    0x08000ade   Section        0  heapauxi.o(.text)
    .text                                    0x08000ae4   Section        0  _printf_intcommon.o(.text)
    .text                                    0x08000b96   Section        0  _printf_fp_dec.o(.text)
    _fp_digits                               0x08000b99   Thumb Code   428  _printf_fp_dec.o(.text)
    .text                                    0x08000fb0   Section        0  _printf_char_common.o(.text)
    _printf_input_char                       0x08000fb1   Thumb Code    10  _printf_char_common.o(.text)
    .text                                    0x08000fe0   Section        0  _sputc.o(.text)
    .text                                    0x08000fec   Section        8  rt_locale_intlibspace.o(.text)
    .text                                    0x08000ff4   Section      138  lludiv10.o(.text)
    .text                                    0x08001080   Section        0  _fptrap.o(.text)
    .text                                    0x080010b0   Section        0  _printf_fp_infnan.o(.text)
    .text                                    0x08001130   Section        0  bigflt0.o(.text)
    .text                                    0x0800120c   Section        8  libspace.o(.text)
    .text                                    0x08001214   Section       74  sys_stackheap_outer.o(.text)
    .text                                    0x0800125e   Section        0  exit.o(.text)
    .text                                    0x08001270   Section        0  defsig_fpe_outer.o(.text)
    .text                                    0x08001280   Section      128  strcmpv7m.o(.text)
    .text                                    0x08001300   Section        0  defsig_exit.o(.text)
    .text                                    0x0800130c   Section        0  defsig_fpe_inner.o(.text)
    .text                                    0x080013b8   Section        0  sys_exit.o(.text)
    .text                                    0x080013c4   Section        0  defsig_general.o(.text)
    .text                                    0x080013f6   Section        0  sys_wrch.o(.text)
    .text                                    0x08001404   Section        2  use_no_semi.o(.text)
    .text                                    0x08001406   Section        0  indicate_semi.o(.text)
    CL$$btod_d2e                             0x08001406   Section       62  btod.o(CL$$btod_d2e)
    CL$$btod_d2e_denorm_low                  0x08001444   Section       70  btod.o(CL$$btod_d2e_denorm_low)
    CL$$btod_d2e_norm_op1                    0x0800148a   Section       96  btod.o(CL$$btod_d2e_norm_op1)
    CL$$btod_div_common                      0x080014ea   Section      824  btod.o(CL$$btod_div_common)
    CL$$btod_e2e                             0x08001822   Section      198  btod.o(CL$$btod_e2e)
    CL$$btod_ediv                            0x080018e8   Section       40  btod.o(CL$$btod_ediv)
    CL$$btod_emul                            0x08001910   Section       40  btod.o(CL$$btod_emul)
    CL$$btod_mult_common                     0x08001938   Section      580  btod.o(CL$$btod_mult_common)
    i.Motor_1_Change_DCYC                    0x08001b7c   Section        0  motor.o(i.Motor_1_Change_DCYC)
    i.Motor_2_Change_DCYC                    0x08001cf8   Section        0  motor.o(i.Motor_2_Change_DCYC)
    i.Motor_3_Change_DCYC                    0x08001e68   Section        0  motor.o(i.Motor_3_Change_DCYC)
    i.Motor_4_Change_DCYC                    0x08001fe4   Section        0  motor.o(i.Motor_4_Change_DCYC)
    i.Motor_Calc_Speed                       0x08002170   Section        0  motor.o(i.Motor_Calc_Speed)
    i.Motor_ISR                              0x080021f0   Section        0  motor.o(i.Motor_ISR)
    i.Motor_Update_PID                       0x0800232c   Section        0  motor.o(i.Motor_Update_PID)
    i.Motor_init                             0x08002478   Section        0  motor.o(i.Motor_init)
    i.SystemInit                             0x08002508   Section        0  system_stm32f4xx.o(i.SystemInit)
    i.TIM1_UP_TIM10_IRQHandler               0x0800256c   Section        0  main.o(i.TIM1_UP_TIM10_IRQHandler)
    i.TIM8_UP_TIM13_IRQHandler               0x08002620   Section        0  main.o(i.TIM8_UP_TIM13_IRQHandler)
    i.USART2_IRQHandler                      0x08002664   Section        0  main.o(i.USART2_IRQHandler)
    i.USART_IRQHandler                       0x08002684   Section        0  uart.o(i.USART_IRQHandler)
    i.USART_Init                             0x080026b4   Section        0  uart.o(i.USART_Init)
    i.USART_Write                            0x0800272c   Section        0  uart.o(i.USART_Write)
    i.__ARM_fpclassify                       0x08002760   Section        0  fpclassify.o(i.__ARM_fpclassify)
    i._is_digit                              0x08002790   Section        0  __printf_wp.o(i._is_digit)
    i.adc_1_config                           0x080027a0   Section        0  adc_1.o(i.adc_1_config)
    i.adc_gpio_init                          0x080027f4   Section        0  adc_gpio.o(i.adc_gpio_init)
    i.decode                                 0x080028c4   Section        0  main.o(i.decode)
    i.display_speed_current                  0x080028fc   Section        0  uart.o(i.display_speed_current)
    i.main                                   0x080029ac   Section        0  main.o(i.main)
    i.sysclk_Configure                       0x08002ac0   Section        0  main.o(i.sysclk_Configure)
    i.tim_10_config                          0x08002af0   Section        0  tim_10.o(i.tim_10_config)
    i.tim_12_config                          0x08002ba4   Section        0  tim_12.o(i.tim_12_config)
    i.tim_12_gpio_init                       0x08002c60   Section        0  tim_12.o(i.tim_12_gpio_init)
    i.tim_13_config                          0x08002d84   Section        0  tim_13.o(i.tim_13_config)
    i.tim_1_config                           0x08002e40   Section        0  tim_1.o(i.tim_1_config)
    i.tim_1_gpio_init                        0x08002eb8   Section        0  tim_1.o(i.tim_1_gpio_init)
    i.tim_5_config                           0x08002f4c   Section        0  tim_5.o(i.tim_5_config)
    i.tim_5_gpio_init                        0x08003054   Section        0  tim_5.o(i.tim_5_gpio_init)
    i.tim_9_config                           0x08003210   Section        0  tim_9.o(i.tim_9_config)
    i.tim_9_gpio_init                        0x080032a8   Section        0  tim_9.o(i.tim_9_gpio_init)
    i.uart_gpio_init                         0x08003388   Section        0  uart.o(i.uart_gpio_init)
    locale$$code                             0x080033f8   Section       44  lc_numeric_c.o(locale$$code)
    x$fpl$d2f                                0x08003424   Section      708  d2f_clz.o(x$fpl$d2f)
    $v0                                      0x08003424   Number         0  d2f_clz.o(x$fpl$d2f)
    x$fpl$dadd                               0x080036e8   Section      588  daddsub_clz.o(x$fpl$dadd)
    $v0                                      0x080036e8   Number         0  daddsub_clz.o(x$fpl$dadd)
    _dadd1                                   0x08003713   Thumb Code     0  daddsub_clz.o(x$fpl$dadd)
    dadd_zerodenorm                          0x080038b3   Thumb Code     0  daddsub_clz.o(x$fpl$dadd)
    x$fpl$dfltn                              0x08003934   Section       26  dflt_clz.o(x$fpl$dfltn)
    $v0                                      0x08003934   Number         0  dflt_clz.o(x$fpl$dfltn)
    x$fpl$dfltu                              0x0800394e   Section       38  dflt_clz.o(x$fpl$dfltu)
    $v0                                      0x0800394e   Number         0  dflt_clz.o(x$fpl$dfltu)
    x$fpl$dnaninf                            0x08003974   Section      258  dnaninf.o(x$fpl$dnaninf)
    $v0                                      0x08003974   Number         0  dnaninf.o(x$fpl$dnaninf)
    x$fpl$drenorm                            0x08003a76   Section      112  drenorm_clz.o(x$fpl$drenorm)
    $v0                                      0x08003a76   Number         0  drenorm_clz.o(x$fpl$drenorm)
    x$fpl$dretinf                            0x08003ae6   Section       12  dretinf.o(x$fpl$dretinf)
    $v0                                      0x08003ae6   Number         0  dretinf.o(x$fpl$dretinf)
    x$fpl$dsub                               0x08003af4   Section      668  daddsub_clz.o(x$fpl$dsub)
    $v0                                      0x08003af4   Number         0  daddsub_clz.o(x$fpl$dsub)
    _dsub1                                   0x08003b1f   Thumb Code     0  daddsub_clz.o(x$fpl$dsub)
    daddsub_denorm                           0x08003ce3   Thumb Code     0  daddsub_clz.o(x$fpl$dsub)
    dsub_uncommon_first                      0x08003cf7   Thumb Code     0  daddsub_clz.o(x$fpl$dsub)
    dsub_zerodenorm                          0x08003d15   Thumb Code     0  daddsub_clz.o(x$fpl$dsub)
    x$fpl$dunder                             0x08003d90   Section      378  dunder_clz.o(x$fpl$dunder)
    $v0                                      0x08003d90   Number         0  dunder_clz.o(x$fpl$dunder)
    x$fpl$exception                          0x08003f0c   Section      492  except.o(x$fpl$exception)
    $v0                                      0x08003f0c   Number         0  except.o(x$fpl$exception)
    x$fpl$f2d                                0x080040f8   Section      122  f2d.o(x$fpl$f2d)
    $v0                                      0x080040f8   Number         0  f2d.o(x$fpl$f2d)
    x$fpl$fnaninf                            0x08004172   Section      242  fnaninf.o(x$fpl$fnaninf)
    $v0                                      0x08004172   Number         0  fnaninf.o(x$fpl$fnaninf)
    x$fpl$fpinit                             0x08004264   Section       10  fpinit.o(x$fpl$fpinit)
    $v0                                      0x08004264   Number         0  fpinit.o(x$fpl$fpinit)
    x$fpl$fretinf                            0x0800426e   Section       10  fretinf.o(x$fpl$fretinf)
    $v0                                      0x0800426e   Number         0  fretinf.o(x$fpl$fretinf)
    x$fpl$funder                             0x08004278   Section      316  funder_clz.o(x$fpl$funder)
    $v0                                      0x08004278   Number         0  funder_clz.o(x$fpl$funder)
    x$fpl$ieeestatus                         0x080043b4   Section       32  istatus.o(x$fpl$ieeestatus)
    $v0                                      0x080043b4   Number         0  istatus.o(x$fpl$ieeestatus)
    x$fpl$printf1                            0x080043d4   Section        4  printf1.o(x$fpl$printf1)
    $v0                                      0x080043d4   Number         0  printf1.o(x$fpl$printf1)
    x$fpl$retnan                             0x080043d8   Section      178  retnan.o(x$fpl$retnan)
    $v0                                      0x080043d8   Number         0  retnan.o(x$fpl$retnan)
    x$fpl$trapveneer                         0x0800448a   Section      126  trapv.o(x$fpl$trapveneer)
    $v0                                      0x0800448a   Number         0  trapv.o(x$fpl$trapveneer)
    .constdata                               0x08004508   Section       17  __printf_flags_wp.o(.constdata)
    x$fpl$usenofp                            0x08004508   Section        0  usenofp.o(x$fpl$usenofp)
    maptable                                 0x08004508   Data          17  __printf_flags_wp.o(.constdata)
    .constdata                               0x0800451c   Section      148  bigflt0.o(.constdata)
    tenpwrs_x                                0x0800451c   Data          60  bigflt0.o(.constdata)
    tenpwrs_i                                0x08004558   Data          64  bigflt0.o(.constdata)
    locale$$data                             0x080045d0   Section       28  lc_numeric_c.o(locale$$data)
    __lcnum_c_name                           0x080045d4   Data           2  lc_numeric_c.o(locale$$data)
    __lcnum_c_start                          0x080045dc   Data           0  lc_numeric_c.o(locale$$data)
    __lcnum_c_point                          0x080045e8   Data           0  lc_numeric_c.o(locale$$data)
    __lcnum_c_thousands                      0x080045ea   Data           0  lc_numeric_c.o(locale$$data)
    __lcnum_c_grouping                       0x080045eb   Data           0  lc_numeric_c.o(locale$$data)
    __lcnum_c_end                            0x080045ec   Data           0  lc_numeric_c.o(locale$$data)
    .data                                    0x20000000   Section     1456  main.o(.data)
    .data                                    0x200005b0   Section     1404  motor.o(.data)
    .bss                                     0x20000b2c   Section     6684  main.o(.bss)
    .bss                                     0x20002548   Section       96  libspace.o(.bss)
    HEAP                                     0x200025a8   Section      512  startup_stm32f407xx.o(HEAP)
    Heap_Mem                                 0x200025a8   Data         512  startup_stm32f407xx.o(HEAP)
    STACK                                    0x200027a8   Section     1024  startup_stm32f407xx.o(STACK)
    Stack_Mem                                0x200027a8   Data        1024  startup_stm32f407xx.o(STACK)
    __initial_sp                             0x20002ba8   Data           0  startup_stm32f407xx.o(STACK)

    Global Symbols

    Symbol Name                              Value     Ov Type        Size  Object(Section)

    BuildAttributes$$THM_ISAv4$E$P$D$K$B$S$7EM$VFPi3$EXTD16$VFPS$VFMA$PE$A:L22UL41UL21$X:L11$S22US41US21$IEEE1$IW$USESV6$~STKCKD$USESV7$~SHL$OTIME$ROPI$IEEEX$EBA8$UX$STANDARDLIB$REQ8$PRES8$EABIv2 0x00000000   Number         0  anon$$obj.o ABSOLUTE
    __ARM_use_no_argv                        0x00000000   Number         0  main.o ABSOLUTE
    _printf_flags                            0x00000000   Number         0  printf_stubs.o ABSOLUTE
    _printf_return_value                     0x00000000   Number         0  printf_stubs.o ABSOLUTE
    _printf_sizespec                         0x00000000   Number         0  printf_stubs.o ABSOLUTE
    _printf_widthprec                        0x00000000   Number         0  printf_stubs.o ABSOLUTE
    __ARM_exceptions_init                     - Undefined Weak Reference
    __alloca_initialize                       - Undefined Weak Reference
    __arm_preinit_                            - Undefined Weak Reference
    __cpp_initialize__aeabi_                  - Undefined Weak Reference
    __cxa_finalize                            - Undefined Weak Reference
    __sigvec_lookup                           - Undefined Weak Reference
    _atexit_init                              - Undefined Weak Reference
    _call_atexit_fns                          - Undefined Weak Reference
    _clock_init                               - Undefined Weak Reference
    _fp_trap_big                              - Undefined Weak Reference
    _fp_trap_init                             - Undefined Weak Reference
    _fp_trap_shutdown                         - Undefined Weak Reference
    _get_lc_collate                           - Undefined Weak Reference
    _get_lc_ctype                             - Undefined Weak Reference
    _get_lc_monetary                          - Undefined Weak Reference
    _get_lc_time                              - Undefined Weak Reference
    _getenv_init                              - Undefined Weak Reference
    _handle_redirection                       - Undefined Weak Reference
    _init_alloc                               - Undefined Weak Reference
    _init_user_alloc                          - Undefined Weak Reference
    _initio                                   - Undefined Weak Reference
    _printf_truncate_signed                   - Undefined Weak Reference
    _printf_truncate_unsigned                 - Undefined Weak Reference
    _rand_init                                - Undefined Weak Reference
    _signal_finish                            - Undefined Weak Reference
    _signal_init                              - Undefined Weak Reference
    _terminate_alloc                          - Undefined Weak Reference
    _terminate_user_alloc                     - Undefined Weak Reference
    _terminateio                              - Undefined Weak Reference
    __Vectors_Size                           0x00000188   Number         0  startup_stm32f407xx.o ABSOLUTE
    __Vectors                                0x08000000   Data           4  startup_stm32f407xx.o(RESET)
    __Vectors_End                            0x08000188   Data           0  startup_stm32f407xx.o(RESET)
    __main                                   0x08000189   Thumb Code     8  __main.o(!!!main)
    __scatterload                            0x08000191   Thumb Code     0  __scatter.o(!!!scatter)
    __scatterload_rt2                        0x08000191   Thumb Code    44  __scatter.o(!!!scatter)
    __scatterload_rt2_thumb_only             0x08000191   Thumb Code     0  __scatter.o(!!!scatter)
    __scatterload_null                       0x0800019f   Thumb Code     0  __scatter.o(!!!scatter)
    __decompress                             0x080001c5   Thumb Code   100  __dclz77c.o(!!dclz77c)
    __decompress2                            0x080001c5   Thumb Code     0  __dclz77c.o(!!dclz77c)
    __scatterload_zeroinit                   0x08000229   Thumb Code    28  __scatter_zi.o(!!handler_zi)
    _printf_f                                0x08000245   Thumb Code     0  _printf_f.o(.ARM.Collect$$_printf_percent$$00000003)
    _printf_percent                          0x08000245   Thumb Code     0  _printf_percent.o(.ARM.Collect$$_printf_percent$$00000000)
    _printf_d                                0x0800024b   Thumb Code     0  _printf_d.o(.ARM.Collect$$_printf_percent$$00000009)
    _printf_percent_end                      0x08000251   Thumb Code     0  _printf_percent_end.o(.ARM.Collect$$_printf_percent$$00000017)
    __rt_lib_init                            0x08000255   Thumb Code     0  libinit.o(.ARM.Collect$$libinit$$00000000)
    __rt_lib_init_fp_1                       0x08000257   Thumb Code     0  libinit2.o(.ARM.Collect$$libinit$$00000001)
    __rt_lib_init_heap_1                     0x0800025b   Thumb Code     0  libinit2.o(.ARM.Collect$$libinit$$0000000A)
    __rt_lib_init_lc_common                  0x0800025b   Thumb Code     0  libinit2.o(.ARM.Collect$$libinit$$0000000F)
    __rt_lib_init_preinit_1                  0x0800025b   Thumb Code     0  libinit2.o(.ARM.Collect$$libinit$$00000004)
    __rt_lib_init_rand_1                     0x0800025b   Thumb Code     0  libinit2.o(.ARM.Collect$$libinit$$0000000E)
    __rt_lib_init_user_alloc_1               0x0800025b   Thumb Code     0  libinit2.o(.ARM.Collect$$libinit$$0000000C)
    __rt_lib_init_lc_collate_1               0x08000261   Thumb Code     0  libinit2.o(.ARM.Collect$$libinit$$00000011)
    __rt_lib_init_lc_ctype_1                 0x08000261   Thumb Code     0  libinit2.o(.ARM.Collect$$libinit$$00000013)
    __rt_lib_init_lc_monetary_1              0x08000261   Thumb Code     0  libinit2.o(.ARM.Collect$$libinit$$00000015)
    __rt_lib_init_lc_numeric_2               0x08000261   Thumb Code     0  libinit2.o(.ARM.Collect$$libinit$$00000016)
    __rt_lib_init_alloca_1                   0x0800026b   Thumb Code     0  libinit2.o(.ARM.Collect$$libinit$$0000002E)
    __rt_lib_init_argv_1                     0x0800026b   Thumb Code     0  libinit2.o(.ARM.Collect$$libinit$$0000002C)
    __rt_lib_init_atexit_1                   0x0800026b   Thumb Code     0  libinit2.o(.ARM.Collect$$libinit$$0000001B)
    __rt_lib_init_clock_1                    0x0800026b   Thumb Code     0  libinit2.o(.ARM.Collect$$libinit$$00000021)
    __rt_lib_init_cpp_1                      0x0800026b   Thumb Code     0  libinit2.o(.ARM.Collect$$libinit$$00000032)
    __rt_lib_init_exceptions_1               0x0800026b   Thumb Code     0  libinit2.o(.ARM.Collect$$libinit$$00000030)
    __rt_lib_init_fp_trap_1                  0x0800026b   Thumb Code     0  libinit2.o(.ARM.Collect$$libinit$$0000001F)
    __rt_lib_init_getenv_1                   0x0800026b   Thumb Code     0  libinit2.o(.ARM.Collect$$libinit$$00000023)
    __rt_lib_init_lc_numeric_1               0x0800026b   Thumb Code     0  libinit2.o(.ARM.Collect$$libinit$$00000017)
    __rt_lib_init_lc_time_1                  0x0800026b   Thumb Code     0  libinit2.o(.ARM.Collect$$libinit$$00000019)
    __rt_lib_init_return                     0x0800026b   Thumb Code     0  libinit2.o(.ARM.Collect$$libinit$$00000033)
    __rt_lib_init_signal_1                   0x0800026b   Thumb Code     0  libinit2.o(.ARM.Collect$$libinit$$0000001D)
    __rt_lib_init_stdio_1                    0x0800026b   Thumb Code     0  libinit2.o(.ARM.Collect$$libinit$$00000025)
    __rt_lib_shutdown                        0x0800026d   Thumb Code     0  libshutdown.o(.ARM.Collect$$libshutdown$$00000000)
    __rt_lib_shutdown_cpp_1                  0x0800026f   Thumb Code     0  libshutdown2.o(.ARM.Collect$$libshutdown$$00000002)
    __rt_lib_shutdown_fp_trap_1              0x0800026f   Thumb Code     0  libshutdown2.o(.ARM.Collect$$libshutdown$$00000007)
    __rt_lib_shutdown_heap_1                 0x0800026f   Thumb Code     0  libshutdown2.o(.ARM.Collect$$libshutdown$$0000000F)
    __rt_lib_shutdown_return                 0x0800026f   Thumb Code     0  libshutdown2.o(.ARM.Collect$$libshutdown$$00000010)
    __rt_lib_shutdown_signal_1               0x0800026f   Thumb Code     0  libshutdown2.o(.ARM.Collect$$libshutdown$$0000000A)
    __rt_lib_shutdown_stdio_1                0x0800026f   Thumb Code     0  libshutdown2.o(.ARM.Collect$$libshutdown$$00000004)
    __rt_lib_shutdown_user_alloc_1           0x0800026f   Thumb Code     0  libshutdown2.o(.ARM.Collect$$libshutdown$$0000000C)
    __rt_entry                               0x08000271   Thumb Code     0  __rtentry.o(.ARM.Collect$$rtentry$$00000000)
    __rt_entry_presh_1                       0x08000271   Thumb Code     0  __rtentry2.o(.ARM.Collect$$rtentry$$00000002)
    __rt_entry_sh                            0x08000271   Thumb Code     0  __rtentry4.o(.ARM.Collect$$rtentry$$00000004)
    __rt_entry_li                            0x08000277   Thumb Code     0  __rtentry2.o(.ARM.Collect$$rtentry$$0000000A)
    __rt_entry_postsh_1                      0x08000277   Thumb Code     0  __rtentry2.o(.ARM.Collect$$rtentry$$00000009)
    __rt_entry_main                          0x0800027b   Thumb Code     0  __rtentry2.o(.ARM.Collect$$rtentry$$0000000D)
    __rt_entry_postli_1                      0x0800027b   Thumb Code     0  __rtentry2.o(.ARM.Collect$$rtentry$$0000000C)
    __rt_exit                                0x08000283   Thumb Code     0  rtexit.o(.ARM.Collect$$rtexit$$00000000)
    __rt_exit_ls                             0x08000285   Thumb Code     0  rtexit2.o(.ARM.Collect$$rtexit$$00000003)
    __rt_exit_prels_1                        0x08000285   Thumb Code     0  rtexit2.o(.ARM.Collect$$rtexit$$00000002)
    __rt_exit_exit                           0x08000289   Thumb Code     0  rtexit2.o(.ARM.Collect$$rtexit$$00000004)
    Reset_Handler                            0x08000291   Thumb Code     8  startup_stm32f407xx.o(.text)
    NMI_Handler                              0x08000299   Thumb Code     2  startup_stm32f407xx.o(.text)
    HardFault_Handler                        0x0800029b   Thumb Code     2  startup_stm32f407xx.o(.text)
    MemManage_Handler                        0x0800029d   Thumb Code     2  startup_stm32f407xx.o(.text)
    BusFault_Handler                         0x0800029f   Thumb Code     2  startup_stm32f407xx.o(.text)
    UsageFault_Handler                       0x080002a1   Thumb Code     2  startup_stm32f407xx.o(.text)
    SVC_Handler                              0x080002a3   Thumb Code     2  startup_stm32f407xx.o(.text)
    DebugMon_Handler                         0x080002a5   Thumb Code     2  startup_stm32f407xx.o(.text)
    PendSV_Handler                           0x080002a7   Thumb Code     2  startup_stm32f407xx.o(.text)
    SysTick_Handler                          0x080002a9   Thumb Code     2  startup_stm32f407xx.o(.text)
    ADC_IRQHandler                           0x080002ab   Thumb Code     0  startup_stm32f407xx.o(.text)
    CAN1_RX0_IRQHandler                      0x080002ab   Thumb Code     0  startup_stm32f407xx.o(.text)
    CAN1_RX1_IRQHandler                      0x080002ab   Thumb Code     0  startup_stm32f407xx.o(.text)
    CAN1_SCE_IRQHandler                      0x080002ab   Thumb Code     0  startup_stm32f407xx.o(.text)
    CAN1_TX_IRQHandler                       0x080002ab   Thumb Code     0  startup_stm32f407xx.o(.text)
    CAN2_RX0_IRQHandler                      0x080002ab   Thumb Code     0  startup_stm32f407xx.o(.text)
    CAN2_RX1_IRQHandler                      0x080002ab   Thumb Code     0  startup_stm32f407xx.o(.text)
    CAN2_SCE_IRQHandler                      0x080002ab   Thumb Code     0  startup_stm32f407xx.o(.text)
    CAN2_TX_IRQHandler                       0x080002ab   Thumb Code     0  startup_stm32f407xx.o(.text)
    DCMI_IRQHandler                          0x080002ab   Thumb Code     0  startup_stm32f407xx.o(.text)
    DMA1_Stream0_IRQHandler                  0x080002ab   Thumb Code     0  startup_stm32f407xx.o(.text)
    DMA1_Stream1_IRQHandler                  0x080002ab   Thumb Code     0  startup_stm32f407xx.o(.text)
    DMA1_Stream2_IRQHandler                  0x080002ab   Thumb Code     0  startup_stm32f407xx.o(.text)
    DMA1_Stream3_IRQHandler                  0x080002ab   Thumb Code     0  startup_stm32f407xx.o(.text)
    DMA1_Stream4_IRQHandler                  0x080002ab   Thumb Code     0  startup_stm32f407xx.o(.text)
    DMA1_Stream5_IRQHandler                  0x080002ab   Thumb Code     0  startup_stm32f407xx.o(.text)
    DMA1_Stream6_IRQHandler                  0x080002ab   Thumb Code     0  startup_stm32f407xx.o(.text)
    DMA1_Stream7_IRQHandler                  0x080002ab   Thumb Code     0  startup_stm32f407xx.o(.text)
    DMA2_Stream0_IRQHandler                  0x080002ab   Thumb Code     0  startup_stm32f407xx.o(.text)
    DMA2_Stream1_IRQHandler                  0x080002ab   Thumb Code     0  startup_stm32f407xx.o(.text)
    DMA2_Stream2_IRQHandler                  0x080002ab   Thumb Code     0  startup_stm32f407xx.o(.text)
    DMA2_Stream3_IRQHandler                  0x080002ab   Thumb Code     0  startup_stm32f407xx.o(.text)
    DMA2_Stream4_IRQHandler                  0x080002ab   Thumb Code     0  startup_stm32f407xx.o(.text)
    DMA2_Stream5_IRQHandler                  0x080002ab   Thumb Code     0  startup_stm32f407xx.o(.text)
    DMA2_Stream6_IRQHandler                  0x080002ab   Thumb Code     0  startup_stm32f407xx.o(.text)
    DMA2_Stream7_IRQHandler                  0x080002ab   Thumb Code     0  startup_stm32f407xx.o(.text)
    ETH_IRQHandler                           0x080002ab   Thumb Code     0  startup_stm32f407xx.o(.text)
    ETH_WKUP_IRQHandler                      0x080002ab   Thumb Code     0  startup_stm32f407xx.o(.text)
    EXTI0_IRQHandler                         0x080002ab   Thumb Code     0  startup_stm32f407xx.o(.text)
    EXTI15_10_IRQHandler                     0x080002ab   Thumb Code     0  startup_stm32f407xx.o(.text)
    EXTI1_IRQHandler                         0x080002ab   Thumb Code     0  startup_stm32f407xx.o(.text)
    EXTI2_IRQHandler                         0x080002ab   Thumb Code     0  startup_stm32f407xx.o(.text)
    EXTI3_IRQHandler                         0x080002ab   Thumb Code     0  startup_stm32f407xx.o(.text)
    EXTI4_IRQHandler                         0x080002ab   Thumb Code     0  startup_stm32f407xx.o(.text)
    EXTI9_5_IRQHandler                       0x080002ab   Thumb Code     0  startup_stm32f407xx.o(.text)
    FLASH_IRQHandler                         0x080002ab   Thumb Code     0  startup_stm32f407xx.o(.text)
    FMC_IRQHandler                           0x080002ab   Thumb Code     0  startup_stm32f407xx.o(.text)
    FPU_IRQHandler                           0x080002ab   Thumb Code     0  startup_stm32f407xx.o(.text)
    HASH_RNG_IRQHandler                      0x080002ab   Thumb Code     0  startup_stm32f407xx.o(.text)
    I2C1_ER_IRQHandler                       0x080002ab   Thumb Code     0  startup_stm32f407xx.o(.text)
    I2C1_EV_IRQHandler                       0x080002ab   Thumb Code     0  startup_stm32f407xx.o(.text)
    I2C2_ER_IRQHandler                       0x080002ab   Thumb Code     0  startup_stm32f407xx.o(.text)
    I2C2_EV_IRQHandler                       0x080002ab   Thumb Code     0  startup_stm32f407xx.o(.text)
    I2C3_ER_IRQHandler                       0x080002ab   Thumb Code     0  startup_stm32f407xx.o(.text)
    I2C3_EV_IRQHandler                       0x080002ab   Thumb Code     0  startup_stm32f407xx.o(.text)
    OTG_FS_IRQHandler                        0x080002ab   Thumb Code     0  startup_stm32f407xx.o(.text)
    OTG_FS_WKUP_IRQHandler                   0x080002ab   Thumb Code     0  startup_stm32f407xx.o(.text)
    OTG_HS_EP1_IN_IRQHandler                 0x080002ab   Thumb Code     0  startup_stm32f407xx.o(.text)
    OTG_HS_EP1_OUT_IRQHandler                0x080002ab   Thumb Code     0  startup_stm32f407xx.o(.text)
    OTG_HS_IRQHandler                        0x080002ab   Thumb Code     0  startup_stm32f407xx.o(.text)
    OTG_HS_WKUP_IRQHandler                   0x080002ab   Thumb Code     0  startup_stm32f407xx.o(.text)
    PVD_IRQHandler                           0x080002ab   Thumb Code     0  startup_stm32f407xx.o(.text)
    RCC_IRQHandler                           0x080002ab   Thumb Code     0  startup_stm32f407xx.o(.text)
    RTC_Alarm_IRQHandler                     0x080002ab   Thumb Code     0  startup_stm32f407xx.o(.text)
    RTC_WKUP_IRQHandler                      0x080002ab   Thumb Code     0  startup_stm32f407xx.o(.text)
    SDIO_IRQHandler                          0x080002ab   Thumb Code     0  startup_stm32f407xx.o(.text)
    SPI1_IRQHandler                          0x080002ab   Thumb Code     0  startup_stm32f407xx.o(.text)
    SPI2_IRQHandler                          0x080002ab   Thumb Code     0  startup_stm32f407xx.o(.text)
    SPI3_IRQHandler                          0x080002ab   Thumb Code     0  startup_stm32f407xx.o(.text)
    TAMP_STAMP_IRQHandler                    0x080002ab   Thumb Code     0  startup_stm32f407xx.o(.text)
    TIM1_BRK_TIM9_IRQHandler                 0x080002ab   Thumb Code     0  startup_stm32f407xx.o(.text)
    TIM1_CC_IRQHandler                       0x080002ab   Thumb Code     0  startup_stm32f407xx.o(.text)
    TIM1_TRG_COM_TIM11_IRQHandler            0x080002ab   Thumb Code     0  startup_stm32f407xx.o(.text)
    TIM2_IRQHandler                          0x080002ab   Thumb Code     0  startup_stm32f407xx.o(.text)
    TIM3_IRQHandler                          0x080002ab   Thumb Code     0  startup_stm32f407xx.o(.text)
    TIM4_IRQHandler                          0x080002ab   Thumb Code     0  startup_stm32f407xx.o(.text)
    TIM5_IRQHandler                          0x080002ab   Thumb Code     0  startup_stm32f407xx.o(.text)
    TIM6_DAC_IRQHandler                      0x080002ab   Thumb Code     0  startup_stm32f407xx.o(.text)
    TIM7_IRQHandler                          0x080002ab   Thumb Code     0  startup_stm32f407xx.o(.text)
    TIM8_BRK_TIM12_IRQHandler                0x080002ab   Thumb Code     0  startup_stm32f407xx.o(.text)
    TIM8_CC_IRQHandler                       0x080002ab   Thumb Code     0  startup_stm32f407xx.o(.text)
    TIM8_TRG_COM_TIM14_IRQHandler            0x080002ab   Thumb Code     0  startup_stm32f407xx.o(.text)
    UART4_IRQHandler                         0x080002ab   Thumb Code     0  startup_stm32f407xx.o(.text)
    UART5_IRQHandler                         0x080002ab   Thumb Code     0  startup_stm32f407xx.o(.text)
    USART1_IRQHandler                        0x080002ab   Thumb Code     0  startup_stm32f407xx.o(.text)
    USART3_IRQHandler                        0x080002ab   Thumb Code     0  startup_stm32f407xx.o(.text)
    USART6_IRQHandler                        0x080002ab   Thumb Code     0  startup_stm32f407xx.o(.text)
    WWDG_IRQHandler                          0x080002ab   Thumb Code     0  startup_stm32f407xx.o(.text)
    __user_initial_stackheap                 0x080002ad   Thumb Code     0  startup_stm32f407xx.o(.text)
    arm_fir_f32                              0x080002d1   Thumb Code  1330  arm_fir_f32.o(.text)
    arm_fir_init_f32                         0x08000803   Thumb Code    28  arm_fir_init_f32.o(.text)
    __2sprintf                               0x08000821   Thumb Code    34  noretval__2sprintf.o(.text)
    _printf_pre_padding                      0x08000849   Thumb Code    44  _printf_pad.o(.text)
    _printf_post_padding                     0x08000875   Thumb Code    34  _printf_pad.o(.text)
    _printf_int_dec                          0x08000899   Thumb Code   104  _printf_dec.o(.text)
    __printf                                 0x08000911   Thumb Code   308  __printf_flags_wp.o(.text)
    strcpy                                   0x08000a49   Thumb Code    72  strcpy.o(.text)
    __aeabi_memclr4                          0x08000a91   Thumb Code     0  rt_memclr_w.o(.text)
    __aeabi_memclr8                          0x08000a91   Thumb Code     0  rt_memclr_w.o(.text)
    __rt_memclr_w                            0x08000a91   Thumb Code    78  rt_memclr_w.o(.text)
    _memset_w                                0x08000a95   Thumb Code     0  rt_memclr_w.o(.text)
    __use_two_region_memory                  0x08000adf   Thumb Code     2  heapauxi.o(.text)
    __rt_heap_escrow$2region                 0x08000ae1   Thumb Code     2  heapauxi.o(.text)
    __rt_heap_expand$2region                 0x08000ae3   Thumb Code     2  heapauxi.o(.text)
    _printf_int_common                       0x08000ae5   Thumb Code   178  _printf_intcommon.o(.text)
    __lib_sel_fp_printf                      0x08000b97   Thumb Code     2  _printf_fp_dec.o(.text)
    _printf_fp_dec_real                      0x08000d45   Thumb Code   620  _printf_fp_dec.o(.text)
    _printf_char_common                      0x08000fbb   Thumb Code    32  _printf_char_common.o(.text)
    _sputc                                   0x08000fe1   Thumb Code    10  _sputc.o(.text)
    __rt_locale                              0x08000fed   Thumb Code     8  rt_locale_intlibspace.o(.text)
    _ll_udiv10                               0x08000ff5   Thumb Code   138  lludiv10.o(.text)
    _fp_trap                                 0x08001081   Thumb Code    44  _fptrap.o(.text)
    _printf_fp_infnan                        0x080010b1   Thumb Code   112  _printf_fp_infnan.o(.text)
    _btod_etento                             0x08001131   Thumb Code   216  bigflt0.o(.text)
    __user_libspace                          0x0800120d   Thumb Code     8  libspace.o(.text)
    __user_perproc_libspace                  0x0800120d   Thumb Code     0  libspace.o(.text)
    __user_perthread_libspace                0x0800120d   Thumb Code     0  libspace.o(.text)
    __user_setup_stackheap                   0x08001215   Thumb Code    74  sys_stackheap_outer.o(.text)
    exit                                     0x0800125f   Thumb Code    18  exit.o(.text)
    __rt_SIGFPE                              0x08001271   Thumb Code    14  defsig_fpe_outer.o(.text)
    strcmp                                   0x08001281   Thumb Code   128  strcmpv7m.o(.text)
    __sig_exit                               0x08001301   Thumb Code    10  defsig_exit.o(.text)
    __rt_SIGFPE_inner                        0x0800130d   Thumb Code    62  defsig_fpe_inner.o(.text)
    _sys_exit                                0x080013b9   Thumb Code     8  sys_exit.o(.text)
    __default_signal_display                 0x080013c5   Thumb Code    50  defsig_general.o(.text)
    _ttywrch                                 0x080013f7   Thumb Code    14  sys_wrch.o(.text)
    __I$use$semihosting                      0x08001405   Thumb Code     0  use_no_semi.o(.text)
    __use_no_semihosting_swi                 0x08001405   Thumb Code     2  use_no_semi.o(.text)
    __semihosting_library_function           0x08001407   Thumb Code     0  indicate_semi.o(.text)
    _btod_d2e                                0x08001407   Thumb Code    62  btod.o(CL$$btod_d2e)
    _d2e_denorm_low                          0x08001445   Thumb Code    70  btod.o(CL$$btod_d2e_denorm_low)
    _d2e_norm_op1                            0x0800148b   Thumb Code    96  btod.o(CL$$btod_d2e_norm_op1)
    __btod_div_common                        0x080014eb   Thumb Code   696  btod.o(CL$$btod_div_common)
    _e2e                                     0x08001823   Thumb Code   198  btod.o(CL$$btod_e2e)
    _btod_ediv                               0x080018e9   Thumb Code    40  btod.o(CL$$btod_ediv)
    _btod_emul                               0x08001911   Thumb Code    40  btod.o(CL$$btod_emul)
    __btod_mult_common                       0x08001939   Thumb Code   580  btod.o(CL$$btod_mult_common)
    Motor_1_Change_DCYC                      0x08001b7d   Thumb Code   364  motor.o(i.Motor_1_Change_DCYC)
    Motor_2_Change_DCYC                      0x08001cf9   Thumb Code   350  motor.o(i.Motor_2_Change_DCYC)
    Motor_3_Change_DCYC                      0x08001e69   Thumb Code   364  motor.o(i.Motor_3_Change_DCYC)
    Motor_4_Change_DCYC                      0x08001fe5   Thumb Code   374  motor.o(i.Motor_4_Change_DCYC)
    Motor_Calc_Speed                         0x08002171   Thumb Code   106  motor.o(i.Motor_Calc_Speed)
    Motor_ISR                                0x080021f1   Thumb Code   302  motor.o(i.Motor_ISR)
    Motor_Update_PID                         0x0800232d   Thumb Code   310  motor.o(i.Motor_Update_PID)
    Motor_init                               0x08002479   Thumb Code   134  motor.o(i.Motor_init)
    SystemInit                               0x08002509   Thumb Code    82  system_stm32f4xx.o(i.SystemInit)
    TIM1_UP_TIM10_IRQHandler                 0x0800256d   Thumb Code   138  main.o(i.TIM1_UP_TIM10_IRQHandler)
    TIM8_UP_TIM13_IRQHandler                 0x08002621   Thumb Code    48  main.o(i.TIM8_UP_TIM13_IRQHandler)
    USART2_IRQHandler                        0x08002665   Thumb Code    20  main.o(i.USART2_IRQHandler)
    USART_IRQHandler                         0x08002685   Thumb Code    48  uart.o(i.USART_IRQHandler)
    USART_Init                               0x080026b5   Thumb Code   112  uart.o(i.USART_Init)
    USART_Write                              0x0800272d   Thumb Code    52  uart.o(i.USART_Write)
    __ARM_fpclassify                         0x08002761   Thumb Code    48  fpclassify.o(i.__ARM_fpclassify)
    _is_digit                                0x08002791   Thumb Code    14  __printf_wp.o(i._is_digit)
    adc_1_config                             0x080027a1   Thumb Code    76  adc_1.o(i.adc_1_config)
    adc_gpio_init                            0x080027f5   Thumb Code   196  adc_gpio.o(i.adc_gpio_init)
    decode                                   0x080028c5   Thumb Code    42  main.o(i.decode)
    display_speed_current                    0x080028fd   Thumb Code   106  uart.o(i.display_speed_current)
    main                                     0x080029ad   Thumb Code   226  main.o(i.main)
    sysclk_Configure                         0x08002ac1   Thumb Code    44  main.o(i.sysclk_Configure)
    tim_10_config                            0x08002af1   Thumb Code   162  tim_10.o(i.tim_10_config)
    tim_12_config                            0x08002ba5   Thumb Code   178  tim_12.o(i.tim_12_config)
    tim_12_gpio_init                         0x08002c61   Thumb Code   276  tim_12.o(i.tim_12_gpio_init)
    tim_13_config                            0x08002d85   Thumb Code   166  tim_13.o(i.tim_13_config)
    tim_1_config                             0x08002e41   Thumb Code   112  tim_1.o(i.tim_1_config)
    tim_1_gpio_init                          0x08002eb9   Thumb Code   138  tim_1.o(i.tim_1_gpio_init)
    tim_5_config                             0x08002f4d   Thumb Code   254  tim_5.o(i.tim_5_config)
    tim_5_gpio_init                          0x08003055   Thumb Code   430  tim_5.o(i.tim_5_gpio_init)
    tim_9_config                             0x08003211   Thumb Code   144  tim_9.o(i.tim_9_config)
    tim_9_gpio_init                          0x080032a9   Thumb Code   216  tim_9.o(i.tim_9_gpio_init)
    uart_gpio_init                           0x08003389   Thumb Code    98  uart.o(i.uart_gpio_init)
    _get_lc_numeric                          0x080033f9   Thumb Code    44  lc_numeric_c.o(locale$$code)
    __aeabi_d2f                              0x08003425   Thumb Code     0  d2f_clz.o(x$fpl$d2f)
    _d2f                                     0x08003425   Thumb Code   700  d2f_clz.o(x$fpl$d2f)
    __aeabi_dadd                             0x080036e9   Thumb Code     0  daddsub_clz.o(x$fpl$dadd)
    _dadd                                    0x080036e9   Thumb Code   580  daddsub_clz.o(x$fpl$dadd)
    __dflt_normalise                         0x08003935   Thumb Code    26  dflt_clz.o(x$fpl$dfltn)
    __aeabi_ui2d                             0x0800394f   Thumb Code     0  dflt_clz.o(x$fpl$dfltu)
    _dfltu                                   0x0800394f   Thumb Code    38  dflt_clz.o(x$fpl$dfltu)
    __fpl_dnaninf                            0x08003975   Thumb Code   258  dnaninf.o(x$fpl$dnaninf)
    __fpl_drenorm2                           0x08003a77   Thumb Code   106  drenorm_clz.o(x$fpl$drenorm)
    __fpl_drenorm1                           0x08003ae1   Thumb Code     6  drenorm_clz.o(x$fpl$drenorm)
    __fpl_dretinf                            0x08003ae7   Thumb Code    12  dretinf.o(x$fpl$dretinf)
    __aeabi_dsub                             0x08003af5   Thumb Code     0  daddsub_clz.o(x$fpl$dsub)
    _dsub                                    0x08003af5   Thumb Code   664  daddsub_clz.o(x$fpl$dsub)
    __dunder                                 0x08003d91   Thumb Code   314  dunder_clz.o(x$fpl$dunder)
    __dunder_d                               0x08003ecb   Thumb Code    64  dunder_clz.o(x$fpl$dunder)
    __fpl_exception                          0x08003f0d   Thumb Code   454  except.o(x$fpl$exception)
    __aeabi_f2d                              0x080040f9   Thumb Code     0  f2d.o(x$fpl$f2d)
    _f2d                                     0x080040f9   Thumb Code   122  f2d.o(x$fpl$f2d)
    __fpl_fnaninf                            0x08004173   Thumb Code   242  fnaninf.o(x$fpl$fnaninf)
    _fp_init                                 0x08004265   Thumb Code    10  fpinit.o(x$fpl$fpinit)
    __fplib_config_fpu_vfp                   0x0800426d   Thumb Code     0  fpinit.o(x$fpl$fpinit)
    __fplib_config_pureend_doubles           0x0800426d   Thumb Code     0  fpinit.o(x$fpl$fpinit)
    __fpl_fretinf                            0x0800426f   Thumb Code    10  fretinf.o(x$fpl$fretinf)
    __funder                                 0x08004279   Thumb Code   254  funder_clz.o(x$fpl$funder)
    __funder_d                               0x08004377   Thumb Code    62  funder_clz.o(x$fpl$funder)
    __ieee_status                            0x080043b5   Thumb Code    28  istatus.o(x$fpl$ieeestatus)
    _printf_fp_dec                           0x080043d5   Thumb Code     4  printf1.o(x$fpl$printf1)
    __fpl_return_NaN                         0x080043d9   Thumb Code   178  retnan.o(x$fpl$retnan)
    _fp_trapveneer                           0x0800448b   Thumb Code    36  trapv.o(x$fpl$trapveneer)
    __fpl_cmpreturn                          0x080044af   Thumb Code    90  trapv.o(x$fpl$trapveneer)
    __I$use$fp                               0x08004508   Number         0  usenofp.o(x$fpl$usenofp)
    Region$$Table$$Base                      0x080045b0   Number         0  anon$$obj.o(Region$$Table)
    Region$$Table$$Limit                     0x080045d0   Number         0  anon$$obj.o(Region$$Table)
    USART2_Buffer_Tx                         0x20000000   Data          32  main.o(.data)
    Rx2_Counter                              0x20000020   Data           1  main.o(.data)
    enc_coef                                 0x20000024   Data        1404  main.o(.data)
    oldencoder                               0x200005a0   Data           8  main.o(.data)
    newencoder                               0x200005a8   Data           8  main.o(.data)
    fcoef                                    0x200005b0   Data        1404  motor.o(.data)
    USART2_Buffer_Rx                         0x20000b2c   Data          32  main.o(.bss)
    enc_filter                               0x20000b4c   Data          12  main.o(.bss)
    M1                                       0x20000b58   Data        1660  main.o(.bss)
    M2                                       0x200011d4   Data        1660  main.o(.bss)
    M3                                       0x20001850   Data        1660  main.o(.bss)
    M4                                       0x20001ecc   Data        1660  main.o(.bss)
    __libspace_start                         0x20002548   Data          96  libspace.o(.bss)
    __temporary_stack_top$libspace           0x200025a8   Data           0  libspace.o(.bss)



==============================================================================

Memory Map of the image

  Image Entry point : 0x08000291

  Load Region LR_1 (Base: 0x08000000, Size: 0x00005118, Max: 0xffffffff, ABSOLUTE, COMPRESSED[0x00004a50])

    Execution Region ER_RO (Base: 0x08000000, Size: 0x000045ec, Max: 0xffffffff, ABSOLUTE)

    Base Addr    Size         Type   Attr      Idx    E Section Name        Object

    0x08000000   0x00000188   Data   RO          536    RESET               startup_stm32f407xx.o
    0x08000188   0x00000008   Code   RO          701  * !!!main             c_w.l(__main.o)
    0x08000190   0x00000034   Code   RO          959    !!!scatter          c_w.l(__scatter.o)
    0x080001c4   0x00000064   Code   RO          957    !!dclz77c           c_w.l(__dclz77c.o)
    0x08000228   0x0000001c   Code   RO          961    !!handler_zi        c_w.l(__scatter_zi.o)
    0x08000244   0x00000000   Code   RO          694    .ARM.Collect$$_printf_percent$$00000000  c_w.l(_printf_percent.o)
    0x08000244   0x00000006   Code   RO          693    .ARM.Collect$$_printf_percent$$00000003  c_w.l(_printf_f.o)
    0x0800024a   0x00000006   Code   RO          692    .ARM.Collect$$_printf_percent$$00000009  c_w.l(_printf_d.o)
    0x08000250   0x00000004   Code   RO          730    .ARM.Collect$$_printf_percent$$00000017  c_w.l(_printf_percent_end.o)
    0x08000254   0x00000002   Code   RO          830    .ARM.Collect$$libinit$$00000000  c_w.l(libinit.o)
    0x08000256   0x00000004   Code   RO          831    .ARM.Collect$$libinit$$00000001  c_w.l(libinit2.o)
    0x0800025a   0x00000000   Code   RO          834    .ARM.Collect$$libinit$$00000004  c_w.l(libinit2.o)
    0x0800025a   0x00000000   Code   RO          837    .ARM.Collect$$libinit$$0000000A  c_w.l(libinit2.o)
    0x0800025a   0x00000000   Code   RO          839    .ARM.Collect$$libinit$$0000000C  c_w.l(libinit2.o)
    0x0800025a   0x00000000   Code   RO          841    .ARM.Collect$$libinit$$0000000E  c_w.l(libinit2.o)
    0x0800025a   0x00000006   Code   RO          842    .ARM.Collect$$libinit$$0000000F  c_w.l(libinit2.o)
    0x08000260   0x00000000   Code   RO          844    .ARM.Collect$$libinit$$00000011  c_w.l(libinit2.o)
    0x08000260   0x00000000   Code   RO          846    .ARM.Collect$$libinit$$00000013  c_w.l(libinit2.o)
    0x08000260   0x00000000   Code   RO          848    .ARM.Collect$$libinit$$00000015  c_w.l(libinit2.o)
    0x08000260   0x0000000a   Code   RO          849    .ARM.Collect$$libinit$$00000016  c_w.l(libinit2.o)
    0x0800026a   0x00000000   Code   RO          850    .ARM.Collect$$libinit$$00000017  c_w.l(libinit2.o)
    0x0800026a   0x00000000   Code   RO          852    .ARM.Collect$$libinit$$00000019  c_w.l(libinit2.o)
    0x0800026a   0x00000000   Code   RO          854    .ARM.Collect$$libinit$$0000001B  c_w.l(libinit2.o)
    0x0800026a   0x00000000   Code   RO          856    .ARM.Collect$$libinit$$0000001D  c_w.l(libinit2.o)
    0x0800026a   0x00000000   Code   RO          858    .ARM.Collect$$libinit$$0000001F  c_w.l(libinit2.o)
    0x0800026a   0x00000000   Code   RO          860    .ARM.Collect$$libinit$$00000021  c_w.l(libinit2.o)
    0x0800026a   0x00000000   Code   RO          862    .ARM.Collect$$libinit$$00000023  c_w.l(libinit2.o)
    0x0800026a   0x00000000   Code   RO          864    .ARM.Collect$$libinit$$00000025  c_w.l(libinit2.o)
    0x0800026a   0x00000000   Code   RO          868    .ARM.Collect$$libinit$$0000002C  c_w.l(libinit2.o)
    0x0800026a   0x00000000   Code   RO          870    .ARM.Collect$$libinit$$0000002E  c_w.l(libinit2.o)
    0x0800026a   0x00000000   Code   RO          872    .ARM.Collect$$libinit$$00000030  c_w.l(libinit2.o)
    0x0800026a   0x00000000   Code   RO          874    .ARM.Collect$$libinit$$00000032  c_w.l(libinit2.o)
    0x0800026a   0x00000002   Code   RO          875    .ARM.Collect$$libinit$$00000033  c_w.l(libinit2.o)
    0x0800026c   0x00000002   Code   RO          922    .ARM.Collect$$libshutdown$$00000000  c_w.l(libshutdown.o)
    0x0800026e   0x00000000   Code   RO          940    .ARM.Collect$$libshutdown$$00000002  c_w.l(libshutdown2.o)
    0x0800026e   0x00000000   Code   RO          942    .ARM.Collect$$libshutdown$$00000004  c_w.l(libshutdown2.o)
    0x0800026e   0x00000000   Code   RO          945    .ARM.Collect$$libshutdown$$00000007  c_w.l(libshutdown2.o)
    0x0800026e   0x00000000   Code   RO          948    .ARM.Collect$$libshutdown$$0000000A  c_w.l(libshutdown2.o)
    0x0800026e   0x00000000   Code   RO          950    .ARM.Collect$$libshutdown$$0000000C  c_w.l(libshutdown2.o)
    0x0800026e   0x00000000   Code   RO          953    .ARM.Collect$$libshutdown$$0000000F  c_w.l(libshutdown2.o)
    0x0800026e   0x00000002   Code   RO          954    .ARM.Collect$$libshutdown$$00000010  c_w.l(libshutdown2.o)
    0x08000270   0x00000000   Code   RO          721    .ARM.Collect$$rtentry$$00000000  c_w.l(__rtentry.o)
    0x08000270   0x00000000   Code   RO          749    .ARM.Collect$$rtentry$$00000002  c_w.l(__rtentry2.o)
    0x08000270   0x00000006   Code   RO          761    .ARM.Collect$$rtentry$$00000004  c_w.l(__rtentry4.o)
    0x08000276   0x00000000   Code   RO          751    .ARM.Collect$$rtentry$$00000009  c_w.l(__rtentry2.o)
    0x08000276   0x00000004   Code   RO          752    .ARM.Collect$$rtentry$$0000000A  c_w.l(__rtentry2.o)
    0x0800027a   0x00000000   Code   RO          754    .ARM.Collect$$rtentry$$0000000C  c_w.l(__rtentry2.o)
    0x0800027a   0x00000008   Code   RO          755    .ARM.Collect$$rtentry$$0000000D  c_w.l(__rtentry2.o)
    0x08000282   0x00000002   Code   RO          876    .ARM.Collect$$rtexit$$00000000  c_w.l(rtexit.o)
    0x08000284   0x00000000   Code   RO          891    .ARM.Collect$$rtexit$$00000002  c_w.l(rtexit2.o)
    0x08000284   0x00000004   Code   RO          892    .ARM.Collect$$rtexit$$00000003  c_w.l(rtexit2.o)
    0x08000288   0x00000006   Code   RO          893    .ARM.Collect$$rtexit$$00000004  c_w.l(rtexit2.o)
    0x0800028e   0x00000002   PAD
    0x08000290   0x00000040   Code   RO          537  * .text               startup_stm32f407xx.o
    0x080002d0   0x00000532   Code   RO          590    .text               arm_cortexM4lf_math.lib(arm_fir_f32.o)
    0x08000802   0x0000001c   Code   RO          639    .text               arm_cortexM4lf_math.lib(arm_fir_init_f32.o)
    0x0800081e   0x00000002   PAD
    0x08000820   0x00000028   Code   RO          664    .text               c_w.l(noretval__2sprintf.o)
    0x08000848   0x0000004e   Code   RO          668    .text               c_w.l(_printf_pad.o)
    0x08000896   0x00000002   PAD
    0x08000898   0x00000078   Code   RO          670    .text               c_w.l(_printf_dec.o)
    0x08000910   0x00000138   Code   RO          684    .text               c_w.l(__printf_flags_wp.o)
    0x08000a48   0x00000048   Code   RO          695    .text               c_w.l(strcpy.o)
    0x08000a90   0x0000004e   Code   RO          697    .text               c_w.l(rt_memclr_w.o)
    0x08000ade   0x00000006   Code   RO          699    .text               c_w.l(heapauxi.o)
    0x08000ae4   0x000000b2   Code   RO          722    .text               c_w.l(_printf_intcommon.o)
    0x08000b96   0x0000041a   Code   RO          724    .text               c_w.l(_printf_fp_dec.o)
    0x08000fb0   0x00000030   Code   RO          726    .text               c_w.l(_printf_char_common.o)
    0x08000fe0   0x0000000a   Code   RO          728    .text               c_w.l(_sputc.o)
    0x08000fea   0x00000002   PAD
    0x08000fec   0x00000008   Code   RO          766    .text               c_w.l(rt_locale_intlibspace.o)
    0x08000ff4   0x0000008a   Code   RO          768    .text               c_w.l(lludiv10.o)
    0x0800107e   0x00000002   PAD
    0x08001080   0x00000030   Code   RO          770    .text               c_w.l(_fptrap.o)
    0x080010b0   0x00000080   Code   RO          772    .text               c_w.l(_printf_fp_infnan.o)
    0x08001130   0x000000dc   Code   RO          776    .text               c_w.l(bigflt0.o)
    0x0800120c   0x00000008   Code   RO          812    .text               c_w.l(libspace.o)
    0x08001214   0x0000004a   Code   RO          815    .text               c_w.l(sys_stackheap_outer.o)
    0x0800125e   0x00000012   Code   RO          817    .text               c_w.l(exit.o)
    0x08001270   0x0000000e   Code   RO          819    .text               c_w.l(defsig_fpe_outer.o)
    0x0800127e   0x00000002   PAD
    0x08001280   0x00000080   Code   RO          823    .text               c_w.l(strcmpv7m.o)
    0x08001300   0x0000000a   Code   RO          880    .text               c_w.l(defsig_exit.o)
    0x0800130a   0x00000002   PAD
    0x0800130c   0x000000ac   Code   RO          882    .text               c_w.l(defsig_fpe_inner.o)
    0x080013b8   0x0000000c   Code   RO          888    .text               c_w.l(sys_exit.o)
    0x080013c4   0x00000032   Code   RO          899    .text               c_w.l(defsig_general.o)
    0x080013f6   0x0000000e   Code   RO          905    .text               c_w.l(sys_wrch.o)
    0x08001404   0x00000002   Code   RO          909    .text               c_w.l(use_no_semi.o)
    0x08001406   0x00000000   Code   RO          911    .text               c_w.l(indicate_semi.o)
    0x08001406   0x0000003e   Code   RO          779    CL$$btod_d2e        c_w.l(btod.o)
    0x08001444   0x00000046   Code   RO          781    CL$$btod_d2e_denorm_low  c_w.l(btod.o)
    0x0800148a   0x00000060   Code   RO          780    CL$$btod_d2e_norm_op1  c_w.l(btod.o)
    0x080014ea   0x00000338   Code   RO          789    CL$$btod_div_common  c_w.l(btod.o)
    0x08001822   0x000000c6   Code   RO          786    CL$$btod_e2e        c_w.l(btod.o)
    0x080018e8   0x00000028   Code   RO          783    CL$$btod_ediv       c_w.l(btod.o)
    0x08001910   0x00000028   Code   RO          782    CL$$btod_emul       c_w.l(btod.o)
    0x08001938   0x00000244   Code   RO          788    CL$$btod_mult_common  c_w.l(btod.o)
    0x08001b7c   0x0000017c   Code   RO          411    i.Motor_1_Change_DCYC  motor.o
    0x08001cf8   0x00000170   Code   RO          412    i.Motor_2_Change_DCYC  motor.o
    0x08001e68   0x0000017c   Code   RO          413    i.Motor_3_Change_DCYC  motor.o
    0x08001fe4   0x0000018c   Code   RO          414    i.Motor_4_Change_DCYC  motor.o
    0x08002170   0x00000080   Code   RO          415    i.Motor_Calc_Speed  motor.o
    0x080021f0   0x0000013c   Code   RO          416    i.Motor_ISR         motor.o
    0x0800232c   0x0000014c   Code   RO          417    i.Motor_Update_PID  motor.o
    0x08002478   0x00000090   Code   RO          418    i.Motor_init        motor.o
    0x08002508   0x00000064   Code   RO          545    i.SystemInit        system_stm32f4xx.o
    0x0800256c   0x000000b4   Code   RO            4    i.TIM1_UP_TIM10_IRQHandler  main.o
    0x08002620   0x00000044   Code   RO            5    i.TIM8_UP_TIM13_IRQHandler  main.o
    0x08002664   0x00000020   Code   RO            6    i.USART2_IRQHandler  main.o
    0x08002684   0x00000030   Code   RO          480    i.USART_IRQHandler  uart.o
    0x080026b4   0x00000078   Code   RO          481    i.USART_Init        uart.o
    0x0800272c   0x00000034   Code   RO          482    i.USART_Write       uart.o
    0x08002760   0x00000030   Code   RO          810    i.__ARM_fpclassify  m_wm.l(fpclassify.o)
    0x08002790   0x0000000e   Code   RO          682    i._is_digit         c_w.l(__printf_wp.o)
    0x0800279e   0x00000002   PAD
    0x080027a0   0x00000054   Code   RO          309    i.adc_1_config      adc_1.o
    0x080027f4   0x000000d0   Code   RO          387    i.adc_gpio_init     adc_gpio.o
    0x080028c4   0x00000038   Code   RO            8    i.decode            main.o
    0x080028fc   0x000000b0   Code   RO          483    i.display_speed_current  uart.o
    0x080029ac   0x00000114   Code   RO            9    i.main              main.o
    0x08002ac0   0x00000030   Code   RO           10    i.sysclk_Configure  main.o
    0x08002af0   0x000000b4   Code   RO          227    i.tim_10_config     tim_10.o
    0x08002ba4   0x000000bc   Code   RO          197    i.tim_12_config     tim_12.o
    0x08002c60   0x00000124   Code   RO          198    i.tim_12_gpio_init  tim_12.o
    0x08002d84   0x000000bc   Code   RO          255    i.tim_13_config     tim_13.o
    0x08002e40   0x00000078   Code   RO          279    i.tim_1_config      tim_1.o
    0x08002eb8   0x00000094   Code   RO          280    i.tim_1_gpio_init   tim_1.o
    0x08002f4c   0x00000108   Code   RO          137    i.tim_5_config      tim_5.o
    0x08003054   0x000001bc   Code   RO          138    i.tim_5_gpio_init   tim_5.o
    0x08003210   0x00000098   Code   RO          167    i.tim_9_config      tim_9.o
    0x080032a8   0x000000e0   Code   RO          168    i.tim_9_gpio_init   tim_9.o
    0x08003388   0x00000070   Code   RO          484    i.uart_gpio_init    uart.o
    0x080033f8   0x0000002c   Code   RO          802    locale$$code        c_w.l(lc_numeric_c.o)
    0x08003424   0x000002c4   Code   RO          703    x$fpl$d2f           g_wm.l(d2f_clz.o)
    0x080036e8   0x0000024c   Code   RO          705    x$fpl$dadd          g_wm.l(daddsub_clz.o)
    0x08003934   0x0000001a   Code   RO          713    x$fpl$dfltn         g_wm.l(dflt_clz.o)
    0x0800394e   0x00000026   Code   RO          711    x$fpl$dfltu         g_wm.l(dflt_clz.o)
    0x08003974   0x00000102   Code   RO          731    x$fpl$dnaninf       g_wm.l(dnaninf.o)
    0x08003a76   0x00000070   Code   RO          804    x$fpl$drenorm       g_wm.l(drenorm_clz.o)
    0x08003ae6   0x0000000c   Code   RO          733    x$fpl$dretinf       g_wm.l(dretinf.o)
    0x08003af2   0x00000002   PAD
    0x08003af4   0x0000029c   Code   RO          707    x$fpl$dsub          g_wm.l(daddsub_clz.o)
    0x08003d90   0x0000017a   Code   RO          735    x$fpl$dunder        g_wm.l(dunder_clz.o)
    0x08003f0a   0x00000002   PAD
    0x08003f0c   0x000001ec   Code   RO          737    x$fpl$exception     g_wm.l(except.o)
    0x080040f8   0x0000007a   Code   RO          717    x$fpl$f2d           g_wm.l(f2d.o)
    0x08004172   0x000000f2   Code   RO          739    x$fpl$fnaninf       g_wm.l(fnaninf.o)
    0x08004264   0x0000000a   Code   RO          886    x$fpl$fpinit        g_wm.l(fpinit.o)
    0x0800426e   0x0000000a   Code   RO          741    x$fpl$fretinf       g_wm.l(fretinf.o)
    0x08004278   0x0000013c   Code   RO          743    x$fpl$funder        g_wm.l(funder_clz.o)
    0x080043b4   0x00000020   Code   RO          806    x$fpl$ieeestatus    g_wm.l(istatus.o)
    0x080043d4   0x00000004   Code   RO          719    x$fpl$printf1       g_wm.l(printf1.o)
    0x080043d8   0x000000b2   Code   RO          808    x$fpl$retnan        g_wm.l(retnan.o)
    0x0800448a   0x0000007e   Code   RO          745    x$fpl$trapveneer    g_wm.l(trapv.o)
    0x08004508   0x00000000   Code   RO          747    x$fpl$usenofp       g_wm.l(usenofp.o)
    0x08004508   0x00000011   Data   RO          685    .constdata          c_w.l(__printf_flags_wp.o)
    0x08004519   0x00000003   PAD
    0x0800451c   0x00000094   Data   RO          777    .constdata          c_w.l(bigflt0.o)
    0x080045b0   0x00000020   Data   RO          955    Region$$Table       anon$$obj.o
    0x080045d0   0x0000001c   Data   RO          801    locale$$data        c_w.l(lc_numeric_c.o)


    Execution Region ER_RW (Base: 0x20000000, Size: 0x00000b2c, Max: 0xffffffff, ABSOLUTE, COMPRESSED[0x00000464])

    Base Addr    Size         Type   Attr      Idx    E Section Name        Object

    0x20000000   0x000005b0   Data   RW           12    .data               main.o
    0x200005b0   0x0000057c   Data   RW          419    .data               motor.o


    Execution Region ER_ZI (Base: 0x20000b2c, Size: 0x0000207c, Max: 0xffffffff, ABSOLUTE)

    Base Addr    Size         Type   Attr      Idx    E Section Name        Object

    0x20000b2c   0x00001a1c   Zero   RW           11    .bss                main.o
    0x20002548   0x00000060   Zero   RW          813    .bss                c_w.l(libspace.o)
    0x200025a8   0x00000200   Zero   RW          535    HEAP                startup_stm32f407xx.o
    0x200027a8   0x00000400   Zero   RW          534    STACK               startup_stm32f407xx.o


==============================================================================

Image component sizes


      Code (inc. data)   RO Data    RW Data    ZI Data      Debug   Object Name

        84          8          0          0          0        455   adc_1.o
       208         12          0          0          0        508   adc_gpio.o
       660        142          0       1456       6684     263019   main.o
      2444        140          0       1404          0       7679   motor.o
        64         26        392          0       1536        876   startup_stm32f407xx.o
       100         18          0          0          0        537   system_stm32f4xx.o
       268         18          0          0          0        957   tim_1.o
       180         18          0          0          0      26879   tim_10.o
       480         26          0          0          0       1031   tim_12.o
       188         22          0          0          0        732   tim_13.o
       708         24          0          0          0       1133   tim_5.o
       376         16          0          0          0       1013   tim_9.o
       508         92          0          0          0       4191   uart.o

    ----------------------------------------------------------------------
      6268        562        424       2860       8220     309010   Object Totals
         0          0         32          0          0          0   (incl. Generated)
         0          0          0          0          0          0   (incl. Padding)

    ----------------------------------------------------------------------

      Code (inc. data)   RO Data    RW Data    ZI Data      Debug   Library Member Name

      1330          6          0          0          0      19258   arm_fir_f32.o
        28          0          0          0          0        919   arm_fir_init_f32.o
       100          0          0          0          0          0   __dclz77c.o
         8          0          0          0          0         68   __main.o
       312          4         17          0          0         92   __printf_flags_wp.o
        14          0          0          0          0         68   __printf_wp.o
         0          0          0          0          0          0   __rtentry.o
        12          0          0          0          0          0   __rtentry2.o
         6          0          0          0          0          0   __rtentry4.o
        52          8          0          0          0          0   __scatter.o
        28          0          0          0          0          0   __scatter_zi.o
        48          4          0          0          0         84   _fptrap.o
        48          6          0          0          0         96   _printf_char_common.o
         6          0          0          0          0          0   _printf_d.o
       120         16          0          0          0         92   _printf_dec.o
         6          0          0          0          0          0   _printf_f.o
      1050          0          0          0          0        216   _printf_fp_dec.o
       128         16          0          0          0         84   _printf_fp_infnan.o
       178          0          0          0          0         88   _printf_intcommon.o
        78          0          0          0          0        108   _printf_pad.o
         0          0          0          0          0          0   _printf_percent.o
         4          0          0          0          0          0   _printf_percent_end.o
        10          0          0          0          0         68   _sputc.o
       220          4        148          0          0         96   bigflt0.o
      1910        128          0          0          0        672   btod.o
        10          0          0          0          0         68   defsig_exit.o
       172        110          0          0          0         76   defsig_fpe_inner.o
        14          0          0          0          0         80   defsig_fpe_outer.o
        50          0          0          0          0         88   defsig_general.o
        18          0          0          0          0         80   exit.o
         6          0          0          0          0        152   heapauxi.o
         0          0          0          0          0          0   indicate_semi.o
        44         10         28          0          0         76   lc_numeric_c.o
         2          0          0          0          0          0   libinit.o
        22          0          0          0          0          0   libinit2.o
         2          0          0          0          0          0   libshutdown.o
         2          0          0          0          0          0   libshutdown2.o
         8          4          0          0         96         68   libspace.o
       138          0          0          0          0         80   lludiv10.o
        40          6          0          0          0         84   noretval__2sprintf.o
         8          4          0          0          0         68   rt_locale_intlibspace.o
        78          0          0          0          0         80   rt_memclr_w.o
         2          0          0          0          0          0   rtexit.o
        10          0          0          0          0          0   rtexit2.o
       128          0          0          0          0         68   strcmpv7m.o
        72          0          0          0          0         80   strcpy.o
        12          4          0          0          0         68   sys_exit.o
        74          0          0          0          0         80   sys_stackheap_outer.o
        14          0          0          0          0         76   sys_wrch.o
         2          0          0          0          0         68   use_no_semi.o
       708         16          0          0          0        140   d2f_clz.o
      1256         28          0          0          0        408   daddsub_clz.o
        64          0          0          0          0        232   dflt_clz.o
       258          4          0          0          0        156   dnaninf.o
       112          0          0          0          0        160   drenorm_clz.o
        12          0          0          0          0        116   dretinf.o
       378          0          0          0          0        168   dunder_clz.o
       492         36          0          0          0        148   except.o
       122          8          0          0          0        132   f2d.o
       242          4          0          0          0        144   fnaninf.o
        10          0          0          0          0        116   fpinit.o
        10          0          0          0          0        116   fretinf.o
       316          0          0          0          0        132   funder_clz.o
        32          4          0          0          0        116   istatus.o
         4          0          0          0          0        116   printf1.o
       178          0          0          0          0        116   retnan.o
       126          0          0          0          0        148   trapv.o
         0          0          0          0          0          0   usenofp.o
        48          0          0          0          0        124   fpclassify.o

    ----------------------------------------------------------------------
     11012        430        196          0         96      26237   Library Totals
        20          0          3          0          0          0   (incl. Padding)

    ----------------------------------------------------------------------

      Code (inc. data)   RO Data    RW Data    ZI Data      Debug   Library Name

      1358          6          0          0          0      20177   arm_cortexM4lf_math.lib
      5266        324        193          0         96       3272   c_w.l
      4320        100          0          0          0       2664   g_wm.l
        48          0          0          0          0        124   m_wm.l

    ----------------------------------------------------------------------
     11012        430        196          0         96      26237   Library Totals

    ----------------------------------------------------------------------

==============================================================================


      Code (inc. data)   RO Data    RW Data    ZI Data      Debug   

     17280        992        620       2860       8316     328727   Grand Totals
     17280        992        620       1124       8316     328727   ELF Image Totals (compressed)
     17280        992        620       1124          0          0   ROM Totals

==============================================================================

    Total RO  Size (Code + RO Data)                17900 (  17.48kB)
    Total RW  Size (RW Data + ZI Data)             11176 (  10.91kB)
    Total ROM Size (Code + RO Data + RW Data)      19024 (  18.58kB)

==============================================================================

