Component: ARM Compiler 5.06 (build 20) Tool: armlink [4d35a3]

==============================================================================

Section Cross References

    main.o(i.TIM8_UP_TIM13_IRQHandler) refers to motor.o(i.Motor_ISR) for Motor_ISR
    main.o(i.TIM8_UP_TIM13_IRQHandler) refers to uart.o(i.display_speed_current) for display_speed_current
    main.o(i.TIM8_UP_TIM13_IRQHandler) refers to main.o(.bss) for M1
    main.o(i.USART2_IRQHandler) refers to uart.o(i.USART_IRQHandler) for USART_IRQHandler
    main.o(i.USART2_IRQHandler) refers to main.o(i.decode) for decode
    main.o(i.USART2_IRQHandler) refers to main.o(.data) for Rx2_Counter
    main.o(i.USART2_IRQHandler) refers to main.o(.bss) for USART2_Buffer_Rx
    main.o(i.decode) refers to uart.o(i.USART_Write) for USART_Write
    main.o(i.decode) refers to main.o(.data) for Rx2_Counter
    main.o(i.main) refers to main.o(i.sysclk_Configure) for sysclk_Configure
    main.o(i.main) refers to motor.o(i.Motor_init) for Motor_init
    main.o(i.main) refers to adc_1.o(i.adc_1_gpio_init) for adc_1_gpio_init
    main.o(i.main) refers to adc_1.o(i.adc_1_config) for adc_1_config
    main.o(i.main) refers to adc_2.o(i.adc_2_gpio_init) for adc_2_gpio_init
    main.o(i.main) refers to adc_2.o(i.adc_2_config) for adc_2_config
    main.o(i.main) refers to tim_5.o(i.tim_5_gpio_init) for tim_5_gpio_init
    main.o(i.main) refers to tim_5.o(i.tim_5_config) for tim_5_config
    main.o(i.main) refers to tim_9.o(i.tim_9_gpio_init) for tim_9_gpio_init
    main.o(i.main) refers to tim_9.o(i.tim_9_config) for tim_9_config
    main.o(i.main) refers to tim_12.o(i.tim_12_gpio_init) for tim_12_gpio_init
    main.o(i.main) refers to tim_12.o(i.tim_12_config) for tim_12_config
    main.o(i.main) refers to uart.o(i.uart_gpio_init) for uart_gpio_init
    main.o(i.main) refers to uart.o(i.USART_Init) for USART_Init
    main.o(i.main) refers to tim_10.o(i.tim_10_config) for tim_10_config
    main.o(i.main) refers to motor.o(i.Motor_ISR) for Motor_ISR
    main.o(i.main) refers to main.o(.bss) for M1
    motor.o(i.Motor_ISR) refers to arm_fir_f32.o(.text) for arm_fir_f32
    motor.o(i.Motor_ISR) refers to motor.o(i.Motor_Calc_Speed) for Motor_Calc_Speed
    motor.o(i.Motor_ISR) refers to motor.o(i.Motor_Update_PID) for Motor_Update_PID
    motor.o(i.Motor_Update_PID) refers to motor.o(i.Motor_1_Change_DCYC) for Motor_1_Change_DCYC
    motor.o(i.Motor_Update_PID) refers to motor.o(i.Motor_2_Change_DCYC) for Motor_2_Change_DCYC
    motor.o(i.Motor_Update_PID) refers to motor.o(i.Motor_3_Change_DCYC) for Motor_3_Change_DCYC
    motor.o(i.Motor_Update_PID) refers to motor.o(i.Motor_4_Change_DCYC) for Motor_4_Change_DCYC
    motor.o(i.Motor_init) refers to arm_fir_init_f32.o(.text) for arm_fir_init_f32
    motor.o(i.Motor_init) refers to motor.o(.data) for fcoef
    uart.o(i.display_speed_current) refers to _printf_pad.o(.text) for _printf_pre_padding
    uart.o(i.display_speed_current) refers to _printf_percent.o(.ARM.Collect$$_printf_percent$$00000000) for _printf_percent
    uart.o(i.display_speed_current) refers to _printf_d.o(.ARM.Collect$$_printf_percent$$00000009) for _printf_d
    uart.o(i.display_speed_current) refers to _printf_f.o(.ARM.Collect$$_printf_percent$$00000003) for _printf_f
    uart.o(i.display_speed_current) refers to _printf_dec.o(.text) for _printf_int_dec
    uart.o(i.display_speed_current) refers to printf1.o(x$fpl$printf1) for _printf_fp_dec
    uart.o(i.display_speed_current) refers to f2d.o(x$fpl$f2d) for __aeabi_f2d
    uart.o(i.display_speed_current) refers to noretval__2sprintf.o(.text) for __2sprintf
    uart.o(i.display_speed_current) refers to uart.o(i.USART_Write) for USART_Write
    startup_stm32f407xx.o(STACK) refers (Special) to heapauxi.o(.text) for __use_two_region_memory
    startup_stm32f407xx.o(HEAP) refers (Special) to heapauxi.o(.text) for __use_two_region_memory
    startup_stm32f407xx.o(RESET) refers (Special) to heapauxi.o(.text) for __use_two_region_memory
    startup_stm32f407xx.o(RESET) refers to startup_stm32f407xx.o(STACK) for __initial_sp
    startup_stm32f407xx.o(RESET) refers to startup_stm32f407xx.o(.text) for Reset_Handler
    startup_stm32f407xx.o(RESET) refers to main.o(i.USART2_IRQHandler) for USART2_IRQHandler
    startup_stm32f407xx.o(RESET) refers to main.o(i.TIM8_UP_TIM13_IRQHandler) for TIM8_UP_TIM13_IRQHandler
    startup_stm32f407xx.o(.text) refers (Special) to heapauxi.o(.text) for __use_two_region_memory
    startup_stm32f407xx.o(.text) refers to system_stm32f4xx.o(i.SystemInit) for SystemInit
    startup_stm32f407xx.o(.text) refers to __main.o(!!!main) for __main
    startup_stm32f407xx.o(.text) refers to startup_stm32f407xx.o(HEAP) for Heap_Mem
    startup_stm32f407xx.o(.text) refers to startup_stm32f407xx.o(STACK) for Stack_Mem
    system_stm32f4xx.o(i.SystemCoreClockUpdate) refers to system_stm32f4xx.o(.data) for SystemCoreClock
[...]
    libinit.o(.ARM.Collect$$libinit$$00000000) refers (Special) to libinit2.o(.ARM.Collect$$libinit$$00000033) for __rt_lib_init_return
    libinit.o(.ARM.Collect$$libinit$$00000000) refers (Special) to libinit2.o(.ARM.Collect$$libinit$$0000001D) for __rt_lib_init_signal_1
    libinit.o(.ARM.Collect$$libinit$$00000000) refers (Special) to libinit2.o(.ARM.Collect$$libinit$$00000025) for __rt_lib_init_stdio_1
    libinit.o(.ARM.Collect$$libinit$$00000000) refers (Special) to libinit2.o(.ARM.Collect$$libinit$$0000000C) for __rt_lib_init_user_alloc_1
    libinit2.o(.ARM.Collect$$libinit$$00000001) refers to fpinit.o(x$fpl$fpinit) for _fp_init
    libinit2.o(.ARM.Collect$$libinit$$0000000F) refers (Weak) to rt_locale_intlibspace.o(.text) for __rt_locale
    libinit2.o(.ARM.Collect$$libinit$$00000010) refers to libinit2.o(.ARM.Collect$$libinit$$0000000F) for .ARM.Collect$$libinit$$0000000F
    libinit2.o(.ARM.Collect$$libinit$$00000012) refers to libinit2.o(.ARM.Collect$$libinit$$0000000F) for .ARM.Collect$$libinit$$0000000F
    libinit2.o(.ARM.Collect$$libinit$$00000014) refers to libinit2.o(.ARM.Collect$$libinit$$0000000F) for .ARM.Collect$$libinit$$0000000F
    libinit2.o(.ARM.Collect$$libinit$$00000016) refers to libinit2.o(.ARM.Collect$$libinit$$0000000F) for .ARM.Collect$$libinit$$0000000F
    libinit2.o(.ARM.Collect$$libinit$$00000016) refers (Weak) to lc_numeric_c.o(locale$$code) for _get_lc_numeric
    libinit2.o(.ARM.Collect$$libinit$$00000018) refers to libinit2.o(.ARM.Collect$$libinit$$0000000F) for .ARM.Collect$$libinit$$0000000F
    libinit2.o(.ARM.Collect$$libinit$$00000026) refers to argv_veneer.o(.emb_text) for __ARM_argv_veneer
    libinit2.o(.ARM.Collect$$libinit$$00000027) refers to argv_veneer.o(.emb_text) for __ARM_argv_veneer
    retnan.o(x$fpl$retnan) refers (Special) to usenofp.o(x$fpl$usenofp) for __I$use$fp
    retnan.o(x$fpl$retnan) refers to trapv.o(x$fpl$trapveneer) for __fpl_cmpreturn
    trapv.o(x$fpl$trapveneer) refers (Special) to usenofp.o(x$fpl$usenofp) for __I$use$fp
    trapv.o(x$fpl$trapveneer) refers to _fptrap.o(.text) for _fp_trap
    rtexit.o(.ARM.Collect$$rtexit$$00000000) refers (Special) to rtexit2.o(.ARM.Collect$$rtexit$$00000004) for __rt_exit_exit
    rtexit.o(.ARM.Collect$$rtexit$$00000000) refers (Special) to rtexit2.o(.ARM.Collect$$rtexit$$00000003) for __rt_exit_ls
    rtexit.o(.ARM.Collect$$rtexit$$00000000) refers (Special) to rtexit2.o(.ARM.Collect$$rtexit$$00000002) for __rt_exit_prels_1
    rtexit.o(.ARM.exidx) refers (Special) to rtexit2.o(.ARM.Collect$$rtexit$$00000004) for __rt_exit_exit
    rtexit.o(.ARM.exidx) refers (Special) to rtexit2.o(.ARM.Collect$$rtexit$$00000003) for __rt_exit_ls
    rtexit.o(.ARM.exidx) refers (Special) to rtexit2.o(.ARM.Collect$$rtexit$$00000002) for __rt_exit_prels_1
    rtexit.o(.ARM.exidx) refers to rtexit.o(.ARM.Collect$$rtexit$$00000000) for .ARM.Collect$$rtexit$$00000000
    _fptrap.o(.text) refers to defsig_fpe_outer.o(.text) for __rt_SIGFPE
    argv_veneer.o(.emb_text) refers to no_argv.o(.text) for __ARM_get_argv
    rtexit2.o(.ARM.Collect$$rtexit$$00000003) refers to libshutdown.o(.ARM.Collect$$libshutdown$$00000000) for __rt_lib_shutdown
    rtexit2.o(.ARM.Collect$$rtexit$$00000004) refers to sys_exit.o(.text) for _sys_exit
    rtexit2.o(.ARM.exidx) refers to rtexit2.o(.ARM.Collect$$rtexit$$00000001) for .ARM.Collect$$rtexit$$00000001
    rtexit2.o(.ARM.exidx) refers to rtexit2.o(.ARM.Collect$$rtexit$$00000003) for .ARM.Collect$$rtexit$$00000003
    rtexit2.o(.ARM.exidx) refers to rtexit2.o(.ARM.Collect$$rtexit$$00000004) for .ARM.Collect$$rtexit$$00000004
    defsig_fpe_outer.o(.text) refers to defsig_fpe_inner.o(.text) for __rt_SIGFPE_inner
    defsig_fpe_outer.o(.text) refers to defsig_exit.o(.text) for __sig_exit
    defsig_fpe_formal.o(.text) refers to rt_raise.o(.text) for __rt_raise
    _get_argv_nomalloc.o(.text) refers (Special) to hrguard.o(.text) for __heap_region$guard
    _get_argv_nomalloc.o(.text) refers to defsig_rtmem_outer.o(.text) for __rt_SIGRTMEM
    _get_argv_nomalloc.o(.text) refers to sys_command.o(.text) for _sys_command_string
    sys_command.o(.text) refers (Special) to use_no_semi.o(.text) for __I$use$semihosting
    sys_command.o(.text) refers (Special) to indicate_semi.o(.text) for __semihosting_library_function
    sys_exit.o(.text) refers (Special) to use_no_semi.o(.text) for __I$use$semihosting
    sys_exit.o(.text) refers (Special) to indicate_semi.o(.text) for __semihosting_library_function
    rt_raise.o(.text) refers to __raise.o(.text) for __raise
    rt_raise.o(.text) refers to sys_exit.o(.text) for _sys_exit
    defsig_exit.o(.text) refers to sys_exit.o(.text) for _sys_exit
    defsig_fpe_inner.o(.text) refers to defsig_general.o(.text) for __default_signal_display
    defsig_rtmem_outer.o(.text) refers to defsig_rtmem_inner.o(.text) for __rt_SIGRTMEM_inner
    defsig_rtmem_outer.o(.text) refers to defsig_exit.o(.text) for __sig_exit
    defsig_rtmem_formal.o(.text) refers to rt_raise.o(.text) for __rt_raise
    libshutdown.o(.ARM.Collect$$libshutdown$$00000000) refers (Special) to libshutdown2.o(.ARM.Collect$$libshutdown$$00000002) for __rt_lib_shutdown_cpp_1
    libshutdown.o(.ARM.Collect$$libshutdown$$00000000) refers (Special) to libshutdown2.o(.ARM.Collect$$libshutdown$$00000007) for __rt_lib_shutdown_fp_trap_1
    libshutdown.o(.ARM.Collect$$libshutdown$$00000000) refers (Special) to libshutdown2.o(.ARM.Collect$$libshutdown$$0000000F) for __rt_lib_shutdown_heap_1
    libshutdown.o(.ARM.Collect$$libshutdown$$00000000) refers (Special) to libshutdown2.o(.ARM.Collect$$libshutdown$$00000010) for __rt_lib_shutdown_return
    libshutdown.o(.ARM.Collect$$libshutdown$$00000000) refers (Special) to libshutdown2.o(.ARM.Collect$$libshutdown$$0000000A) for __rt_lib_shutdown_signal_1
    libshutdown.o(.ARM.Collect$$libshutdown$$00000000) refers (Special) to libshutdown2.o(.ARM.Collect$$libshutdown$$00000004) for __rt_lib_shutdown_stdio_1
    libshutdown.o(.ARM.Collect$$libshutdown$$00000000) refers (Special) to libshutdown2.o(.ARM.Collect$$libshutdown$$0000000C) for __rt_lib_shutdown_user_alloc_1
    __raise.o(.text) refers to defsig.o(CL$$defsig) for __default_signal_handler
    defsig_general.o(.text) refers to sys_wrch.o(.text) for _ttywrch
    defsig_rtmem_inner.o(.text) refers to defsig_general.o(.text) for __default_signal_display
    sys_wrch.o(.text) refers (Special) to use_no_semi.o(.text) for __I$use$semihosting
    sys_wrch.o(.text) refers (Special) to indicate_semi.o(.text) for __semihosting_library_function
    defsig.o(CL$$defsig) refers to defsig_fpe_inner.o(.text) for __rt_SIGFPE_inner
    defsig.o(CL$$defsig) refers to defsig_rtmem_inner.o(.text) for __rt_SIGRTMEM_inner
    defsig_abrt_inner.o(.text) refers to defsig_general.o(.text) for __default_signal_display
    defsig_rtred_inner.o(.text) refers to defsig_general.o(.text) for __default_signal_display
    defsig_stak_inner.o(.text) refers to defsig_general.o(.text) for __default_signal_display
    defsig_pvfn_inner.o(.text) refers to defsig_general.o(.text) for __default_signal_display
    defsig_cppl_inner.o(.text) refers to defsig_general.o(.text) for __default_signal_display
    defsig_segv_inner.o(.text) refers to defsig_general.o(.text) for __default_signal_display
    defsig_other.o(.text) refers to defsig_general.o(.text) for __default_signal_display


==============================================================================

Removing Unused input sections from the image.

    Removing main.o(.rev16_text), (4 bytes).
    Removing main.o(.revsh_text), (4 bytes).
    Removing main.o(.rrx_text), (6 bytes).
    Removing main.o(i.dac_Configure), (84 bytes).
    Removing tim_5.o(.rev16_text), (4 bytes).
    Removing tim_5.o(.revsh_text), (4 bytes).
    Removing tim_5.o(.rrx_text), (6 bytes).
    Removing tim_9.o(.rev16_text), (4 bytes).
    Removing tim_9.o(.revsh_text), (4 bytes).
    Removing tim_9.o(.rrx_text), (6 bytes).
    Removing tim_12.o(.rev16_text), (4 bytes).
    Removing tim_12.o(.revsh_text), (4 bytes).
    Removing tim_12.o(.rrx_text), (6 bytes).
    Removing tim_10.o(.rev16_text), (4 bytes).
    Removing tim_10.o(.revsh_text), (4 bytes).
    Removing tim_10.o(.rrx_text), (6 bytes).
    Removing tim_13.o(.rev16_text), (4 bytes).
    Removing tim_13.o(.revsh_text), (4 bytes).
    Removing tim_13.o(.rrx_text), (6 bytes).
    Removing tim_13.o(i.tim_13_config), (188 bytes).
    Removing tim_1.o(.rev16_text), (4 bytes).
    Removing tim_1.o(.revsh_text), (4 bytes).
    Removing tim_1.o(.rrx_text), (6 bytes).
    Removing tim_1.o(i.tim_1_config), (120 bytes).
    Removing tim_1.o(i.tim_1_gpio_init), (148 bytes).
    Removing adc_1.o(.rev16_text), (4 bytes).
    Removing adc_1.o(.revsh_text), (4 bytes).
    Removing adc_1.o(.rrx_text), (6 bytes).
    Removing adc_2.o(.rev16_text), (4 bytes).
    Removing adc_2.o(.revsh_text), (4 bytes).
    Removing adc_2.o(.rrx_text), (6 bytes).
    Removing adc_3.o(.rev16_text), (4 bytes).
    Removing adc_3.o(.revsh_text), (4 bytes).
    Removing adc_3.o(.rrx_text), (6 bytes).
    Removing adc_3.o(i.adc_3_config), (112 bytes).
    Removing adc_3.o(i.adc_3_gpio_init), (52 bytes).
    Removing motor.o(.rev16_text), (4 bytes).
    Removing motor.o(.revsh_text), (4 bytes).
    Removing motor.o(.rrx_text), (6 bytes).
    Removing uart.o(.rev16_text), (4 bytes).
    Removing uart.o(.revsh_text), (4 bytes).
    Removing uart.o(.rrx_text), (6 bytes).
    Removing system_stm32f4xx.o(.rev16_text), (4 bytes).
    Removing system_stm32f4xx.o(.revsh_text), (4 bytes).
    Removing system_stm32f4xx.o(.rrx_text), (6 bytes).
    Removing system_stm32f4xx.o(i.SystemCoreClockUpdate), (192 bytes).
    Removing system_stm32f4xx.o(.data), (20 bytes).
    Removing arm_fir_f32.o(.rev16_text), (4 bytes).
    Removing arm_fir_f32.o(.revsh_text), (4 bytes).
    Removing arm_fir_f32.o(.rrx_text), (6 bytes).
    Removing arm_fir_init_f32.o(.rev16_text), (4 bytes).
    Removing arm_fir_init_f32.o(.revsh_text), (4 bytes).
    Removing arm_fir_init_f32.o(.rrx_text), (6 bytes).

53 unused section(s) (total 1126 bytes) removed from the image.

==============================================================================

Image Symbol Table

    Local Symbols

    Symbol Name                              Value     Ov Type        Size  Object(Section)

    ../clib/angel/boardlib.s                 0x00000000   Number         0  boardshut.o ABSOLUTE
    ../clib/angel/boardlib.s                 0x00000000   Number         0  boardinit3.o ABSOLUTE
    ../clib/angel/boardlib.s                 0x00000000   Number         0  boardinit2.o ABSOLUTE
    ../clib/angel/boardlib.s                 0x00000000   Number         0  boardinit1.o ABSOLUTE
    ../clib/angel/dclz77c.s                  0x00000000   Number         0  __dclz77c.o ABSOLUTE
    ../clib/angel/handlers.s                 0x00000000   Number         0  __scatter_zi.o ABSOLUTE
    ../clib/angel/kernel.s                   0x00000000   Number         0  __rtentry.o ABSOLUTE
    ../clib/angel/kernel.s                   0x00000000   Number         0  __rtentry2.o ABSOLUTE
    ../clib/angel/kernel.s                   0x00000000   Number         0  __rtentry4.o ABSOLUTE
    ../clib/angel/kernel.s                   0x00000000   Number         0  rtexit2.o ABSOLUTE
    ../clib/angel/kernel.s                   0x00000000   Number         0  rtexit.o ABSOLUTE
    ../clib/angel/rt.s                       0x00000000   Number         0  rt_locale_intlibspace.o ABSOLUTE
    ../clib/angel/rt.s                       0x00000000   Number         0  rt_locale.o ABSOLUTE
    ../clib/angel/rt.s                       0x00000000   Number         0  rt_raise.o ABSOLUTE
    ../clib/angel/scatter.s                  0x00000000   Number         0  __scatter.o ABSOLUTE
    ../clib/angel/startup.s                  0x00000000   Number         0  __main.o ABSOLUTE
    ../clib/angel/sys.s                      0x00000000   Number         0  indicate_semi.o ABSOLUTE
    ../clib/angel/sys.s                      0x00000000   Number         0  libspace.o ABSOLUTE
    ../clib/angel/sys.s                      0x00000000   Number         0  use_no_semi.o ABSOLUTE
    ../clib/angel/sys.s                      0x00000000   Number         0  sys_stackheap_outer.o ABSOLUTE
    ../clib/angel/sysapp.c                   0x00000000   Number         0  sys_exit.o ABSOLUTE
    ../clib/angel/sysapp.c                   0x00000000   Number         0  sys_command.o ABSOLUTE
    ../clib/angel/sysapp.c                   0x00000000   Number         0  sys_wrch.o ABSOLUTE
    ../clib/armsys.c                         0x00000000   Number         0  argv_veneer.o ABSOLUTE
    ../clib/armsys.c                         0x00000000   Number         0  argv_veneer.o ABSOLUTE
    ../clib/armsys.c                         0x00000000   Number         0  _get_argv_nomalloc.o ABSOLUTE
    ../clib/armsys.c                         0x00000000   Number         0  no_argv.o ABSOLUTE
    ../clib/bigflt.c                         0x00000000   Number         0  bigflt0.o ABSOLUTE
    ../clib/btod.s                           0x00000000   Number         0  btod.o ABSOLUTE
    ../clib/fenv.c                           0x00000000   Number         0  _fptrap.o ABSOLUTE
    ../clib/heapalloc.c                      0x00000000   Number         0  hrguard.o ABSOLUTE
    ../clib/heapaux.c                        0x00000000   Number         0  heapauxi.o ABSOLUTE
    ../clib/libinit.s                        0x00000000   Number         0  libinit2.o ABSOLUTE
    ../clib/libinit.s                        0x00000000   Number         0  libshutdown.o ABSOLUTE
    ../clib/libinit.s                        0x00000000   Number         0  libshutdown2.o ABSOLUTE
    ../clib/libinit.s                        0x00000000   Number         0  libinit.o ABSOLUTE
    ../clib/locale.s                         0x00000000   Number         0  lc_numeric_c.o ABSOLUTE
    ../clib/longlong.s                       0x00000000   Number         0  lludiv10.o ABSOLUTE
    ../clib/memcpset.s                       0x00000000   Number         0  rt_memclr_w.o ABSOLUTE
    ../clib/memcpset.s                       0x00000000   Number         0  strcmpv7m.o ABSOLUTE
    ../clib/misc.s                           0x00000000   Number         0  printf_stubs.o ABSOLUTE
    ../clib/printf.c                         0x00000000   Number         0  __printf_flags_ss_wp.o ABSOLUTE
    ../clib/printf.c                         0x00000000   Number         0  __printf_flags_wp.o ABSOLUTE
    ../clib/printf.c                         0x00000000   Number         0  __printf_wp.o ABSOLUTE
    ../clib/printf.c                         0x00000000   Number         0  __printf_flags_ss.o ABSOLUTE
    ../clib/printf.c                         0x00000000   Number         0  __printf_nopercent.o ABSOLUTE
    ../clib/printf.c                         0x00000000   Number         0  _printf_pad.o ABSOLUTE
    ../clib/printf.c                         0x00000000   Number         0  _sputc.o ABSOLUTE
    ../clib/printf.c                         0x00000000   Number         0  _printf_intcommon.o ABSOLUTE
    ../clib/printf.c                         0x00000000   Number         0  _printf_dec.o ABSOLUTE
    ../clib/printf.c                         0x00000000   Number         0  _printf_char_common.o ABSOLUTE
    ../clib/printf.c                         0x00000000   Number         0  __printf_flags.o ABSOLUTE
    ../clib/printf.c                         0x00000000   Number         0  __printf_ss_wp.o ABSOLUTE
    ../clib/printf.c                         0x00000000   Number         0  __printf_ss.o ABSOLUTE
    ../clib/printf.c                         0x00000000   Number         0  _printf_fp_dec.o ABSOLUTE
    ../clib/printf.c                         0x00000000   Number         0  noretval__2sprintf.o ABSOLUTE
    ../clib/printf.c                         0x00000000   Number         0  _printf_fp_infnan.o ABSOLUTE
    ../clib/printf.c                         0x00000000   Number         0  __printf.o ABSOLUTE
    ../clib/printf.c                         0x00000000   Number         0  __2sprintf.o ABSOLUTE
    ../clib/printf_percent.s                 0x00000000   Number         0  _printf_percent.o ABSOLUTE
    ../clib/printf_percent.s                 0x00000000   Number         0  _printf_percent_end.o ABSOLUTE
    ../clib/printf_percent.s                 0x00000000   Number         0  _printf_f.o ABSOLUTE
    ../clib/printf_percent.s                 0x00000000   Number         0  _printf_d.o ABSOLUTE
    ../clib/signal.c                         0x00000000   Number         0  __raise.o ABSOLUTE
    ../clib/signal.c                         0x00000000   Number         0  defsig_rtmem_outer.o ABSOLUTE
    ../clib/signal.c                         0x00000000   Number         0  defsig_segv_inner.o ABSOLUTE
    ../clib/signal.c                         0x00000000   Number         0  defsig_cppl_inner.o ABSOLUTE
    ../clib/signal.c                         0x00000000   Number         0  defsig_pvfn_inner.o ABSOLUTE
    ../clib/signal.c                         0x00000000   Number         0  defsig_stak_inner.o ABSOLUTE
    ../clib/signal.c                         0x00000000   Number         0  defsig_rtred_inner.o ABSOLUTE
    ../clib/signal.c                         0x00000000   Number         0  defsig_abrt_inner.o ABSOLUTE
    ../clib/signal.c                         0x00000000   Number         0  defsig_exit.o ABSOLUTE
    ../clib/signal.c                         0x00000000   Number         0  defsig_fpe_outer.o ABSOLUTE
    ../clib/signal.c                         0x00000000   Number         0  defsig_fpe_formal.o ABSOLUTE
    ../clib/signal.c                         0x00000000   Number         0  defsig_other.o ABSOLUTE
    ../clib/signal.c                         0x00000000   Number         0  defsig_rtmem_inner.o ABSOLUTE
    ../clib/signal.c                         0x00000000   Number         0  defsig_general.o ABSOLUTE
    ../clib/signal.c                         0x00000000   Number         0  defsig_fpe_inner.o ABSOLUTE
    ../clib/signal.c                         0x00000000   Number         0  defsig_rtmem_formal.o ABSOLUTE
    ../clib/signal.s                         0x00000000   Number         0  defsig.o ABSOLUTE
    ../clib/stdlib.c                         0x00000000   Number         0  exit.o ABSOLUTE
    ../fplib/dflt.s                          0x00000000   Number         0  dflt_clz.o ABSOLUTE
    ../fplib/dretinf.s                       0x00000000   Number         0  dretinf.o ABSOLUTE
    ../fplib/except.s                        0x00000000   Number         0  except.o ABSOLUTE
    ../fplib/f2d.s                           0x00000000   Number         0  f2d.o ABSOLUTE
    ../fplib/fnaninf.s                       0x00000000   Number         0  fnaninf.o ABSOLUTE
    ../fplib/fpinit.s                        0x00000000   Number         0  fpinit.o ABSOLUTE
    ../fplib/funder.s                        0x00000000   Number         0  funder_clz.o ABSOLUTE
    ../fplib/istatus.s                       0x00000000   Number         0  istatus.o ABSOLUTE
    ../fplib/printf1.s                       0x00000000   Number         0  printf1.o ABSOLUTE
    ../fplib/retnan.s                        0x00000000   Number         0  retnan.o ABSOLUTE
    ../fplib/trapv.s                         0x00000000   Number         0  trapv.o ABSOLUTE
    ../fplib/usenofp.s                       0x00000000   Number         0  usenofp.o ABSOLUTE
    ../mathlib/fpclassify.c                  0x00000000   Number         0  fpclassify.o ABSOLUTE
    ..\FilteringFunctions\arm_fir_f32.c      0x00000000   Number         0  arm_fir_f32.o ABSOLUTE
    ..\FilteringFunctions\arm_fir_init_f32.c 0x00000000   Number         0  arm_fir_init_f32.o ABSOLUTE
    ..\\FilteringFunctions\\arm_fir_f32.c    0x00000000   Number         0  arm_fir_f32.o ABSOLUTE
    ..\\FilteringFunctions\\arm_fir_init_f32.c 0x00000000   Number         0  arm_fir_init_f32.o ABSOLUTE
    Motor.c                                  0x00000000   Number         0  motor.o ABSOLUTE
    Motor.c                                  0x00000000   Number         0  motor.o ABSOLUTE
    RTE\Device\STM32F407VGTx\startup_stm32f407xx.s 0x00000000   Number         0  startup_stm32f407xx.o ABSOLUTE
    RTE\Device\STM32F407VGTx\system_stm32f4xx.c 0x00000000   Number         0  system_stm32f4xx.o ABSOLUTE
    RTE\\Device\\STM32F407VGTx\\system_stm32f4xx.c 0x00000000   Number         0  system_stm32f4xx.o ABSOLUTE
    adc_1.c                                  0x00000000   Number         0  adc_1.o ABSOLUTE
    adc_1.c                                  0x00000000   Number         0  adc_1.o ABSOLUTE
    adc_2.c                                  0x00000000   Number         0  adc_2.o ABSOLUTE
    adc_2.c                                  0x00000000   Number         0  adc_2.o ABSOLUTE
    adc_3.c                                  0x00000000   Number         0  adc_3.o ABSOLUTE
    adc_3.c                                  0x00000000   Number         0  adc_3.o ABSOLUTE
    dc.s                                     0x00000000   Number         0  dc.o ABSOLUTE
    main.c                                   0x00000000   Number         0  main.o ABSOLUTE
    main.c                                   0x00000000   Number         0  main.o ABSOLUTE
    tim_1.c                                  0x00000000   Number         0  tim_1.o ABSOLUTE
    tim_1.c                                  0x00000000   Number         0  tim_1.o ABSOLUTE
    tim_10.c                                 0x00000000   Number         0  tim_10.o ABSOLUTE
    tim_10.c                                 0x00000000   Number         0  tim_10.o ABSOLUTE
    tim_12.c                                 0x00000000   Number         0  tim_12.o ABSOLUTE
    tim_12.c                                 0x00000000   Number         0  tim_12.o ABSOLUTE
    tim_13.c                                 0x00000000   Number         0  tim_13.o ABSOLUTE
    tim_13.c                                 0x00000000   Number         0  tim_13.o ABSOLUTE
    tim_5.c                                  0x00000000   Number         0  tim_5.o ABSOLUTE
    tim_5.c                                  0x00000000   Number         0  tim_5.o ABSOLUTE
    tim_9.c                                  0x00000000   Number         0  tim_9.o ABSOLUTE
    tim_9.c                                  0x00000000   Number         0  tim_9.o ABSOLUTE
    uart.c                                   0x00000000   Number         0  uart.o ABSOLUTE
    uart.c                                   0x00000000   Number         0  uart.o ABSOLUTE
    RESET                                    0x08000000   Section      392  startup_stm32f407xx.o(RESET)
    !!!main                                  0x08000188   Section        8  __main.o(!!!main)
    !!!scatter                               0x08000190   Section       52  __scatter.o(!!!scatter)
    !!dclz77c                                0x080001c4   Section      100  __dclz77c.o(!!dclz77c)
    !!handler_zi                             0x08000228   Section       28  __scatter_zi.o(!!handler_zi)
    .ARM.Collect$$_printf_percent$$00000000  0x08000244   Section        0  _printf_percent.o(.ARM.Collect$$_printf_percent$$00000000)
    .ARM.Collect$$_printf_percent$$00000003  0x08000244   Section        6  _printf_f.o(.ARM.Collect$$_printf_percent$$00000003)
    .ARM.Collect$$_printf_percent$$00000009  0x0800024a   Section        6  _printf_d.o(.ARM.Collect$$_printf_percent$$00000009)
    .ARM.Collect$$_printf_percent$$00000017  0x08000250   Section        4  _printf_percent_end.o(.ARM.Collect$$_printf_percent$$00000017)
    .ARM.Collect$$libinit$$00000000          0x08000254   Section        2  libinit.o(.ARM.Collect$$libinit$$00000000)
    .ARM.Collect$$libinit$$00000001          0x08000256   Section        4  libinit2.o(.ARM.Collect$$libinit$$00000001)
    .ARM.Collect$$libinit$$00000004          0x0800025a   Section        0  libinit2.o(.ARM.Collect$$libinit$$00000004)
    .ARM.Collect$$libinit$$0000000A          0x0800025a   Section        0  libinit2.o(.ARM.Collect$$libinit$$0000000A)
    .ARM.Collect$$libinit$$0000000C          0x0800025a   Section        0  libinit2.o(.ARM.Collect$$libinit$$0000000C)
    .ARM.Collect$$libinit$$0000000E          0x0800025a   Section        0  libinit2.o(.ARM.Collect$$libinit$$0000000E)
    .ARM.Collect$$libinit$$0000000F          0x0800025a   Section        6  libinit2.o(.ARM.Collect$$libinit$$0000000F)
    .ARM.Collect$$libinit$$00000011          0x08000260   Section        0  libinit2.o(.ARM.Collect$$libinit$$00000011)
    .ARM.Collect$$libinit$$00000013          0x08000260   Section        0  libinit2.o(.ARM.Collect$$libinit$$00000013)
    .ARM.Collect$$libinit$$00000015          0x08000260   Section        0  libinit2.o(.ARM.Collect$$libinit$$00000015)
    .ARM.Collect$$libinit$$00000016          0x08000260   Section       10  libinit2.o(.ARM.Collect$$libinit$$00000016)
    .ARM.Collect$$libinit$$00000017          0x0800026a   Section        0  libinit2.o(.ARM.Collect$$libinit$$00000017)
    .ARM.Collect$$libinit$$00000019          0x0800026a   Section        0  libinit2.o(.ARM.Collect$$libinit$$00000019)
    .ARM.Collect$$libinit$$0000001B          0x0800026a   Section        0  libinit2.o(.ARM.Collect$$libinit$$0000001B)
    .ARM.Collect$$libinit$$0000001D          0x0800026a   Section        0  libinit2.o(.ARM.Collect$$libinit$$0000001D)
    .ARM.Collect$$libinit$$0000001F          0x0800026a   Section        0  libinit2.o(.ARM.Collect$$libinit$$0000001F)
    .ARM.Collect$$libinit$$00000021          0x0800026a   Section        0  libinit2.o(.ARM.Collect$$libinit$$00000021)
    .ARM.Collect$$libinit$$00000023          0x0800026a   Section        0  libinit2.o(.ARM.Collect$$libinit$$00000023)
    .ARM.Collect$$libinit$$00000025          0x0800026a   Section        0  libinit2.o(.ARM.Collect$$libinit$$00000025)
    .ARM.Collect$$libinit$$0000002C          0x0800026a   Section        0  libinit2.o(.ARM.Collect$$libinit$$0000002C)
    .ARM.Collect$$libinit$$0000002E          0x0800026a   Section        0  libinit2.o(.ARM.Collect$$libinit$$0000002E)
    .ARM.Collect$$libinit$$00000030          0x0800026a   Section        0  libinit2.o(.ARM.Collect$$libinit$$00000030)
    .ARM.Collect$$libinit$$00000032          0x0800026a   Section        0  libinit2.o(.ARM.Collect$$libinit$$00000032)
    .ARM.Collect$$libinit$$00000033          0x0800026a   Section        2  libinit2.o(.ARM.Collect$$libinit$$00000033)
    .ARM.Collect$$libshutdown$$00000000      0x0800026c   Section        2  libshutdown.o(.ARM.Collect$$libshutdown$$00000000)
    .ARM.Collect$$libshutdown$$00000002      0x0800026e   Section        0  libshutdown2.o(.ARM.Collect$$libshutdown$$00000002)
    .ARM.Collect$$libshutdown$$00000004      0x0800026e   Section        0  libshutdown2.o(.ARM.Collect$$libshutdown$$00000004)
    .ARM.Collect$$libshutdown$$00000007      0x0800026e   Section        0  libshutdown2.o(.ARM.Collect$$libshutdown$$00000007)
    .ARM.Collect$$libshutdown$$0000000A      0x0800026e   Section        0  libshutdown2.o(.ARM.Collect$$libshutdown$$0000000A)
    .ARM.Collect$$libshutdown$$0000000C      0x0800026e   Section        0  libshutdown2.o(.ARM.Collect$$libshutdown$$0000000C)
    .ARM.Collect$$libshutdown$$0000000F      0x0800026e   Section        0  libshutdown2.o(.ARM.Collect$$libshutdown$$0000000F)
    .ARM.Collect$$libshutdown$$00000010      0x0800026e   Section        2  libshutdown2.o(.ARM.Collect$$libshutdown$$00000010)
    .ARM.Collect$$rtentry$$00000000          0x08000270   Section        0  __rtentry.o(.ARM.Collect$$rtentry$$00000000)
    .ARM.Collect$$rtentry$$00000002          0x08000270   Section        0  __rtentry2.o(.ARM.Collect$$rtentry$$00000002)
    .ARM.Collect$$rtentry$$00000004          0x08000270   Section        6  __rtentry4.o(.ARM.Collect$$rtentry$$00000004)
    .ARM.Collect$$rtentry$$00000009          0x08000276   Section        0  __rtentry2.o(.ARM.Collect$$rtentry$$00000009)
    .ARM.Collect$$rtentry$$0000000A          0x08000276   Section        4  __rtentry2.o(.ARM.Collect$$rtentry$$0000000A)
    .ARM.Collect$$rtentry$$0000000C          0x0800027a   Section        0  __rtentry2.o(.ARM.Collect$$rtentry$$0000000C)
    .ARM.Collect$$rtentry$$0000000D          0x0800027a   Section        8  __rtentry2.o(.ARM.Collect$$rtentry$$0000000D)
    .ARM.Collect$$rtexit$$00000000           0x08000282   Section        2  rtexit.o(.ARM.Collect$$rtexit$$00000000)
    .ARM.Collect$$rtexit$$00000002           0x08000284   Section        0  rtexit2.o(.ARM.Collect$$rtexit$$00000002)
    .ARM.Collect$$rtexit$$00000003           0x08000284   Section        4  rtexit2.o(.ARM.Collect$$rtexit$$00000003)
    .ARM.Collect$$rtexit$$00000004           0x08000288   Section        6  rtexit2.o(.ARM.Collect$$rtexit$$00000004)
    .text                                    0x08000290   Section       64  startup_stm32f407xx.o(.text)
    $v0                                      0x08000290   Number         0  startup_stm32f407xx.o(.text)
    .text                                    0x080002d0   Section        0  arm_fir_f32.o(.text)
    .text                                    0x08000802   Section        0  arm_fir_init_f32.o(.text)
    .text                                    0x08000820   Section        0  noretval__2sprintf.o(.text)
    .text                                    0x08000848   Section        0  _printf_pad.o(.text)
    .text                                    0x08000898   Section        0  _printf_dec.o(.text)
    .text                                    0x08000910   Section        0  __printf_flags_wp.o(.text)
    .text                                    0x08000a48   Section       78  rt_memclr_w.o(.text)
    .text                                    0x08000a96   Section        0  heapauxi.o(.text)
    .text                                    0x08000a9c   Section        0  _printf_intcommon.o(.text)
    .text                                    0x08000b4e   Section        0  _printf_fp_dec.o(.text)
    _fp_digits                               0x08000b51   Thumb Code   428  _printf_fp_dec.o(.text)
    .text                                    0x08000f68   Section        0  _printf_char_common.o(.text)
    _printf_input_char                       0x08000f69   Thumb Code    10  _printf_char_common.o(.text)
    .text                                    0x08000f98   Section        0  _sputc.o(.text)
    .text                                    0x08000fa4   Section        8  rt_locale_intlibspace.o(.text)
    .text                                    0x08000fac   Section      138  lludiv10.o(.text)
    .text                                    0x08001038   Section        0  _printf_fp_infnan.o(.text)
    .text                                    0x080010b8   Section        0  bigflt0.o(.text)
    .text                                    0x08001194   Section        8  libspace.o(.text)
    .text                                    0x0800119c   Section       74  sys_stackheap_outer.o(.text)
    .text                                    0x080011e6   Section        0  exit.o(.text)
    .text                                    0x080011f8   Section      128  strcmpv7m.o(.text)
    .text                                    0x08001278   Section        0  _fptrap.o(.text)
    .text                                    0x080012a8   Section        0  defsig_fpe_outer.o(.text)
    .text                                    0x080012b8   Section        0  sys_exit.o(.text)
    .text                                    0x080012c4   Section        0  defsig_exit.o(.text)
    .text                                    0x080012d0   Section        0  defsig_fpe_inner.o(.text)
    .text                                    0x0800137c   Section        2  use_no_semi.o(.text)
    .text                                    0x0800137e   Section        0  indicate_semi.o(.text)
    .text                                    0x0800137e   Section        0  defsig_general.o(.text)
    .text                                    0x080013b0   Section        0  sys_wrch.o(.text)
    CL$$btod_d2e                             0x080013be   Section       62  btod.o(CL$$btod_d2e)
    CL$$btod_d2e_denorm_low                  0x080013fc   Section       70  btod.o(CL$$btod_d2e_denorm_low)
    CL$$btod_d2e_norm_op1                    0x08001442   Section       96  btod.o(CL$$btod_d2e_norm_op1)
    CL$$btod_div_common                      0x080014a2   Section      824  btod.o(CL$$btod_div_common)
    CL$$btod_e2e                             0x080017da   Section      198  btod.o(CL$$btod_e2e)
    CL$$btod_ediv                            0x080018a0   Section       40  btod.o(CL$$btod_ediv)
    CL$$btod_emul                            0x080018c8   Section       40  btod.o(CL$$btod_emul)
    CL$$btod_mult_common                     0x080018f0   Section      580  btod.o(CL$$btod_mult_common)
    i.Motor_1_Change_DCYC                    0x08001b34   Section        0  motor.o(i.Motor_1_Change_DCYC)
    i.Motor_2_Change_DCYC                    0x08001cb0   Section        0  motor.o(i.Motor_2_Change_DCYC)
    i.Motor_3_Change_DCYC                    0x08001e2c   Section        0  motor.o(i.Motor_3_Change_DCYC)
    i.Motor_4_Change_DCYC                    0x08001f9c   Section        0  motor.o(i.Motor_4_Change_DCYC)
    i.Motor_Calc_Speed                       0x08002118   Section        0  motor.o(i.Motor_Calc_Speed)
    i.Motor_ISR                              0x08002198   Section        0  motor.o(i.Motor_ISR)
    i.Motor_Update_PID                       0x080022d0   Section        0  motor.o(i.Motor_Update_PID)
    i.Motor_init                             0x0800241c   Section        0  motor.o(i.Motor_init)
    i.SystemInit                             0x080024a8   Section        0  system_stm32f4xx.o(i.SystemInit)
    i.TIM8_UP_TIM13_IRQHandler               0x0800250c   Section        0  main.o(i.TIM8_UP_TIM13_IRQHandler)
    i.USART2_IRQHandler                      0x08002580   Section        0  main.o(i.USART2_IRQHandler)
    i.USART_IRQHandler                       0x080025a0   Section        0  uart.o(i.USART_IRQHandler)
    i.USART_Init                             0x080025d0   Section        0  uart.o(i.USART_Init)
    i.USART_Write                            0x08002648   Section        0  uart.o(i.USART_Write)
    i.__ARM_fpclassify                       0x0800267c   Section        0  fpclassify.o(i.__ARM_fpclassify)
    i._is_digit                              0x080026ac   Section        0  __printf_wp.o(i._is_digit)
    i.adc_1_config                           0x080026bc   Section        0  adc_1.o(i.adc_1_config)
    i.adc_1_gpio_init                        0x08002710   Section        0  adc_1.o(i.adc_1_gpio_init)
    i.adc_2_config                           0x08002778   Section        0  adc_2.o(i.adc_2_config)
    i.adc_2_gpio_init                        0x080027e8   Section        0  adc_2.o(i.adc_2_gpio_init)
    i.decode                                 0x0800286c   Section        0  main.o(i.decode)
    i.display_speed_current                  0x080028a4   Section        0  uart.o(i.display_speed_current)
    i.main                                   0x08002954   Section        0  main.o(i.main)
    i.sysclk_Configure                       0x08002a60   Section        0  main.o(i.sysclk_Configure)
    i.tim_10_config                          0x08002a90   Section        0  tim_10.o(i.tim_10_config)
    i.tim_12_config                          0x08002b48   Section        0  tim_12.o(i.tim_12_config)
    i.tim_12_gpio_init                       0x08002c04   Section        0  tim_12.o(i.tim_12_gpio_init)
    i.tim_5_config                           0x08002d10   Section        0  tim_5.o(i.tim_5_config)
    i.tim_5_gpio_init                        0x08002e14   Section        0  tim_5.o(i.tim_5_gpio_init)
    i.tim_9_config                           0x08002fd0   Section        0  tim_9.o(i.tim_9_config)
    i.tim_9_gpio_init                        0x08003068   Section        0  tim_9.o(i.tim_9_gpio_init)
    i.uart_gpio_init                         0x08003148   Section        0  uart.o(i.uart_gpio_init)
    locale$$code                             0x080031b8   Section       44  lc_numeric_c.o(locale$$code)
    x$fpl$dfltn                              0x080031e4   Section       26  dflt_clz.o(x$fpl$dfltn)
    $v0                                      0x080031e4   Number         0  dflt_clz.o(x$fpl$dfltn)
    x$fpl$dretinf                            0x080031fe   Section       12  dretinf.o(x$fpl$dretinf)
    $v0                                      0x080031fe   Number         0  dretinf.o(x$fpl$dretinf)
    x$fpl$exception                          0x0800320c   Section      492  except.o(x$fpl$exception)
    $v0                                      0x0800320c   Number         0  except.o(x$fpl$exception)
    x$fpl$f2d                                0x080033f8   Section      122  f2d.o(x$fpl$f2d)
    $v0                                      0x080033f8   Number         0  f2d.o(x$fpl$f2d)
    x$fpl$fnaninf                            0x08003472   Section      242  fnaninf.o(x$fpl$fnaninf)
    $v0                                      0x08003472   Number         0  fnaninf.o(x$fpl$fnaninf)
    x$fpl$fpinit                             0x08003564   Section       10  fpinit.o(x$fpl$fpinit)
    $v0                                      0x08003564   Number         0  fpinit.o(x$fpl$fpinit)
    x$fpl$funder                             0x0800356e   Section      316  funder_clz.o(x$fpl$funder)
    $v0                                      0x0800356e   Number         0  funder_clz.o(x$fpl$funder)
    x$fpl$ieeestatus                         0x080036ac   Section       32  istatus.o(x$fpl$ieeestatus)
    $v0                                      0x080036ac   Number         0  istatus.o(x$fpl$ieeestatus)
    x$fpl$printf1                            0x080036cc   Section        4  printf1.o(x$fpl$printf1)
    $v0                                      0x080036cc   Number         0  printf1.o(x$fpl$printf1)
    x$fpl$retnan                             0x080036d0   Section      178  retnan.o(x$fpl$retnan)
    $v0                                      0x080036d0   Number         0  retnan.o(x$fpl$retnan)
    x$fpl$trapveneer                         0x08003782   Section      126  trapv.o(x$fpl$trapveneer)
    $v0                                      0x08003782   Number         0  trapv.o(x$fpl$trapveneer)
    .constdata                               0x08003800   Section       17  __printf_flags_wp.o(.constdata)
    x$fpl$usenofp                            0x08003800   Section        0  usenofp.o(x$fpl$usenofp)
    maptable                                 0x08003800   Data          17  __printf_flags_wp.o(.constdata)
    .constdata                               0x08003814   Section      148  bigflt0.o(.constdata)
    tenpwrs_x                                0x08003814   Data          60  bigflt0.o(.constdata)
    tenpwrs_i                                0x08003850   Data          64  bigflt0.o(.constdata)
    locale$$data                             0x080038c8   Section       28  lc_numeric_c.o(locale$$data)
    __lcnum_c_name                           0x080038cc   Data           2  lc_numeric_c.o(locale$$data)
    __lcnum_c_start                          0x080038d4   Data           0  lc_numeric_c.o(locale$$data)
    __lcnum_c_point                          0x080038e0   Data           0  lc_numeric_c.o(locale$$data)
    __lcnum_c_thousands                      0x080038e2   Data           0  lc_numeric_c.o(locale$$data)
    __lcnum_c_grouping                       0x080038e3   Data           0  lc_numeric_c.o(locale$$data)
    __lcnum_c_end                            0x080038e4   Data           0  lc_numeric_c.o(locale$$data)
    .data                                    0x20000000   Section       56  main.o(.data)
    .data                                    0x20000038   Section      404  motor.o(.data)
    .bss                                     0x200001cc   Section     2672  main.o(.bss)
    .bss                                     0x20000c3c   Section       96  libspace.o(.bss)
    HEAP                                     0x20000ca0   Section      512  startup_stm32f407xx.o(HEAP)
    Heap_Mem                                 0x20000ca0   Data         512  startup_stm32f407xx.o(HEAP)
    STACK                                    0x20000ea0   Section     1024  startup_stm32f407xx.o(STACK)
    Stack_Mem                                0x20000ea0   Data        1024  startup_stm32f407xx.o(STACK)
    __initial_sp                             0x200012a0   Data           0  startup_stm32f407xx.o(STACK)

    Global Symbols

    Symbol Name                              Value     Ov Type        Size  Object(Section)

    BuildAttributes$$THM_ISAv4$E$P$D$K$B$S$7EM$VFPi3$EXTD16$VFPS$VFMA$PE$A:L22UL41UL21$X:L11$S22US41US21$IEEE1$IW$USESV6$~STKCKD$USESV7$~SHL$OTIME$ROPI$IEEEX$EBA8$UX$STANDARDLIB$REQ8$PRES8$EABIv2 0x00000000   Number         0  anon$$obj.o ABSOLUTE
    __ARM_use_no_argv                        0x00000000   Number         0  main.o ABSOLUTE
    _printf_flags                            0x00000000   Number         0  printf_stubs.o ABSOLUTE
    _printf_return_value                     0x00000000   Number         0  printf_stubs.o ABSOLUTE
    _printf_sizespec                         0x00000000   Number         0  printf_stubs.o ABSOLUTE
    _printf_widthprec                        0x00000000   Number         0  printf_stubs.o ABSOLUTE
    __ARM_exceptions_init                     - Undefined Weak Reference
    __alloca_initialize                       - Undefined Weak Reference
    __arm_preinit_                            - Undefined Weak Reference
    __cpp_initialize__aeabi_                  - Undefined Weak Reference
    __cxa_finalize                            - Undefined Weak Reference
    __sigvec_lookup                           - Undefined Weak Reference
    _atexit_init                              - Undefined Weak Reference
    _call_atexit_fns                          - Undefined Weak Reference
    _clock_init                               - Undefined Weak Reference
    _fp_trap_big                              - Undefined Weak Reference
    _fp_trap_init                             - Undefined Weak Reference
    _fp_trap_shutdown                         - Undefined Weak Reference
    _get_lc_collate                           - Undefined Weak Reference
    _get_lc_ctype                             - Undefined Weak Reference
    _get_lc_monetary                          - Undefined Weak Reference
    _get_lc_time                              - Undefined Weak Reference
    _getenv_init                              - Undefined Weak Reference
    _handle_redirection                       - Undefined Weak Reference
    _init_alloc                               - Undefined Weak Reference
    _init_user_alloc                          - Undefined Weak Reference
    _initio                                   - Undefined Weak Reference
    _printf_truncate_signed                   - Undefined Weak Reference
    _printf_truncate_unsigned                 - Undefined Weak Reference
    _rand_init                                - Undefined Weak Reference
    _signal_finish                            - Undefined Weak Reference
    _signal_init                              - Undefined Weak Reference
    _terminate_alloc                          - Undefined Weak Reference
    _terminate_user_alloc                     - Undefined Weak Reference
    _terminateio                              - Undefined Weak Reference
    __Vectors_Size                           0x00000188   Number         0  startup_stm32f407xx.o ABSOLUTE
    __Vectors                                0x08000000   Data           4  startup_stm32f407xx.o(RESET)
    __Vectors_End                            0x08000188   Data           0  startup_stm32f407xx.o(RESET)
    __main                                   0x08000189   Thumb Code     8  __main.o(!!!main)
    __scatterload                            0x08000191   Thumb Code     0  __scatter.o(!!!scatter)
    __scatterload_rt2                        0x08000191   Thumb Code    44  __scatter.o(!!!scatter)
    __scatterload_rt2_thumb_only             0x08000191   Thumb Code     0  __scatter.o(!!!scatter)
    __scatterload_null                       0x0800019f   Thumb Code     0  __scatter.o(!!!scatter)
    __decompress                             0x080001c5   Thumb Code   100  __dclz77c.o(!!dclz77c)
    __decompress2                            0x080001c5   Thumb Code     0  __dclz77c.o(!!dclz77c)
    __scatterload_zeroinit                   0x08000229   Thumb Code    28  __scatter_zi.o(!!handler_zi)
    _printf_f                                0x08000245   Thumb Code     0  _printf_f.o(.ARM.Collect$$_printf_percent$$00000003)
    _printf_percent                          0x08000245   Thumb Code     0  _printf_percent.o(.ARM.Collect$$_printf_percent$$00000000)
    _printf_d                                0x0800024b   Thumb Code     0  _printf_d.o(.ARM.Collect$$_printf_percent$$00000009)
    _printf_percent_end                      0x08000251   Thumb Code     0  _printf_percent_end.o(.ARM.Collect$$_printf_percent$$00000017)
    __rt_lib_init                            0x08000255   Thumb Code     0  libinit.o(.ARM.Collect$$libinit$$00000000)
    __rt_lib_init_fp_1                       0x08000257   Thumb Code     0  libinit2.o(.ARM.Collect$$libinit$$00000001)
    __rt_lib_init_heap_1                     0x0800025b   Thumb Code     0  libinit2.o(.ARM.Collect$$libinit$$0000000A)
    __rt_lib_init_lc_common                  0x0800025b   Thumb Code     0  libinit2.o(.ARM.Collect$$libinit$$0000000F)
    __rt_lib_init_preinit_1                  0x0800025b   Thumb Code     0  libinit2.o(.ARM.Collect$$libinit$$00000004)
    __rt_lib_init_rand_1                     0x0800025b   Thumb Code     0  libinit2.o(.ARM.Collect$$libinit$$0000000E)
    __rt_lib_init_user_alloc_1               0x0800025b   Thumb Code     0  libinit2.o(.ARM.Collect$$libinit$$0000000C)
    __rt_lib_init_lc_collate_1               0x08000261   Thumb Code     0  libinit2.o(.ARM.Collect$$libinit$$00000011)
    __rt_lib_init_lc_ctype_1                 0x08000261   Thumb Code     0  libinit2.o(.ARM.Collect$$libinit$$00000013)
    __rt_lib_init_lc_monetary_1              0x08000261   Thumb Code     0  libinit2.o(.ARM.Collect$$libinit$$00000015)
    __rt_lib_init_lc_numeric_2               0x08000261   Thumb Code     0  libinit2.o(.ARM.Collect$$libinit$$00000016)
    __rt_lib_init_alloca_1                   0x0800026b   Thumb Code     0  libinit2.o(.ARM.Collect$$libinit$$0000002E)
    __rt_lib_init_argv_1                     0x0800026b   Thumb Code     0  libinit2.o(.ARM.Collect$$libinit$$0000002C)
    __rt_lib_init_atexit_1                   0x0800026b   Thumb Code     0  libinit2.o(.ARM.Collect$$libinit$$0000001B)
    __rt_lib_init_clock_1                    0x0800026b   Thumb Code     0  libinit2.o(.ARM.Collect$$libinit$$00000021)
    __rt_lib_init_cpp_1                      0x0800026b   Thumb Code     0  libinit2.o(.ARM.Collect$$libinit$$00000032)
    __rt_lib_init_exceptions_1               0x0800026b   Thumb Code     0  libinit2.o(.ARM.Collect$$libinit$$00000030)
    __rt_lib_init_fp_trap_1                  0x0800026b   Thumb Code     0  libinit2.o(.ARM.Collect$$libinit$$0000001F)
    __rt_lib_init_getenv_1                   0x0800026b   Thumb Code     0  libinit2.o(.ARM.Collect$$libinit$$00000023)
    __rt_lib_init_lc_numeric_1               0x0800026b   Thumb Code     0  libinit2.o(.ARM.Collect$$libinit$$00000017)
    __rt_lib_init_lc_time_1                  0x0800026b   Thumb Code     0  libinit2.o(.ARM.Collect$$libinit$$00000019)
    __rt_lib_init_return                     0x0800026b   Thumb Code     0  libinit2.o(.ARM.Collect$$libinit$$00000033)
    __rt_lib_init_signal_1                   0x0800026b   Thumb Code     0  libinit2.o(.ARM.Collect$$libinit$$0000001D)
    __rt_lib_init_stdio_1                    0x0800026b   Thumb Code     0  libinit2.o(.ARM.Collect$$libinit$$00000025)
    __rt_lib_shutdown                        0x0800026d   Thumb Code     0  libshutdown.o(.ARM.Collect$$libshutdown$$00000000)
    __rt_lib_shutdown_cpp_1                  0x0800026f   Thumb Code     0  libshutdown2.o(.ARM.Collect$$libshutdown$$00000002)
    __rt_lib_shutdown_fp_trap_1              0x0800026f   Thumb Code     0  libshutdown2.o(.ARM.Collect$$libshutdown$$00000007)
    __rt_lib_shutdown_heap_1                 0x0800026f   Thumb Code     0  libshutdown2.o(.ARM.Collect$$libshutdown$$0000000F)
    __rt_lib_shutdown_return                 0x0800026f   Thumb Code     0  libshutdown2.o(.ARM.Collect$$libshutdown$$00000010)
    __rt_lib_shutdown_signal_1               0x0800026f   Thumb Code     0  libshutdown2.o(.ARM.Collect$$libshutdown$$0000000A)
    __rt_lib_shutdown_stdio_1                0x0800026f   Thumb Code     0  libshutdown2.o(.ARM.Collect$$libshutdown$$00000004)
    __rt_lib_shutdown_user_alloc_1           0x0800026f   Thumb Code     0  libshutdown2.o(.ARM.Collect$$libshutdown$$0000000C)
    __rt_entry                               0x08000271   Thumb Code     0  __rtentry.o(.ARM.Collect$$rtentry$$00000000)
    __rt_entry_presh_1                       0x08000271   Thumb Code     0  __rtentry2.o(.ARM.Collect$$rtentry$$00000002)
    __rt_entry_sh                            0x08000271   Thumb Code     0  __rtentry4.o(.ARM.Collect$$rtentry$$00000004)
    __rt_entry_li                            0x08000277   Thumb Code     0  __rtentry2.o(.ARM.Collect$$rtentry$$0000000A)
    __rt_entry_postsh_1                      0x08000277   Thumb Code     0  __rtentry2.o(.ARM.Collect$$rtentry$$00000009)
    __rt_entry_main                          0x0800027b   Thumb Code     0  __rtentry2.o(.ARM.Collect$$rtentry$$0000000D)
    __rt_entry_postli_1                      0x0800027b   Thumb Code     0  __rtentry2.o(.ARM.Collect$$rtentry$$0000000C)
    __rt_exit                                0x08000283   Thumb Code     0  rtexit.o(.ARM.Collect$$rtexit$$00000000)
    __rt_exit_ls                             0x08000285   Thumb Code     0  rtexit2.o(.ARM.Collect$$rtexit$$00000003)
    __rt_exit_prels_1                        0x08000285   Thumb Code     0  rtexit2.o(.ARM.Collect$$rtexit$$00000002)
    __rt_exit_exit                           0x08000289   Thumb Code     0  rtexit2.o(.ARM.Collect$$rtexit$$00000004)
    Reset_Handler                            0x08000291   Thumb Code     8  startup_stm32f407xx.o(.text)
    NMI_Handler                              0x08000299   Thumb Code     2  startup_stm32f407xx.o(.text)
    HardFault_Handler                        0x0800029b   Thumb Code     2  startup_stm32f407xx.o(.text)
    MemManage_Handler                        0x0800029d   Thumb Code     2  startup_stm32f407xx.o(.text)
    BusFault_Handler                         0x0800029f   Thumb Code     2  startup_stm32f407xx.o(.text)
    UsageFault_Handler                       0x080002a1   Thumb Code     2  startup_stm32f407xx.o(.text)
    SVC_Handler                              0x080002a3   Thumb Code     2  startup_stm32f407xx.o(.text)
    DebugMon_Handler                         0x080002a5   Thumb Code     2  startup_stm32f407xx.o(.text)
    PendSV_Handler                           0x080002a7   Thumb Code     2  startup_stm32f407xx.o(.text)
    SysTick_Handler                          0x080002a9   Thumb Code     2  startup_stm32f407xx.o(.text)
    ADC_IRQHandler                           0x080002ab   Thumb Code     0  startup_stm32f407xx.o(.text)
    CAN1_RX0_IRQHandler                      0x080002ab   Thumb Code     0  startup_stm32f407xx.o(.text)
    CAN1_RX1_IRQHandler                      0x080002ab   Thumb Code     0  startup_stm32f407xx.o(.text)
    CAN1_SCE_IRQHandler                      0x080002ab   Thumb Code     0  startup_stm32f407xx.o(.text)
    CAN1_TX_IRQHandler                       0x080002ab   Thumb Code     0  startup_stm32f407xx.o(.text)
    CAN2_RX0_IRQHandler                      0x080002ab   Thumb Code     0  startup_stm32f407xx.o(.text)
    CAN2_RX1_IRQHandler                      0x080002ab   Thumb Code     0  startup_stm32f407xx.o(.text)
    CAN2_SCE_IRQHandler                      0x080002ab   Thumb Code     0  startup_stm32f407xx.o(.text)
    CAN2_TX_IRQHandler                       0x080002ab   Thumb Code     0  startup_stm32f407xx.o(.text)
    DCMI_IRQHandler                          0x080002ab   Thumb Code     0  startup_stm32f407xx.o(.text)
    DMA1_Stream0_IRQHandler                  0x080002ab   Thumb Code     0  startup_stm32f407xx.o(.text)
    DMA1_Stream1_IRQHandler                  0x080002ab   Thumb Code     0  startup_stm32f407xx.o(.text)
    DMA1_Stream2_IRQHandler                  0x080002ab   Thumb Code     0  startup_stm32f407xx.o(.text)
    DMA1_Stream3_IRQHandler                  0x080002ab   Thumb Code     0  startup_stm32f407xx.o(.text)
    DMA1_Stream4_IRQHandler                  0x080002ab   Thumb Code     0  startup_stm32f407xx.o(.text)
    DMA1_Stream5_IRQHandler                  0x080002ab   Thumb Code     0  startup_stm32f407xx.o(.text)
    DMA1_Stream6_IRQHandler                  0x080002ab   Thumb Code     0  startup_stm32f407xx.o(.text)
    DMA1_Stream7_IRQHandler                  0x080002ab   Thumb Code     0  startup_stm32f407xx.o(.text)
    DMA2_Stream0_IRQHandler                  0x080002ab   Thumb Code     0  startup_stm32f407xx.o(.text)
    DMA2_Stream1_IRQHandler                  0x080002ab   Thumb Code     0  startup_stm32f407xx.o(.text)
    DMA2_Stream2_IRQHandler                  0x080002ab   Thumb Code     0  startup_stm32f407xx.o(.text)
    DMA2_Stream3_IRQHandler                  0x080002ab   Thumb Code     0  startup_stm32f407xx.o(.text)
    DMA2_Stream4_IRQHandler                  0x080002ab   Thumb Code     0  startup_stm32f407xx.o(.text)
    DMA2_Stream5_IRQHandler                  0x080002ab   Thumb Code     0  startup_stm32f407xx.o(.text)
    DMA2_Stream6_IRQHandler                  0x080002ab   Thumb Code     0  startup_stm32f407xx.o(.text)
    DMA2_Stream7_IRQHandler                  0x080002ab   Thumb Code     0  startup_stm32f407xx.o(.text)
    ETH_IRQHandler                           0x080002ab   Thumb Code     0  startup_stm32f407xx.o(.text)
    ETH_WKUP_IRQHandler                      0x080002ab   Thumb Code     0  startup_stm32f407xx.o(.text)
    EXTI0_IRQHandler                         0x080002ab   Thumb Code     0  startup_stm32f407xx.o(.text)
    EXTI15_10_IRQHandler                     0x080002ab   Thumb Code     0  startup_stm32f407xx.o(.text)
    EXTI1_IRQHandler                         0x080002ab   Thumb Code     0  startup_stm32f407xx.o(.text)
    EXTI2_IRQHandler                         0x080002ab   Thumb Code     0  startup_stm32f407xx.o(.text)
    EXTI3_IRQHandler                         0x080002ab   Thumb Code     0  startup_stm32f407xx.o(.text)
    EXTI4_IRQHandler                         0x080002ab   Thumb Code     0  startup_stm32f407xx.o(.text)
    EXTI9_5_IRQHandler                       0x080002ab   Thumb Code     0  startup_stm32f407xx.o(.text)
    FLASH_IRQHandler                         0x080002ab   Thumb Code     0  startup_stm32f407xx.o(.text)
    FMC_IRQHandler                           0x080002ab   Thumb Code     0  startup_stm32f407xx.o(.text)
    FPU_IRQHandler                           0x080002ab   Thumb Code     0  startup_stm32f407xx.o(.text)
    HASH_RNG_IRQHandler                      0x080002ab   Thumb Code     0  startup_stm32f407xx.o(.text)
    I2C1_ER_IRQHandler                       0x080002ab   Thumb Code     0  startup_stm32f407xx.o(.text)
    I2C1_EV_IRQHandler                       0x080002ab   Thumb Code     0  startup_stm32f407xx.o(.text)
    I2C2_ER_IRQHandler                       0x080002ab   Thumb Code     0  startup_stm32f407xx.o(.text)
    I2C2_EV_IRQHandler                       0x080002ab   Thumb Code     0  startup_stm32f407xx.o(.text)
    I2C3_ER_IRQHandler                       0x080002ab   Thumb Code     0  startup_stm32f407xx.o(.text)
    I2C3_EV_IRQHandler                       0x080002ab   Thumb Code     0  startup_stm32f407xx.o(.text)
    OTG_FS_IRQHandler                        0x080002ab   Thumb Code     0  startup_stm32f407xx.o(.text)
    OTG_FS_WKUP_IRQHandler                   0x080002ab   Thumb Code     0  startup_stm32f407xx.o(.text)
    OTG_HS_EP1_IN_IRQHandler                 0x080002ab   Thumb Code     0  startup_stm32f407xx.o(.text)
    OTG_HS_EP1_OUT_IRQHandler                0x080002ab   Thumb Code     0  startup_stm32f407xx.o(.text)
    OTG_HS_IRQHandler                        0x080002ab   Thumb Code     0  startup_stm32f407xx.o(.text)
    OTG_HS_WKUP_IRQHandler                   0x080002ab   Thumb Code     0  startup_stm32f407xx.o(.text)
    PVD_IRQHandler                           0x080002ab   Thumb Code     0  startup_stm32f407xx.o(.text)
    RCC_IRQHandler                           0x080002ab   Thumb Code     0  startup_stm32f407xx.o(.text)
    RTC_Alarm_IRQHandler                     0x080002ab   Thumb Code     0  startup_stm32f407xx.o(.text)
    RTC_WKUP_IRQHandler                      0x080002ab   Thumb Code     0  startup_stm32f407xx.o(.text)
    SDIO_IRQHandler                          0x080002ab   Thumb Code     0  startup_stm32f407xx.o(.text)
    SPI1_IRQHandler                          0x080002ab   Thumb Code     0  startup_stm32f407xx.o(.text)
    SPI2_IRQHandler                          0x080002ab   Thumb Code     0  startup_stm32f407xx.o(.text)
    SPI3_IRQHandler                          0x080002ab   Thumb Code     0  startup_stm32f407xx.o(.text)
    TAMP_STAMP_IRQHandler                    0x080002ab   Thumb Code     0  startup_stm32f407xx.o(.text)
    TIM1_BRK_TIM9_IRQHandler                 0x080002ab   Thumb Code     0  startup_stm32f407xx.o(.text)
    TIM1_CC_IRQHandler                       0x080002ab   Thumb Code     0  startup_stm32f407xx.o(.text)
    TIM1_TRG_COM_TIM11_IRQHandler            0x080002ab   Thumb Code     0  startup_stm32f407xx.o(.text)
    TIM1_UP_TIM10_IRQHandler                 0x080002ab   Thumb Code     0  startup_stm32f407xx.o(.text)
    TIM2_IRQHandler                          0x080002ab   Thumb Code     0  startup_stm32f407xx.o(.text)
    TIM3_IRQHandler                          0x080002ab   Thumb Code     0  startup_stm32f407xx.o(.text)
    TIM4_IRQHandler                          0x080002ab   Thumb Code     0  startup_stm32f407xx.o(.text)
    TIM5_IRQHandler                          0x080002ab   Thumb Code     0  startup_stm32f407xx.o(.text)
    TIM6_DAC_IRQHandler                      0x080002ab   Thumb Code     0  startup_stm32f407xx.o(.text)
    TIM7_IRQHandler                          0x080002ab   Thumb Code     0  startup_stm32f407xx.o(.text)
    TIM8_BRK_TIM12_IRQHandler                0x080002ab   Thumb Code     0  startup_stm32f407xx.o(.text)
    TIM8_CC_IRQHandler                       0x080002ab   Thumb Code     0  startup_stm32f407xx.o(.text)
    TIM8_TRG_COM_TIM14_IRQHandler            0x080002ab   Thumb Code     0  startup_stm32f407xx.o(.text)
    UART4_IRQHandler                         0x080002ab   Thumb Code     0  startup_stm32f407xx.o(.text)
    UART5_IRQHandler                         0x080002ab   Thumb Code     0  startup_stm32f407xx.o(.text)
    USART1_IRQHandler                        0x080002ab   Thumb Code     0  startup_stm32f407xx.o(.text)
    USART3_IRQHandler                        0x080002ab   Thumb Code     0  startup_stm32f407xx.o(.text)
    USART6_IRQHandler                        0x080002ab   Thumb Code     0  startup_stm32f407xx.o(.text)
    WWDG_IRQHandler                          0x080002ab   Thumb Code     0  startup_stm32f407xx.o(.text)
    __user_initial_stackheap                 0x080002ad   Thumb Code     0  startup_stm32f407xx.o(.text)
    arm_fir_f32                              0x080002d1   Thumb Code  1330  arm_fir_f32.o(.text)
    arm_fir_init_f32                         0x08000803   Thumb Code    28  arm_fir_init_f32.o(.text)
    __2sprintf                               0x08000821   Thumb Code    34  noretval__2sprintf.o(.text)
    _printf_pre_padding                      0x08000849   Thumb Code    44  _printf_pad.o(.text)
    _printf_post_padding                     0x08000875   Thumb Code    34  _printf_pad.o(.text)
    _printf_int_dec                          0x08000899   Thumb Code   104  _printf_dec.o(.text)
    __printf                                 0x08000911   Thumb Code   308  __printf_flags_wp.o(.text)
    __aeabi_memclr4                          0x08000a49   Thumb Code     0  rt_memclr_w.o(.text)
    __aeabi_memclr8                          0x08000a49   Thumb Code     0  rt_memclr_w.o(.text)
    __rt_memclr_w                            0x08000a49   Thumb Code    78  rt_memclr_w.o(.text)
    _memset_w                                0x08000a4d   Thumb Code     0  rt_memclr_w.o(.text)
    __use_two_region_memory                  0x08000a97   Thumb Code     2  heapauxi.o(.text)
    __rt_heap_escrow$2region                 0x08000a99   Thumb Code     2  heapauxi.o(.text)
    __rt_heap_expand$2region                 0x08000a9b   Thumb Code     2  heapauxi.o(.text)
    _printf_int_common                       0x08000a9d   Thumb Code   178  _printf_intcommon.o(.text)
    __lib_sel_fp_printf                      0x08000b4f   Thumb Code     2  _printf_fp_dec.o(.text)
    _printf_fp_dec_real                      0x08000cfd   Thumb Code   620  _printf_fp_dec.o(.text)
    _printf_char_common                      0x08000f73   Thumb Code    32  _printf_char_common.o(.text)
    _sputc                                   0x08000f99   Thumb Code    10  _sputc.o(.text)
    __rt_locale                              0x08000fa5   Thumb Code     8  rt_locale_intlibspace.o(.text)
    _ll_udiv10                               0x08000fad   Thumb Code   138  lludiv10.o(.text)
    _printf_fp_infnan                        0x08001039   Thumb Code   112  _printf_fp_infnan.o(.text)
    _btod_etento                             0x080010b9   Thumb Code   216  bigflt0.o(.text)
    __user_libspace                          0x08001195   Thumb Code     8  libspace.o(.text)
    __user_perproc_libspace                  0x08001195   Thumb Code     0  libspace.o(.text)
    __user_perthread_libspace                0x08001195   Thumb Code     0  libspace.o(.text)
    __user_setup_stackheap                   0x0800119d   Thumb Code    74  sys_stackheap_outer.o(.text)
    exit                                     0x080011e7   Thumb Code    18  exit.o(.text)
    strcmp                                   0x080011f9   Thumb Code   128  strcmpv7m.o(.text)
    _fp_trap                                 0x08001279   Thumb Code    44  _fptrap.o(.text)
    __rt_SIGFPE                              0x080012a9   Thumb Code    14  defsig_fpe_outer.o(.text)
    _sys_exit                                0x080012b9   Thumb Code     8  sys_exit.o(.text)
    __sig_exit                               0x080012c5   Thumb Code    10  defsig_exit.o(.text)
    __rt_SIGFPE_inner                        0x080012d1   Thumb Code    62  defsig_fpe_inner.o(.text)
    __I$use$semihosting                      0x0800137d   Thumb Code     0  use_no_semi.o(.text)
    __use_no_semihosting_swi                 0x0800137d   Thumb Code     2  use_no_semi.o(.text)
    __default_signal_display                 0x0800137f   Thumb Code    50  defsig_general.o(.text)
    __semihosting_library_function           0x0800137f   Thumb Code     0  indicate_semi.o(.text)
    _ttywrch                                 0x080013b1   Thumb Code    14  sys_wrch.o(.text)
    _btod_d2e                                0x080013bf   Thumb Code    62  btod.o(CL$$btod_d2e)
    _d2e_denorm_low                          0x080013fd   Thumb Code    70  btod.o(CL$$btod_d2e_denorm_low)
    _d2e_norm_op1                            0x08001443   Thumb Code    96  btod.o(CL$$btod_d2e_norm_op1)
    __btod_div_common                        0x080014a3   Thumb Code   696  btod.o(CL$$btod_div_common)
    _e2e                                     0x080017db   Thumb Code   198  btod.o(CL$$btod_e2e)
    _btod_ediv                               0x080018a1   Thumb Code    40  btod.o(CL$$btod_ediv)
    _btod_emul                               0x080018c9   Thumb Code    40  btod.o(CL$$btod_emul)
    __btod_mult_common                       0x080018f1   Thumb Code   580  btod.o(CL$$btod_mult_common)
    Motor_1_Change_DCYC                      0x08001b35   Thumb Code   364  motor.o(i.Motor_1_Change_DCYC)
    Motor_2_Change_DCYC                      0x08001cb1   Thumb Code   364  motor.o(i.Motor_2_Change_DCYC)
    Motor_3_Change_DCYC                      0x08001e2d   Thumb Code   350  motor.o(i.Motor_3_Change_DCYC)
    Motor_4_Change_DCYC                      0x08001f9d   Thumb Code   364  motor.o(i.Motor_4_Change_DCYC)
    Motor_Calc_Speed                         0x08002119   Thumb Code   106  motor.o(i.Motor_Calc_Speed)
    Motor_ISR                                0x08002199   Thumb Code   294  motor.o(i.Motor_ISR)
    Motor_Update_PID                         0x080022d1   Thumb Code   310  motor.o(i.Motor_Update_PID)
    Motor_init                               0x0800241d   Thumb Code   132  motor.o(i.Motor_init)
    SystemInit                               0x080024a9   Thumb Code    82  system_stm32f4xx.o(i.SystemInit)
    TIM8_UP_TIM13_IRQHandler                 0x0800250d   Thumb Code    92  main.o(i.TIM8_UP_TIM13_IRQHandler)
    USART2_IRQHandler                        0x08002581   Thumb Code    20  main.o(i.USART2_IRQHandler)
    USART_IRQHandler                         0x080025a1   Thumb Code    48  uart.o(i.USART_IRQHandler)
    USART_Init                               0x080025d1   Thumb Code   112  uart.o(i.USART_Init)
    USART_Write                              0x08002649   Thumb Code    52  uart.o(i.USART_Write)
    __ARM_fpclassify                         0x0800267d   Thumb Code    48  fpclassify.o(i.__ARM_fpclassify)
    _is_digit                                0x080026ad   Thumb Code    14  __printf_wp.o(i._is_digit)
    adc_1_config                             0x080026bd   Thumb Code    76  adc_1.o(i.adc_1_config)
    adc_1_gpio_init                          0x08002711   Thumb Code    96  adc_1.o(i.adc_1_gpio_init)
    adc_2_config                             0x08002779   Thumb Code    98  adc_2.o(i.adc_2_config)
    adc_2_gpio_init                          0x080027e9   Thumb Code   120  adc_2.o(i.adc_2_gpio_init)
    decode                                   0x0800286d   Thumb Code    42  main.o(i.decode)
    display_speed_current                    0x080028a5   Thumb Code   106  uart.o(i.display_speed_current)
    main                                     0x08002955   Thumb Code   222  main.o(i.main)
    sysclk_Configure                         0x08002a61   Thumb Code    44  main.o(i.sysclk_Configure)
    tim_10_config                            0x08002a91   Thumb Code   166  tim_10.o(i.tim_10_config)
    tim_12_config                            0x08002b49   Thumb Code   178  tim_12.o(i.tim_12_config)
    tim_12_gpio_init                         0x08002c05   Thumb Code   256  tim_12.o(i.tim_12_gpio_init)
    tim_5_config                             0x08002d11   Thumb Code   252  tim_5.o(i.tim_5_config)
    tim_5_gpio_init                          0x08002e15   Thumb Code   430  tim_5.o(i.tim_5_gpio_init)
    tim_9_config                             0x08002fd1   Thumb Code   144  tim_9.o(i.tim_9_config)
    tim_9_gpio_init                          0x08003069   Thumb Code   216  tim_9.o(i.tim_9_gpio_init)
    uart_gpio_init                           0x08003149   Thumb Code    98  uart.o(i.uart_gpio_init)
    _get_lc_numeric                          0x080031b9   Thumb Code    44  lc_numeric_c.o(locale$$code)
    __dflt_normalise                         0x080031e5   Thumb Code    26  dflt_clz.o(x$fpl$dfltn)
    __fpl_dretinf                            0x080031ff   Thumb Code    12  dretinf.o(x$fpl$dretinf)
    __fpl_exception                          0x0800320d   Thumb Code   454  except.o(x$fpl$exception)
    __aeabi_f2d                              0x080033f9   Thumb Code     0  f2d.o(x$fpl$f2d)
    _f2d                                     0x080033f9   Thumb Code   122  f2d.o(x$fpl$f2d)
    __fpl_fnaninf                            0x08003473   Thumb Code   242  fnaninf.o(x$fpl$fnaninf)
    _fp_init                                 0x08003565   Thumb Code    10  fpinit.o(x$fpl$fpinit)
    __fplib_config_fpu_vfp                   0x0800356d   Thumb Code     0  fpinit.o(x$fpl$fpinit)
    __fplib_config_pureend_doubles           0x0800356d   Thumb Code     0  fpinit.o(x$fpl$fpinit)
    __funder                                 0x0800356f   Thumb Code   254  funder_clz.o(x$fpl$funder)
    __funder_d                               0x0800366d   Thumb Code    62  funder_clz.o(x$fpl$funder)
    __ieee_status                            0x080036ad   Thumb Code    28  istatus.o(x$fpl$ieeestatus)
    _printf_fp_dec                           0x080036cd   Thumb Code     4  printf1.o(x$fpl$printf1)
    __fpl_return_NaN                         0x080036d1   Thumb Code   178  retnan.o(x$fpl$retnan)
    _fp_trapveneer                           0x08003783   Thumb Code    36  trapv.o(x$fpl$trapveneer)
    __fpl_cmpreturn                          0x080037a7   Thumb Code    90  trapv.o(x$fpl$trapveneer)
    __I$use$fp                               0x08003800   Number         0  usenofp.o(x$fpl$usenofp)
    Region$$Table$$Base                      0x080038a8   Number         0  anon$$obj.o(Region$$Table)
    Region$$Table$$Limit                     0x080038c8   Number         0  anon$$obj.o(Region$$Table)
    USART2_Buffer_Tx                         0x20000000   Data          32  main.o(.data)
    Rx2_Counter                              0x20000020   Data           1  main.o(.data)
    oldencoder                               0x20000028   Data           8  main.o(.data)
    newencoder                               0x20000030   Data           8  main.o(.data)
    fcoef                                    0x20000038   Data         404  motor.o(.data)
    USART2_Buffer_Rx                         0x200001cc   Data          32  main.o(.bss)
    M1                                       0x200001ec   Data         660  main.o(.bss)
    M2                                       0x20000480   Data         660  main.o(.bss)
    M3                                       0x20000714   Data         660  main.o(.bss)
    M4                                       0x200009a8   Data         660  main.o(.bss)
    __libspace_start                         0x20000c3c   Data          96  libspace.o(.bss)
    __temporary_stack_top$libspace           0x20000c9c   Data           0  libspace.o(.bss)



==============================================================================

Memory Map of the image

  Image Entry point : 0x08000291

  Load Region LR_1 (Base: 0x08000000, Size: 0x00003ab0, Max: 0xffffffff, ABSOLUTE, COMPRESSED[0x00003a24])

    Execution Region ER_RO (Base: 0x08000000, Size: 0x000038e4, Max: 0xffffffff, ABSOLUTE)

    Base Addr    Size         Type   Attr      Idx    E Section Name        Object

    0x08000000   0x00000188   Data   RO          521    RESET               startup_stm32f407xx.o
    0x08000188   0x00000008   Code   RO          684  * !!!main             c_w.l(__main.o)
    0x08000190   0x00000034   Code   RO          926    !!!scatter          c_w.l(__scatter.o)
    0x080001c4   0x00000064   Code   RO          924    !!dclz77c           c_w.l(__dclz77c.o)
    0x08000228   0x0000001c   Code   RO          928    !!handler_zi        c_w.l(__scatter_zi.o)
    0x08000244   0x00000000   Code   RO          679    .ARM.Collect$$_printf_percent$$00000000  c_w.l(_printf_percent.o)
    0x08000244   0x00000006   Code   RO          678    .ARM.Collect$$_printf_percent$$00000003  c_w.l(_printf_f.o)
    0x0800024a   0x00000006   Code   RO          677    .ARM.Collect$$_printf_percent$$00000009  c_w.l(_printf_d.o)
    0x08000250   0x00000004   Code   RO          699    .ARM.Collect$$_printf_percent$$00000017  c_w.l(_printf_percent_end.o)
    0x08000254   0x00000002   Code   RO          787    .ARM.Collect$$libinit$$00000000  c_w.l(libinit.o)
    0x08000256   0x00000004   Code   RO          788    .ARM.Collect$$libinit$$00000001  c_w.l(libinit2.o)
    0x0800025a   0x00000000   Code   RO          791    .ARM.Collect$$libinit$$00000004  c_w.l(libinit2.o)
    0x0800025a   0x00000000   Code   RO          794    .ARM.Collect$$libinit$$0000000A  c_w.l(libinit2.o)
    0x0800025a   0x00000000   Code   RO          796    .ARM.Collect$$libinit$$0000000C  c_w.l(libinit2.o)
    0x0800025a   0x00000000   Code   RO          798    .ARM.Collect$$libinit$$0000000E  c_w.l(libinit2.o)
    0x0800025a   0x00000006   Code   RO          799    .ARM.Collect$$libinit$$0000000F  c_w.l(libinit2.o)
    0x08000260   0x00000000   Code   RO          801    .ARM.Collect$$libinit$$00000011  c_w.l(libinit2.o)
    0x08000260   0x00000000   Code   RO          803    .ARM.Collect$$libinit$$00000013  c_w.l(libinit2.o)
    0x08000260   0x00000000   Code   RO          805    .ARM.Collect$$libinit$$00000015  c_w.l(libinit2.o)
    0x08000260   0x0000000a   Code   RO          806    .ARM.Collect$$libinit$$00000016  c_w.l(libinit2.o)
    0x0800026a   0x00000000   Code   RO          807    .ARM.Collect$$libinit$$00000017  c_w.l(libinit2.o)
    0x0800026a   0x00000000   Code   RO          809    .ARM.Collect$$libinit$$00000019  c_w.l(libinit2.o)
    0x0800026a   0x00000000   Code   RO          811    .ARM.Collect$$libinit$$0000001B  c_w.l(libinit2.o)
    0x0800026a   0x00000000   Code   RO          813    .ARM.Collect$$libinit$$0000001D  c_w.l(libinit2.o)
    0x0800026a   0x00000000   Code   RO          815    .ARM.Collect$$libinit$$0000001F  c_w.l(libinit2.o)
    0x0800026a   0x00000000   Code   RO          817    .ARM.Collect$$libinit$$00000021  c_w.l(libinit2.o)
    0x0800026a   0x00000000   Code   RO          819    .ARM.Collect$$libinit$$00000023  c_w.l(libinit2.o)
    0x0800026a   0x00000000   Code   RO          821    .ARM.Collect$$libinit$$00000025  c_w.l(libinit2.o)
    0x0800026a   0x00000000   Code   RO          825    .ARM.Collect$$libinit$$0000002C  c_w.l(libinit2.o)
    0x0800026a   0x00000000   Code   RO          827    .ARM.Collect$$libinit$$0000002E  c_w.l(libinit2.o)
    0x0800026a   0x00000000   Code   RO          829    .ARM.Collect$$libinit$$00000030  c_w.l(libinit2.o)
    0x0800026a   0x00000000   Code   RO          831    .ARM.Collect$$libinit$$00000032  c_w.l(libinit2.o)
    0x0800026a   0x00000002   Code   RO          832    .ARM.Collect$$libinit$$00000033  c_w.l(libinit2.o)
    0x0800026c   0x00000002   Code   RO          878    .ARM.Collect$$libshutdown$$00000000  c_w.l(libshutdown.o)
    0x0800026e   0x00000000   Code   RO          889    .ARM.Collect$$libshutdown$$00000002  c_w.l(libshutdown2.o)
    0x0800026e   0x00000000   Code   RO          891    .ARM.Collect$$libshutdown$$00000004  c_w.l(libshutdown2.o)
    0x0800026e   0x00000000   Code   RO          894    .ARM.Collect$$libshutdown$$00000007  c_w.l(libshutdown2.o)
    0x0800026e   0x00000000   Code   RO          897    .ARM.Collect$$libshutdown$$0000000A  c_w.l(libshutdown2.o)
    0x0800026e   0x00000000   Code   RO          899    .ARM.Collect$$libshutdown$$0000000C  c_w.l(libshutdown2.o)
    0x0800026e   0x00000000   Code   RO          902    .ARM.Collect$$libshutdown$$0000000F  c_w.l(libshutdown2.o)
    0x0800026e   0x00000002   Code   RO          903    .ARM.Collect$$libshutdown$$00000010  c_w.l(libshutdown2.o)
    0x08000270   0x00000000   Code   RO          690    .ARM.Collect$$rtentry$$00000000  c_w.l(__rtentry.o)
    0x08000270   0x00000000   Code   RO          712    .ARM.Collect$$rtentry$$00000002  c_w.l(__rtentry2.o)
    0x08000270   0x00000006   Code   RO          724    .ARM.Collect$$rtentry$$00000004  c_w.l(__rtentry4.o)
    0x08000276   0x00000000   Code   RO          714    .ARM.Collect$$rtentry$$00000009  c_w.l(__rtentry2.o)
    0x08000276   0x00000004   Code   RO          715    .ARM.Collect$$rtentry$$0000000A  c_w.l(__rtentry2.o)
    0x0800027a   0x00000000   Code   RO          717    .ARM.Collect$$rtentry$$0000000C  c_w.l(__rtentry2.o)
    0x0800027a   0x00000008   Code   RO          718    .ARM.Collect$$rtentry$$0000000D  c_w.l(__rtentry2.o)
    0x08000282   0x00000002   Code   RO          837    .ARM.Collect$$rtexit$$00000000  c_w.l(rtexit.o)
    0x08000284   0x00000000   Code   RO          846    .ARM.Collect$$rtexit$$00000002  c_w.l(rtexit2.o)
    0x08000284   0x00000004   Code   RO          847    .ARM.Collect$$rtexit$$00000003  c_w.l(rtexit2.o)
    0x08000288   0x00000006   Code   RO          848    .ARM.Collect$$rtexit$$00000004  c_w.l(rtexit2.o)
    0x0800028e   0x00000002   PAD
    0x08000290   0x00000040   Code   RO          522  * .text               startup_stm32f407xx.o
    0x080002d0   0x00000532   Code   RO          575    .text               arm_cortexM4lf_math.lib(arm_fir_f32.o)
    0x08000802   0x0000001c   Code   RO          624    .text               arm_cortexM4lf_math.lib(arm_fir_init_f32.o)
    0x0800081e   0x00000002   PAD
    0x08000820   0x00000028   Code   RO          649    .text               c_w.l(noretval__2sprintf.o)
    0x08000848   0x0000004e   Code   RO          653    .text               c_w.l(_printf_pad.o)
    0x08000896   0x00000002   PAD
    0x08000898   0x00000078   Code   RO          655    .text               c_w.l(_printf_dec.o)
    0x08000910   0x00000138   Code   RO          669    .text               c_w.l(__printf_flags_wp.o)
    0x08000a48   0x0000004e   Code   RO          680    .text               c_w.l(rt_memclr_w.o)
    0x08000a96   0x00000006   Code   RO          682    .text               c_w.l(heapauxi.o)
    0x08000a9c   0x000000b2   Code   RO          691    .text               c_w.l(_printf_intcommon.o)
    0x08000b4e   0x0000041a   Code   RO          693    .text               c_w.l(_printf_fp_dec.o)
    0x08000f68   0x00000030   Code   RO          695    .text               c_w.l(_printf_char_common.o)
    0x08000f98   0x0000000a   Code   RO          697    .text               c_w.l(_sputc.o)
    0x08000fa2   0x00000002   PAD
    0x08000fa4   0x00000008   Code   RO          729    .text               c_w.l(rt_locale_intlibspace.o)
    0x08000fac   0x0000008a   Code   RO          731    .text               c_w.l(lludiv10.o)
    0x08001036   0x00000002   PAD
    0x08001038   0x00000080   Code   RO          733    .text               c_w.l(_printf_fp_infnan.o)
    0x080010b8   0x000000dc   Code   RO          737    .text               c_w.l(bigflt0.o)
    0x08001194   0x00000008   Code   RO          773    .text               c_w.l(libspace.o)
    0x0800119c   0x0000004a   Code   RO          776    .text               c_w.l(sys_stackheap_outer.o)
    0x080011e6   0x00000012   Code   RO          778    .text               c_w.l(exit.o)
    0x080011f8   0x00000080   Code   RO          780    .text               c_w.l(strcmpv7m.o)
    0x08001278   0x00000030   Code   RO          839    .text               c_w.l(_fptrap.o)
    0x080012a8   0x0000000e   Code   RO          852    .text               c_w.l(defsig_fpe_outer.o)
    0x080012b6   0x00000002   PAD
    0x080012b8   0x0000000c   Code   RO          862    .text               c_w.l(sys_exit.o)
    0x080012c4   0x0000000a   Code   RO          868    .text               c_w.l(defsig_exit.o)
    0x080012ce   0x00000002   PAD
    0x080012d0   0x000000ac   Code   RO          870    .text               c_w.l(defsig_fpe_inner.o)
    0x0800137c   0x00000002   Code   RO          879    .text               c_w.l(use_no_semi.o)
    0x0800137e   0x00000000   Code   RO          881    .text               c_w.l(indicate_semi.o)
    0x0800137e   0x00000032   Code   RO          884    .text               c_w.l(defsig_general.o)
    0x080013b0   0x0000000e   Code   RO          904    .text               c_w.l(sys_wrch.o)
    0x080013be   0x0000003e   Code   RO          740    CL$$btod_d2e        c_w.l(btod.o)
    0x080013fc   0x00000046   Code   RO          742    CL$$btod_d2e_denorm_low  c_w.l(btod.o)
    0x08001442   0x00000060   Code   RO          741    CL$$btod_d2e_norm_op1  c_w.l(btod.o)
    0x080014a2   0x00000338   Code   RO          750    CL$$btod_div_common  c_w.l(btod.o)
    0x080017da   0x000000c6   Code   RO          747    CL$$btod_e2e        c_w.l(btod.o)
    0x080018a0   0x00000028   Code   RO          744    CL$$btod_ediv       c_w.l(btod.o)
    0x080018c8   0x00000028   Code   RO          743    CL$$btod_emul       c_w.l(btod.o)
    0x080018f0   0x00000244   Code   RO          749    CL$$btod_mult_common  c_w.l(btod.o)
    0x08001b34   0x0000017c   Code   RO          396    i.Motor_1_Change_DCYC  motor.o
    0x08001cb0   0x0000017c   Code   RO          397    i.Motor_2_Change_DCYC  motor.o
    0x08001e2c   0x00000170   Code   RO          398    i.Motor_3_Change_DCYC  motor.o
    0x08001f9c   0x0000017c   Code   RO          399    i.Motor_4_Change_DCYC  motor.o
    0x08002118   0x00000080   Code   RO          400    i.Motor_Calc_Speed  motor.o
    0x08002198   0x00000138   Code   RO          401    i.Motor_ISR         motor.o
    0x080022d0   0x0000014c   Code   RO          402    i.Motor_Update_PID  motor.o
    0x0800241c   0x0000008c   Code   RO          403    i.Motor_init        motor.o
    0x080024a8   0x00000064   Code   RO          530    i.SystemInit        system_stm32f4xx.o
    0x0800250c   0x00000074   Code   RO            4    i.TIM8_UP_TIM13_IRQHandler  main.o
    0x08002580   0x00000020   Code   RO            5    i.USART2_IRQHandler  main.o
    0x080025a0   0x00000030   Code   RO          465    i.USART_IRQHandler  uart.o
    0x080025d0   0x00000078   Code   RO          466    i.USART_Init        uart.o
    0x08002648   0x00000034   Code   RO          467    i.USART_Write       uart.o
    0x0800267c   0x00000030   Code   RO          771    i.__ARM_fpclassify  m_wm.l(fpclassify.o)
    0x080026ac   0x0000000e   Code   RO          667    i._is_digit         c_w.l(__printf_wp.o)
    0x080026ba   0x00000002   PAD
    0x080026bc   0x00000054   Code   RO          303    i.adc_1_config      adc_1.o
    0x08002710   0x00000068   Code   RO          304    i.adc_1_gpio_init   adc_1.o
    0x08002778   0x00000070   Code   RO          333    i.adc_2_config      adc_2.o
    0x080027e8   0x00000084   Code   RO          334    i.adc_2_gpio_init   adc_2.o
    0x0800286c   0x00000038   Code   RO            7    i.decode            main.o
    0x080028a4   0x000000b0   Code   RO          468    i.display_speed_current  uart.o
    0x08002954   0x0000010c   Code   RO            8    i.main              main.o
    0x08002a60   0x00000030   Code   RO            9    i.sysclk_Configure  main.o
    0x08002a90   0x000000b8   Code   RO          218    i.tim_10_config     tim_10.o
    0x08002b48   0x000000bc   Code   RO          188    i.tim_12_config     tim_12.o
    0x08002c04   0x0000010c   Code   RO          189    i.tim_12_gpio_init  tim_12.o
    0x08002d10   0x00000104   Code   RO          128    i.tim_5_config      tim_5.o
    0x08002e14   0x000001bc   Code   RO          129    i.tim_5_gpio_init   tim_5.o
    0x08002fd0   0x00000098   Code   RO          158    i.tim_9_config      tim_9.o
    0x08003068   0x000000e0   Code   RO          159    i.tim_9_gpio_init   tim_9.o
    0x08003148   0x00000070   Code   RO          469    i.uart_gpio_init    uart.o
    0x080031b8   0x0000002c   Code   RO          763    locale$$code        c_w.l(lc_numeric_c.o)
    0x080031e4   0x0000001a   Code   RO          702    x$fpl$dfltn         g_wm.l(dflt_clz.o)
    0x080031fe   0x0000000c   Code   RO          706    x$fpl$dretinf       g_wm.l(dretinf.o)
    0x0800320a   0x00000002   PAD
    0x0800320c   0x000001ec   Code   RO          765    x$fpl$exception     g_wm.l(except.o)
    0x080033f8   0x0000007a   Code   RO          686    x$fpl$f2d           g_wm.l(f2d.o)
    0x08003472   0x000000f2   Code   RO          708    x$fpl$fnaninf       g_wm.l(fnaninf.o)
    0x08003564   0x0000000a   Code   RO          843    x$fpl$fpinit        g_wm.l(fpinit.o)
    0x0800356e   0x0000013c   Code   RO          767    x$fpl$funder        g_wm.l(funder_clz.o)
    0x080036aa   0x00000002   PAD
    0x080036ac   0x00000020   Code   RO          769    x$fpl$ieeestatus    g_wm.l(istatus.o)
    0x080036cc   0x00000004   Code   RO          688    x$fpl$printf1       g_wm.l(printf1.o)
    0x080036d0   0x000000b2   Code   RO          833    x$fpl$retnan        g_wm.l(retnan.o)
    0x08003782   0x0000007e   Code   RO          835    x$fpl$trapveneer    g_wm.l(trapv.o)
    0x08003800   0x00000000   Code   RO          710    x$fpl$usenofp       g_wm.l(usenofp.o)
    0x08003800   0x00000011   Data   RO          670    .constdata          c_w.l(__printf_flags_wp.o)
    0x08003811   0x00000003   PAD
    0x08003814   0x00000094   Data   RO          738    .constdata          c_w.l(bigflt0.o)
    0x080038a8   0x00000020   Data   RO          922    Region$$Table       anon$$obj.o
    0x080038c8   0x0000001c   Data   RO          762    locale$$data        c_w.l(lc_numeric_c.o)


    Execution Region ER_RW (Base: 0x20000000, Size: 0x000001cc, Max: 0xffffffff, ABSOLUTE, COMPRESSED[0x00000140])

    Base Addr    Size         Type   Attr      Idx    E Section Name        Object

    0x20000000   0x00000038   Data   RW           11    .data               main.o
    0x20000038   0x00000194   Data   RW          404    .data               motor.o


    Execution Region ER_ZI (Base: 0x200001cc, Size: 0x000010d4, Max: 0xffffffff, ABSOLUTE)

    Base Addr    Size         Type   Attr      Idx    E Section Name        Object

    0x200001cc   0x00000a70   Zero   RW           10    .bss                main.o
    0x20000c3c   0x00000060   Zero   RW          774    .bss                c_w.l(libspace.o)
    0x20000c9c   0x00000004   PAD
    0x20000ca0   0x00000200   Zero   RW          520    HEAP                startup_stm32f407xx.o
    0x20000ea0   0x00000400   Zero   RW          519    STACK               startup_stm32f407xx.o


==============================================================================

Image component sizes


      Code (inc. data)   RO Data    RW Data    ZI Data      Debug   Object Name

       188         16          0          0          0        925   adc_1.o
       244         26          0          0          0        929   adc_2.o
       520        100          0         56       2672     262224   main.o
      2420        136          0        404          0       7675   motor.o
        64         26        392          0       1536        876   startup_stm32f407xx.o
       100         18          0          0          0        537   system_stm32f4xx.o
       184         18          0          0          0      26879   tim_10.o
       456         22          0          0          0       1027   tim_12.o
       704         22          0          0          0       1133   tim_5.o
       376         16          0          0          0       1013   tim_9.o
       508         92          0          0          0       4191   uart.o

    ----------------------------------------------------------------------
      5764        492        424        460       4208     307409   Object Totals
         0          0         32          0          0          0   (incl. Generated)
         0          0          0          0          0          0   (incl. Padding)

    ----------------------------------------------------------------------

      Code (inc. data)   RO Data    RW Data    ZI Data      Debug   Library Member Name

      1330          6          0          0          0      19258   arm_fir_f32.o
        28          0          0          0          0        919   arm_fir_init_f32.o
       100          0          0          0          0          0   __dclz77c.o
         8          0          0          0          0         68   __main.o
       312          4         17          0          0         92   __printf_flags_wp.o
        14          0          0          0          0         68   __printf_wp.o
         0          0          0          0          0          0   __rtentry.o
        12          0          0          0          0          0   __rtentry2.o
         6          0          0          0          0          0   __rtentry4.o
        52          8          0          0          0          0   __scatter.o
        28          0          0          0          0          0   __scatter_zi.o
        48          4          0          0          0         84   _fptrap.o
        48          6          0          0          0         96   _printf_char_common.o
         6          0          0          0          0          0   _printf_d.o
       120         16          0          0          0         92   _printf_dec.o
         6          0          0          0          0          0   _printf_f.o
      1050          0          0          0          0        216   _printf_fp_dec.o
       128         16          0          0          0         84   _printf_fp_infnan.o
       178          0          0          0          0         88   _printf_intcommon.o
        78          0          0          0          0        108   _printf_pad.o
         0          0          0          0          0          0   _printf_percent.o
         4          0          0          0          0          0   _printf_percent_end.o
        10          0          0          0          0         68   _sputc.o
       220          4        148          0          0         96   bigflt0.o
      1910        128          0          0          0        672   btod.o
        10          0          0          0          0         68   defsig_exit.o
       172        110          0          0          0         76   defsig_fpe_inner.o
        14          0          0          0          0         80   defsig_fpe_outer.o
        50          0          0          0          0         88   defsig_general.o
        18          0          0          0          0         80   exit.o
         6          0          0          0          0        152   heapauxi.o
         0          0          0          0          0          0   indicate_semi.o
        44         10         28          0          0         76   lc_numeric_c.o
         2          0          0          0          0          0   libinit.o
        22          0          0          0          0          0   libinit2.o
         2          0          0          0          0          0   libshutdown.o
         2          0          0          0          0          0   libshutdown2.o
         8          4          0          0         96         68   libspace.o
       138          0          0          0          0         80   lludiv10.o
        40          6          0          0          0         84   noretval__2sprintf.o
         8          4          0          0          0         68   rt_locale_intlibspace.o
        78          0          0          0          0         80   rt_memclr_w.o
         2          0          0          0          0          0   rtexit.o
        10          0          0          0          0          0   rtexit2.o
       128          0          0          0          0         68   strcmpv7m.o
        12          4          0          0          0         68   sys_exit.o
        74          0          0          0          0         80   sys_stackheap_outer.o
        14          0          0          0          0         76   sys_wrch.o
         2          0          0          0          0         68   use_no_semi.o
        26          0          0          0          0        116   dflt_clz.o
        12          0          0          0          0        116   dretinf.o
       492         36          0          0          0        148   except.o
       122          8          0          0          0        132   f2d.o
       242          4          0          0          0        144   fnaninf.o
        10          0          0          0          0        116   fpinit.o
       316          0          0          0          0        132   funder_clz.o
        32          4          0          0          0        116   istatus.o
         4          0          0          0          0        116   printf1.o
       178          0          0          0          0        116   retnan.o
       126          0          0          0          0        148   trapv.o
         0          0          0          0          0          0   usenofp.o
        48          0          0          0          0        124   fpclassify.o

    ----------------------------------------------------------------------
      8180        382        196          0        100      24893   Library Totals
        20          0          3          0          4          0   (incl. Padding)

    ----------------------------------------------------------------------

      Code (inc. data)   RO Data    RW Data    ZI Data      Debug   Library Name

      1358          6          0          0          0      20177   arm_cortexM4lf_math.lib
      5194        324        193          0         96       3192   c_w.l
      1560         52          0          0          0       1400   g_wm.l
        48          0          0          0          0        124   m_wm.l

    ----------------------------------------------------------------------
      8180        382        196          0        100      24893   Library Totals

    ----------------------------------------------------------------------

==============================================================================


      Code (inc. data)   RO Data    RW Data    ZI Data      Debug   

     13944        874        620        460       4308     326834   Grand Totals
     13944        874        620        320       4308     326834   ELF Image Totals (compressed)
     13944        874        620        320          0          0   ROM Totals

==============================================================================

    Total RO  Size (Code + RO Data)                14564 (  14.22kB)
    Total RW  Size (RW Data + ZI Data)              4768 (   4.66kB)
    Total ROM Size (Code + RO Data + RW Data)      14884 (  14.54kB)

==============================================================================

