<html>
<body>
<pre>
<h1>µVision Build Log</h1>
<h2>Tool Versions:</h2>
IDE-Version: µVision V5.16a
Copyright (C) 2015 ARM Ltd and ARM Germany GmbH. All rights reserved.
License Information: Jeff Cable, Student, LIC=----
 
Tool Versions:
Toolchain:       MDK-Lite  Version: 5.16a
Toolchain Path:  C:\Keil_v5\ARM\ARMCC\Bin
C Compiler:      Armcc.exe V5.06 (build 20)
Assembler:       Armasm.exe V5.06 (build 20)
Linker/Locator:  ArmLink.exe V5.06 (build 20)
Library Manager: ArmAr.exe V5.06 (build 20)
Hex Converter:   FromElf.exe V5.06 (build 20)
CPU DLL:         SARMCM3.DLL V5.16a
Dialog DLL:      DCM.DLL V1.13.2.0
Target DLL:      STLink\ST-LINKIII-KEIL_SWO.dll V2.0.17.0
Dialog DLL:      TCM.DLL V1.14.5.0
 
<h2>Project:</h2>
C:\Users\Jeffrey Cable\Documents\GitHub\Senior_Project\Main_Board\main_board.uvprojx
Project File Date:  11/18/2015

<h2>Output:</h2>
*** Using Compiler 'V5.06 (build 20)', folder: 'C:\Keil_v5\ARM\ARMCC\Bin'
Rebuild target 'Target 1'
compiling tim_10.c...
tim_10.c(29): warning:  #1-D: last line of file ends without a newline
  }
tim_10.c: 1 warning, 0 errors
compiling tim_13.c...
tim_13.c(14): warning:  #68-D: integer conversion resulted in a change of sign
  	
IM13->ARR |= 0-320;
tim_13.c(29): warning:  #1-D: last line of file ends without a newline
  }
tim_13.c: 2 warnings, 0 errors
compiling tim_1.c...
tim_1.h(9): warning:  #1-D: last line of file ends without a newline
  #endif // TIM_1_H_
tim_1.c: 1 warning, 0 errors
compiling tim_12.c...
tim_12.c(34): warning:  #61-D: integer operation result is out of range
  	
PIOB->MODER &= ~(3 << 15*2);
tim_12.c(35): warning:  #61-D: integer operation result is out of range
  	
PIOB->MODER |= (2 << 15*2);
tim_12.c(35): warning:  #68-D: integer conversion resulted in a change of sign
  	
PIOB->MODER |= (2 << 15*2);
tim_12.c(44): warning:  #61-D: integer operation result is out of range
  	
PIOB->AFR[1] &= ~(0xF << (15-8)*4);
tim_12.c(45): warning:  #61-D: integer operation result is out of range
  	
PIOB->AFR[1] |= (9 << (15-8)*4);
tim_12.c(45): warning:  #68-D: integer conversion resulted in a change of sign
  	
PIOB->AFR[1] |= (9 << (15-8)*4);
tim_12.c(53): warning:  #61-D: integer operation result is out of range
  	
PIOB->PUPDR &= ~(3 << 15*2);
tim_12.c: 7 warnings, 0 errors
compiling tim_5.c...
compiling tim_9.c...
compiling main.c...
Motor.h(83): warning:  #1-D: last line of file ends without a newline
  #endif // MOTOR_H
adc_gpio.h(8): warning:  #1-D: last line of file ends without a newline
  #endif // ADC_GPIO_H
tim_1.h(9): warning:  #1-D: last line of file ends without a newline
  #endif // TIM_1_H_
tim_2.h(9): warning:  #1-D: last line of file ends without a newline
  #endif // TIM_2_H_
tim_3.h(9): warning:  #1-D: last line of file ends without a newline
  #endif // TIM_3_H_
tim_4.h(9): warning:  #1-D: last line of file ends without a newline
  #endif // TIM_4_H_
uart.h(21): warning:  #1-D: last line of file ends without a newline
  #endif // UART_H_
main.c(22): warning:  #47-D: incompatible redefinition of macro "BufferSize" (declared at line 9 of "uart.h")
  #define BufferSize 4
main.c(39): warning:  #177-D: variable "transmit" was declared but never referenced
  	int transmit;
main.c(155): warning:  #167-D: argument of type "char *" is incompatible with parameter of type "uint8_t *"
  		USART_Write(
SART2, print, 10);		
main.c(149): warning:  #177-D: variable "av_speed" was declared but never referenced
  	float av_speed, av_error = 0;
main.c(149): warning:  #177-D: variable "av_error" was declared but never referenced
  	float av_speed, av_error = 0;
main.c(190): warning:  #167-D: argument of type "uint8_t *" is incompatible with parameter of type "const char *restrict"
  		strncpy(instruction, buffer, 4);
main.c(278): warning:  #1-D: last line of file ends without a newline
  }
main.c: 14 warnings, 0 errors
compiling adc_1.c...
compiling tim_4.c...
tim_4.h(9): warning:  #1-D: last line of file ends without a newline
  #endif // TIM_4_H_
tim_4.c: 1 warning, 0 errors
compiling adc_3.c...
compiling tim_2.c...
tim_2.h(9): warning:  #1-D: last line of file ends without a newline
  #endif // TIM_2_H_
tim_2.c: 1 warning, 0 errors
compiling adc_2.c...
compiling tim_3.c...
tim_3.h(9): warning:  #1-D: last line of file ends without a newline
  #endif // TIM_3_H_
tim_3.c: 1 warning, 0 errors
compiling adc_gpio.c...
adc_gpio.h(8): warning:  #1-D: last line of file ends without a newline
  #endif // ADC_GPIO_H
adc_gpio.c: 1 warning, 0 errors
assembling startup_stm32f407xx.s...
compiling system_stm32f4xx.c...
compiling Motor.c...
Motor.h(83): warning:  #1-D: last line of file ends without a newline
  #endif // MOTOR_H
Motor.c(76): warning:  #550-D: variable "derivative" was set but never used
  	float derivative;
Motor.c(466): warning:  #177-D: variable "d_cyc" was declared but never referenced
  	float d_cyc;
Motor.c: 3 warnings, 0 errors
compiling uart.c...
motor.h(83): warning:  #1-D: last line of file ends without a newline
  #endif // MOTOR_H
uart.h(21): warning:  #1-D: last line of file ends without a newline
  #endif // UART_H_
uart.c(101): warning:  #223-D: function "sprintf" declared implicitly
  	sprintf(print, "M%1d BEMF = % 3.3frpm   ENC = % 3.3frpm   TARG = % 3.3frpm   ERR = % 3.3f\n\r", M->wheel, M->BEMF_Speed, M->Encoder_Speed, M->Current, M->Error);
uart.c(103): warning:  #167-D: argument of type "char *" is incompatible with parameter of type "uint8_t *"
  	USART_Write(
SART2, print, 78);
uart.c: 4 warnings, 0 errors
linking...
Program Size: Code=20924 RO-data=696 RW-data=2008 ZI-data=10720  
".\Objects\main_board.axf" - 0 Error(s), 36 Warning(s).

<h2>Software Packages used:</h2>

Package Vendor: ARM
                http://www.keil.com/pack/ARM.CMSIS.4.3.0.pack
                ARM::CMSIS:CORE:4.1.0
                CMSIS (Cortex Microcontroller Software Interface Standard)
   * Component: CORE Version: 4.1.0
   * Component: DSP Version: 1.4.5

Package Vendor: Keil
                http://www.keil.com/pack/Keil.STM32F4xx_DFP.2.5.0.pack
                Keil::Device:Startup:2.3.1
                STMicroelectronics STM32F4 Series Device Support, Drivers and Examples
   * Component: Startup Version: 2.3.1

<h2>Collection of Component include folders:</h2>
  C:\Users\Jeffrey Cable\Documents\GitHub\Senior_Project\Main_Board\RTE
  C:\Keil_v5\ARM\PACK\ARM\CMSIS\4.3.0\CMSIS\Include
  C:\Keil_v5\ARM\PACK\Keil\STM32F4xx_DFP\2.5.0\Drivers\CMSIS\Device\ST\STM32F4xx\Include

<h2>Collection of Component Files used:</h2>

   * Component: ARM::CMSIS:CORE:4.1.0

   * Component: ARM::CMSIS:DSP:1.4.5
      Include file:  CMSIS\Include\arm_math.h
      Library file:  CMSIS\Lib\ARM\arm_cortexM4lf_math.lib

   * Component: Keil::Device:Startup:2.3.1
      Source file:   MDK\Device\Source\ARM\STM32F40xxx_41xxx_OPT.s
      Source file:   MDK\Device\Source\ARM\STM32F4xx_OTP.s
      Include file:  Drivers\CMSIS\Device\ST\STM32F4xx\Include\stm32f4xx.h
      Source file:   Drivers\CMSIS\Device\ST\STM32F4xx\Source\Templates\arm\startup_stm32f407xx.s
      Source file:   MDK\Device\Source\ARM\system_stm32f4xx.c
Build Time Elapsed:  00:00:03
</pre>
</body>
</html>
