<html>
<body>
<pre>
<h1>µVision Build Log</h1>
<h2>Tool Versions:</h2>
IDE-Version: µVision V5.16a
Copyright (C) 2015 ARM Ltd and ARM Germany GmbH. All rights reserved.
License Information: Jeff Cable, Student, LIC=----
 
Tool Versions:
Toolchain:       MDK-Lite  Version: 5.16a
Toolchain Path:  C:\Keil_v5\ARM\ARMCC\Bin
C Compiler:      Armcc.exe V5.06 (build 20)
Assembler:       Armasm.exe V5.06 (build 20)
Linker/Locator:  ArmLink.exe V5.06 (build 20)
Library Manager: ArmAr.exe V5.06 (build 20)
Hex Converter:   FromElf.exe V5.06 (build 20)
CPU DLL:         SARMCM3.DLL V5.16a
Dialog DLL:      DCM.DLL V1.13.2.0
Target DLL:      STLink\ST-LINKIII-KEIL_SWO.dll V2.0.17.0
Dialog DLL:      TCM.DLL V1.14.5.0
 
<h2>Project:</h2>
C:\Users\Jeffrey Cable\Documents\GitHub\Senior_Project\ultrasonic\ultrasonic.uvprojx
Project File Date:  11/15/2015

<h2>Output:</h2>
*** Using Compiler 'V5.06 (build 20)', folder: 'C:\Keil_v5\ARM\ARMCC\Bin'
Rebuild target 'Target 1'
assembling startup_stm32l1xx_mdp.s...
compiling uart.c...
uart.h(19): warning:  #1-D: last line of file ends without a newline
  #endif // UART_H_
uart.c: 1 warning, 0 errors
compiling system_stm32l1xx.c...
compiling main.c...
uart.h(19): warning:  #1-D: last line of file ends without a newline
  #endif // UART_H_
main.c(72): warning:  #223-D: function "sprintf" declared implicitly
  		sprintf(print, "Distance is % 3.3fin\r\n", distance);
main.c(74): warning:  #167-D: argument of type "char *" is incompatible with parameter of type "uint8_t *"
  		USART_Write(
SART1, print, 23);
main.c(22): warning:  #177-D: variable "value" was declared but never referenced
  	int value = 0;
main.c(26): warning:  #177-D: variable "speed" was declared but never referenced
  	float speed = 0;
main.c: 5 warnings, 0 errors
linking...
Program Size: Code=6092 RO-data=504 RW-data=0 ZI-data=1632  
".\Objects\ultrasonic.axf" - 0 Error(s), 6 Warning(s).

<h2>Software Packages used:</h2>

Package Vendor: ARM
                http://www.keil.com/pack/ARM.CMSIS.4.3.0.pack
                ARM::CMSIS:CORE:4.1.0
                CMSIS (Cortex Microcontroller Software Interface Standard)
   * Component: CORE Version: 4.1.0

Package Vendor: Keil
                http://www.keil.com/pack/Keil.STM32L1xx_DFP.1.0.2.pack
                Keil::Device:Startup:1.0.0
                STMicroelectronics STM32L1 Series Device Support and Examples
   * Component: Startup Version: 1.0.0

<h2>Collection of Component include folders:</h2>
  C:\Users\Jeffrey Cable\Documents\GitHub\Senior_Project\ultrasonic\RTE
  C:\Keil_v5\ARM\PACK\ARM\CMSIS\4.3.0\CMSIS\Include
  C:\Keil_v5\ARM\PACK\Keil\STM32L1xx_DFP\1.0.2\Device\Include

<h2>Collection of Component Files used:</h2>

   * Component: ARM::CMSIS:CORE:4.1.0

   * Component: Keil::Device:Startup:1.0.0
      Source file:   Device\Source\ARM\STM32L1xx_MD+_OPT.s
      Include file:  Device\Include\stm32l1xx.h
      Source file:   Device\Source\ARM\startup_stm32l1xx_mdp.s
      Source file:   Device\Source\system_stm32l1xx.c
Build Time Elapsed:  00:00:01
</pre>
</body>
</html>
